Voice Input Runtime Reliability Delivery aggregate-renewal stage-gate check
timestamp_utc=2026-08-08T18:28:13Z
head=502848c5906b2ba033a737f06ee6a5930495b85f
origin_main=fd83e8681dfd4e98afdfa46cb691d31400565d70
merge_base=fd83e8681dfd4e98afdfa46cb691d31400565d70
left_right=0	13

== release-pipeline focused gate ==

> @autobyteus/voice-input-runtime@1.0.0 check:release-pipeline
> node tooling/check-release-pipeline.mjs && node --test tests/release/qualified-archive-recovery.test.mjs tests/release/qualified-release-candidate.test.mjs tests/release/relevant-source-closure.test.mjs tests/release/release-workflow-boundary.test.mjs

TAP version 13
# Subtest: Recovery Evidence Manifest closes exactly eight earlier raw members
ok 1 - Recovery Evidence Manifest closes exactly eight earlier raw members
  ---
  duration_ms: 14.917417
  type: 'test'
  ...
# Subtest: Recovery manifest rejects reverse, self, archive, candidate, and API edges
ok 2 - Recovery manifest rejects reverse, self, archive, candidate, and API edges
  ---
  duration_ms: 0.380125
  type: 'test'
  ...
# Subtest: Recovery Result schema forbids qualification and release claims
ok 3 - Recovery Result schema forbids qualification and release claims
  ---
  duration_ms: 87.425792
  type: 'test'
  ...
# Subtest: Recovery controller owns one build/profile and no runtime qualification command
ok 4 - Recovery controller owns one build/profile and no runtime qualification command
  ---
  duration_ms: 1.192333
  type: 'test'
  ...
# Subtest: blocked and sequential failures retain truthful profile/count variants
ok 5 - blocked and sequential failures retain truthful profile/count variants
  ---
  duration_ms: 33.953625
  type: 'test'
  ...
# Subtest: non-reuse preliminary admission finalizes blocked evidence before build
ok 6 - non-reuse preliminary admission finalizes blocked evidence before build
  ---
  duration_ms: 40.688292
  type: 'test'
  ...
# Subtest: raw recovery verifier cross-binds runner, profiles, and archive bytes
ok 7 - raw recovery verifier cross-binds runner, profiles, and archive bytes
  ---
  duration_ms: 3.260334
  type: 'test'
  ...
# Subtest: candidate assembler closes exactly 19 members and independently rehashes them
ok 8 - candidate assembler closes exactly 19 members and independently rehashes them
  ---
  duration_ms: 409.230125
  type: 'test'
  ...
# Subtest: candidate verifier rejects raw, manifest, Result, archive, and member drift
    # Subtest: raw byte drift
    ok 1 - raw byte drift
      ---
      duration_ms: 316.545583
      type: 'test'
      ...
    # Subtest: extra recovery member
    ok 2 - extra recovery member
      ---
      duration_ms: 180.833167
      type: 'test'
      ...
    # Subtest: archive byte drift
    ok 3 - archive byte drift
      ---
      duration_ms: 233.517125
      type: 'test'
      ...
    1..3
ok 9 - candidate verifier rejects raw, manifest, Result, archive, and member drift
  ---
  duration_ms: 731.460542
  type: 'test'
  ...
# Subtest: candidate rejects recovery workflow/Result and same-source disagreement
ok 10 - candidate rejects recovery workflow/Result and same-source disagreement
  ---
  duration_ms: 150.159625
  type: 'test'
  ...
# Subtest: candidate rejects a schema-valid partial non-Pass recovery
ok 11 - candidate rejects a schema-valid partial non-Pass recovery
  ---
  duration_ms: 27.856
  type: 'test'
  ...
# Subtest: candidate rejects weak admission, aggregate authority, and raw projection bindings
    # Subtest: preliminary admission object digest
    ok 1 - preliminary admission object digest
      ---
      duration_ms: 234.984041
      type: 'test'
      ...
    # Subtest: aggregate authority bytes
    ok 2 - aggregate authority bytes
      ---
      duration_ms: 228.838708
      type: 'test'
      ...
    # Subtest: raw profile projection
    ok 3 - raw profile projection
      ---
      duration_ms: 190.3495
      type: 'test'
      ...
    1..3
ok 12 - candidate rejects weak admission, aggregate authority, and raw projection bindings
  ---
  duration_ms: 655.338
  type: 'test'
  ...
# Subtest: candidate admission recomputation rejects a changed-path omission
ok 13 - candidate admission recomputation rejects a changed-path omission
  ---
  duration_ms: 12.313375
  type: 'test'
  ...
# Subtest: aggregate authority binds every Git, API, profile, and aggregate subject
    # Subtest: record commit versus admission
    ok 1 - record commit versus admission
      ---
      duration_ms: 95.629875
      type: 'test'
      ...
    # Subtest: promotion commit versus reviewed controller
    ok 2 - promotion commit versus reviewed controller
      ---
      duration_ms: 67.654959
      type: 'test'
      ...
    # Subtest: reviewed source commit
    ok 3 - reviewed source commit
      ---
      duration_ms: 67.557375
      type: 'test'
      ...
    # Subtest: reviewed test commit
    ok 4 - reviewed test commit
      ---
      duration_ms: 69.751667
      type: 'test'
      ...
    # Subtest: API revision versus coverage report
    ok 5 - API revision versus coverage report
      ---
      duration_ms: 66.571166
      type: 'test'
      ...
    # Subtest: coverage report Git blob
    ok 6 - coverage report Git blob
      ---
      duration_ms: 66.80625
      type: 'test'
      ...
    # Subtest: coverage report content
    ok 7 - coverage report content
      ---
      duration_ms: 88.9645
      type: 'test'
      ...
    # Subtest: retained archive
    ok 8 - retained archive
      ---
      duration_ms: 68.903875
      type: 'test'
      ...
    # Subtest: retained profile evidence
    ok 9 - retained profile evidence
      ---
      duration_ms: 67.497042
      type: 'test'
      ...
    # Subtest: current Qualification Set
    ok 10 - current Qualification Set
      ---
      duration_ms: 66.329
      type: 'test'
      ...
    # Subtest: prior Branch Projection
    ok 11 - prior Branch Projection
      ---
      duration_ms: 83.148417
      type: 'test'
      ...
    # Subtest: Projection Verification comparison flag
    ok 12 - Projection Verification comparison flag
      ---
      duration_ms: 81.24825
      type: 'test'
      ...
    1..12
ok 14 - aggregate authority binds every Git, API, profile, and aggregate subject
  ---
  duration_ms: 891.477791
  type: 'test'
  ...
# Subtest: aggregate authority resolves the committed record, report, profile evidence, and commit chain from Git
ok 15 - aggregate authority resolves the committed record, report, profile evidence, and commit chain from Git
  ---
  duration_ms: 675.140875
  type: 'test'
  ...
# Subtest: aggregate authority rejects historical report subjects selected as current
ok 16 - aggregate authority rejects historical report subjects selected as current
  ---
  duration_ms: 608.204959
  type: 'test'
  ...
# Subtest: promotion record is an exact immutable pointer without candidate copying
ok 17 - promotion record is an exact immutable pointer without candidate copying
  ---
  duration_ms: 294.121042
  type: 'test'
  ...
# Subtest: recovery is exact-source, organization-managed, no-retest, and nonpublishing
ok 18 - recovery is exact-source, organization-managed, no-retest, and nonpublishing
  ---
  duration_ms: 3.449334
  type: 'test'
  ...
# Subtest: promotion is hosted, exact-artifact, 19-member, no-build, and nonpublishing
ok 19 - promotion is hosted, exact-artifact, 19-member, no-build, and nonpublishing
  ---
  duration_ms: 1.125292
  type: 'test'
  ...
# Subtest: Delivery workflow exposes only hosted pretag and publish
ok 20 - Delivery workflow exposes only hosted pretag and publish
  ---
  duration_ms: 1.606541
  type: 'test'
  ...
# Subtest: focused release check contains no profile or runtime execution suite
ok 21 - focused release check contains no profile or runtime execution suite
  ---
  duration_ms: 1.403375
  type: 'test'
  ...
# Subtest: the recovery builders retain the reviewed trusted native environment boundary
ok 22 - the recovery builders retain the reviewed trusted native environment boundary
  ---
  duration_ms: 1.6235
  type: 'test'
  ...
# Subtest: frozen Profile and Qualification Authority closures reproduce exactly
ok 23 - frozen Profile and Qualification Authority closures reproduce exactly
  ---
  duration_ms: 5490.598417
  type: 'test'
  ...
# Subtest: current preliminary admission truthfully requires aggregate API renewal
ok 24 - current preliminary admission truthfully requires aggregate API renewal
  ---
  duration_ms: 10122.407208
  type: 'test'
  ...
# Subtest: strictest source category wins and unknown paths fail closed
ok 25 - strictest source category wins and unknown paths fail closed
  ---
  duration_ms: 0.93025
  type: 'test'
  ...
# Subtest: add, change, remove, and rename produce complete fail-closed decisions
ok 26 - add, change, remove, and rename produce complete fail-closed decisions
  ---
  duration_ms: 390.244458
  type: 'test'
  ...
# Subtest: unknown closure-equal change and ancestry failure block admission
ok 27 - unknown closure-equal change and ancestry failure block admission
  ---
  duration_ms: 593.299542
  type: 'test'
  ...
# Subtest: closure computation rejects symlinks and case-fold collisions
ok 28 - closure computation rejects symlinks and case-fold collisions
  ---
  duration_ms: 466.264584
  type: 'test'
  ...
1..28
# tests 46
# suites 0
# pass 46
# fail 0
# cancelled 0
# skipped 0
# todo 0
# duration_ms 17123.3175

== API-REV-019 checksums ==
./repository/API-VOICE-015-aggregate-renewal-input-validation.json: OK
./repository/api-rev-019-precommit-checksums.log: OK
./repository/check-release-pipeline.log: OK
./repository/committed-aggregate-authority-validation.json: OK
./repository/retained-authority-validation.log: OK
./repository/scope-and-diff-check.log: OK
./repository/source-closure-and-admission.json: OK

== renewal record commit parent/source ancestry ==
record_commit=448517cee89e6498c551bcc70aba65ec0bedf97e
record_parent=baf1e33f54446d2d1161afd38b88111e4086b76c

== current admission decision ==
currentPreliminaryDecision=aggregate-api-renewal-required

RESULT=PASS_STAGE_GATE_ONLY
RELEASE_AUTHORIZED=NO
RECOVERY_AUTHORIZED=NO
