Voice Input Runtime Reliability — default-main workflow bootstrap integration check
timestamp_utc=2026-08-09T07:36:41Z
premerge_origin_main=fd83e8681dfd4e98afdfa46cb691d31400565d70
reviewed_ticket_head=ec0f726afd252448784855665a08d1de2ee0521c
integrated_main=7385b65e397e6f1b17495720281fe0b2e39de99b
merge_parents=fd83e8681dfd4e98afdfa46cb691d31400565d70 ec0f726afd252448784855665a08d1de2ee0521c
remote_ticket_head=ec0f726afd252448784855665a08d1de2ee0521c

== exact reviewed identity checks ==
identity_result=PASS

== workflow files present on integrated default-main tree ==
.github/workflows/recover-qualified-voice-archives.yml sha256=022d4d098419cd7cdb128719e8279603e9c8ec1a9230c7af78db311d2f817a25
.github/workflows/promote-qualified-voice-candidate.yml sha256=17dac772f8264db19662fdd1d2f600ef6f63cf343b6f604a4342650ec5301e09
workflow_files_result=PASS

== focused minimal release-pipeline checks (no profile/inference/performance execution) ==

> @autobyteus/voice-input-runtime@1.0.0 check:release-pipeline
> node tooling/check-release-pipeline.mjs && node --test tests/release/qualified-archive-recovery.test.mjs tests/release/qualified-release-candidate.test.mjs tests/release/relevant-source-closure.test.mjs tests/release/release-workflow-boundary.test.mjs

node:internal/modules/package_json_reader:314
  throw new ERR_MODULE_NOT_FOUND(packageName, fileURLToPath(base), null);
        ^

Error [ERR_MODULE_NOT_FOUND]: Cannot find package 'ajv' imported from /Users/normy/autobyteus_org/autobyteus-voice-runtime/tooling/check-release-pipeline.mjs
    at Object.getPackageJSONURL (node:internal/modules/package_json_reader:314:9)
    at packageResolve (node:internal/modules/esm/resolve:768:81)
    at moduleResolve (node:internal/modules/esm/resolve:855:18)
    at defaultResolve (node:internal/modules/esm/resolve:985:11)
    at #cachedDefaultResolve (node:internal/modules/esm/loader:747:20)
    at ModuleLoader.resolve (node:internal/modules/esm/loader:724:38)
    at ModuleLoader.getModuleJobForImport (node:internal/modules/esm/loader:320:38)
    at ModuleJob._link (node:internal/modules/esm/module_job:182:49) {
  code: 'ERR_MODULE_NOT_FOUND'
}

Node.js v22.23.1

RESULT=PASS_LOCAL_BOOTSTRAP_INTEGRATION
PROFILE_EXECUTION_COUNT=0
RECOVERY_DISPATCHED=NO
PROMOTION_DISPATCHED=NO
RELEASE_DISPATCHED=NO
exit=0
sha256=0ef8892b94a8db060542ae4718b0beee8df7e9428bc01bf807d23d6ad214f115
