Voice Input Runtime Reliability delivery post-archive integrated-state check
timestamp_utc=2026-08-04T06:09:15Z
head=ac1294b4f25fb9eef92c7a6cf259e5068567e3d8
origin_main=5531e83421dce859f9934c16e006c34cf5291cde
merge_base=5531e83421dce859f9934c16e006c34cf5291cde
left_right=0	3

== focused archived fixture tests ==
TAP version 13
# Subtest: Build Input path policy accepts the exact current Chinese source path set
ok 1 - Build Input path policy accepts the exact current Chinese source path set
  ---
  duration_ms: 11.315625
  type: 'test'
  ...
# Subtest: Build Input path policy rejects aliases, unsafe syntax, and collisions
ok 2 - Build Input path policy rejects aliases, unsafe syntax, and collisions
  ---
  duration_ms: 0.467
  type: 'test'
  ...
# Subtest: aggregate verifier accepts the exact retained API-REV-016 Chinese manifest
ok 3 - aggregate verifier accepts the exact retained API-REV-016 Chinese manifest
  ---
  duration_ms: 10.108083
  type: 'test'
  ...
# Subtest: aggregate verifier retains canonical unsafe-path and record rejection
ok 4 - aggregate verifier retains canonical unsafe-path and record rejection
  ---
  duration_ms: 0.320333
  type: 'test'
  ...
# Subtest: package verification rejects an unsafe Build Input manifest record
ok 5 - package verification rejects an unsafe Build Input manifest record
  ---
  duration_ms: 3.755334
  type: 'test'
  ...
# Subtest: materialized current Chinese routing paths pass the package verifier unchanged
ok 6 - materialized current Chinese routing paths pass the package verifier unchanged
  ---
  duration_ms: 631.219542
  type: 'test'
  ...
# Subtest: frozen Chinese scorer reproduces all 200 rows and 343/6580
ok 7 - frozen Chinese scorer reproduces all 200 rows and 343/6580
  ---
  duration_ms: 23.291792
  type: 'test'
  ...
# Subtest: Chinese scoring authority binds exact contract/map and excludes product punctuation
ok 8 - Chinese scoring authority binds exact contract/map and excludes product punctuation
  ---
  duration_ms: 2.187917
  type: 'test'
  ...
# Subtest: retained API-REV-014 raw text re-scores to exact 342/6580
ok 9 - retained API-REV-014 raw text re-scores to exact 342/6580
  ---
  duration_ms: 7.622625
  type: 'test'
  ...
1..9
# tests 9
# suites 0
# pass 9
# fail 0
# cancelled 0
# skipped 0
# todo 0
# duration_ms 781.007

== full repository check ==

> @autobyteus/voice-input-runtime@1.0.0 check
> npm run check:js && npm run check:python && npm run check:go && npm run check:evidence && npm test


> @autobyteus/voice-input-runtime@1.0.0 check:js
> node tooling/check-source.mjs


> @autobyteus/voice-input-runtime@1.0.0 check:python
> python3 -m unittest discover -s tests/providers -p '*_test.py' && python3 -m compileall -q providers

.......
----------------------------------------------------------------------
Ran 7 tests in 0.059s

OK

> @autobyteus/voice-input-runtime@1.0.0 check:go
> node tooling/check-go.mjs

?   	github.com/AutoByteus/autobyteus-voice-runtime/launcher/cmd/voice-provider-launcher	[no test files]
ok  	github.com/AutoByteus/autobyteus-voice-runtime/launcher/internal	(cached)
?   	github.com/AutoByteus/autobyteus-voice-runtime/launcher/internal/embeddedplan	[no test files]
ok  	github.com/AutoByteus/autobyteus-voice-runtime/packaging/archive	(cached)
?   	github.com/AutoByteus/autobyteus-voice-runtime/packaging/cmd/provider-package-tool	[no test files]

> @autobyteus/voice-input-runtime@1.0.0 check:evidence
> node tooling/verify-english-preservation.mjs && node tooling/verify-chinese-qualification.mjs

English preservation v2 authority reproduced byte-identically.
Chinese v2 scoring/trust and Profile Resource Policy verified.

> @autobyteus/voice-input-runtime@1.0.0 test
> node --test tests/**/*.test.mjs

TAP version 13
# Subtest: byte framing accepts every split and coalesced canonical records
ok 1 - byte framing accepts every split and coalesced canonical records
  ---
  duration_ms: 57.941917
  type: 'test'
  ...
# Subtest: invalid, oversized, noncanonical, and truncated prefixed lines fail
ok 2 - invalid, oversized, noncanonical, and truncated prefixed lines fail
  ---
  duration_ms: 0.965083
  type: 'test'
  ...
# Subtest: worker duration and qualification receipt clocks remain separate
ok 3 - worker duration and qualification receipt clocks remain separate
  ---
  duration_ms: 0.1295
  type: 'test'
  ...
# Subtest: diagnostic receipt time is captured at LF consumption
ok 4 - diagnostic receipt time is captured at LF consumption
  ---
  duration_ms: 0.249959
  type: 'test'
  ...
# Subtest: closed RSS windows retain contained, crossings, touching, and shared samples
ok 5 - closed RSS windows retain contained, crossings, touching, and shared samples
  ---
  duration_ms: 1.951625
  type: 'test'
  ...
# Subtest: invalid windows, ordering, and worker regression fail closed
ok 6 - invalid windows, ordering, and worker regression fail closed
  ---
  duration_ms: 0.308416
  type: 'test'
  ...
# Subtest: failed partial preparation is retained and unrelated stderr is redacted
ok 7 - failed partial preparation is retained and unrelated stderr is redacted
  ---
  duration_ms: 0.404542
  type: 'test'
  ...
# Subtest: successful preparation with no RSS coverage fails durable evidence
ok 8 - successful preparation with no RSS coverage fails durable evidence
  ---
  duration_ms: 0.675125
  type: 'test'
  ...
# Subtest: written evidence revalidates and recomputes
ok 9 - written evidence revalidates and recomputes
  ---
  duration_ms: 43.94325
  type: 'test'
  ...
# Subtest: qualification binding rejects evidence from another attempt identity
ok 10 - qualification binding rejects evidence from another attempt identity
  ---
  duration_ms: 22.076292
  type: 'test'
  ...
# Subtest: session follows ready, request, and bounded shutdown
ok 11 - session follows ready, request, and bounded shutdown
  ---
  duration_ms: 2.575167
  type: 'test'
  ...
# Subtest: malformed protocol terminally fails and awaits termination
ok 12 - malformed protocol terminally fails and awaits termination
  ---
  duration_ms: 0.487375
  type: 'test'
  ...
# Subtest: hello timeout terminally fails and awaits termination
ok 13 - hello timeout terminally fails and awaits termination
  ---
  duration_ms: 20.665584
  type: 'test'
  ...
# Subtest: write failure terminally fails without replay
ok 14 - write failure terminally fails without replay
  ---
  duration_ms: 0.507959
  type: 'test'
  ...
# Subtest: terminal failure escalates once when graceful termination is ignored
ok 15 - terminal failure escalates once when graceful termination is ignored
  ---
  duration_ms: 20.984292
  type: 'test'
  ...
# Subtest: statefully decodes UTF-8 and line delimiters split at every byte
ok 16 - statefully decodes UTF-8 and line delimiters split at every byte
  ---
  duration_ms: 2.698708
  type: 'test'
  ...
# Subtest: truncated UTF-8 on stdout termination fails the session
ok 17 - truncated UTF-8 on stdout termination fails the session
  ---
  duration_ms: 0.298417
  type: 'test'
  ...
# Subtest: session forwards exact raw stderr chunks without interpreting framing
ok 18 - session forwards exact raw stderr chunks without interpreting framing
  ---
  duration_ms: 0.483375
  type: 'test'
  ...
# Subtest: CommonCrypto streaming digest matches exact boundary payloads
ok 19 - CommonCrypto streaming digest matches exact boundary payloads
  ---
  duration_ms: 6151.375709
  type: 'test'
  ...
# Subtest: integrity owner is bounded, Apple-only, and classifies failures
ok 20 - integrity owner is bounded, Apple-only, and classifies failures
  ---
  duration_ms: 462.968125
  type: 'test'
  ...
# Subtest: preparation emitter writes exact private canonical lines
ok 21 - preparation emitter writes exact private canonical lines
  ---
  duration_ms: 258.3555
  type: 'test'
  ...
# Subtest: cleanup removes a verified read-only package tree
ok 22 - cleanup removes a verified read-only package tree
  ---
  duration_ms: 8.496584
  type: 'test'
  ...
# Subtest: internal target mapping covers every supported Node and Go tuple
ok 23 - internal target mapping covers every supported Node and Go tuple
  ---
  duration_ms: 1.995208
  type: 'test'
  ...
# Subtest: every supported Go root manifest is bound to its locked archive
ok 24 - every supported Go root manifest is bound to its locked archive
  ---
  duration_ms: 103.957125
  type: 'test'
  ...
# Subtest: version-preserving fake Go compiler is rejected by exact bytes
ok 25 - version-preserving fake Go compiler is rejected by exact bytes
  ---
  duration_ms: 10.572417
  type: 'test'
  ...
# Subtest: official locked Go front binary without its sibling root is rejected
ok 26 - official locked Go front binary without its sibling root is rejected
  ---
  duration_ms: 95.30975
  type: 'test'
  ...
# Subtest: exact Go front binary is rejected when a sibling tool is missing
ok 27 - exact Go front binary is rejected when a sibling tool is missing
  ---
  duration_ms: 45.34425
  type: 'test'
  ...
# Subtest: exact Go front binary is rejected when a sibling tool is modified
ok 28 - exact Go front binary is rejected when a sibling tool is modified
  ---
  duration_ms: 30.226167
  type: 'test'
  ...
# Subtest: inherited alternate GOROOT is rejected before Go execution
ok 29 - inherited alternate GOROOT is rejected before Go execution
  ---
  duration_ms: 11.119917
  type: 'test'
  ...
# Subtest: inherited GOCACHEPROG is rejected before verified Go invocation
ok 30 - inherited GOCACHEPROG is rejected before verified Go invocation
  ---
  duration_ms: 53.436708
  type: 'test'
  ...
# Subtest: locked native source rejects a modified tree at the same commit
ok 31 - locked native source rejects a modified tree at the same commit
  ---
  duration_ms: 497.113916
  type: 'test'
  ...
# Subtest: wheelhouse rejects target wheel bytes changed without a version change
ok 32 - wheelhouse rejects target wheel bytes changed without a version change
  ---
  duration_ms: 4.542
  type: 'test'
  ...
# Subtest: operator-materialized Python trees are not accepted as build inputs
ok 33 - operator-materialized Python trees are not accepted as build inputs
  ---
  duration_ms: 0.298583
  type: 'test'
  ...
# Subtest: the exact locked topology becomes a closed relocatable reproducible tree
ok 34 - the exact locked topology becomes a closed relocatable reproducible tree
  ---
  duration_ms: 145.234708
  type: 'test'
  ...
# Subtest: unsafe, incomplete, and unexpected archive entries fail closed
    # Subtest: absolute link
    ok 1 - absolute link
      ---
      duration_ms: 49.379625
      type: 'test'
      ...
    # Subtest: escaping link
    ok 2 - escaping link
      ---
      duration_ms: 20.767666
      type: 'test'
      ...
    # Subtest: dangling link
    ok 3 - dangling link
      ---
      duration_ms: 19.348666
      type: 'test'
      ...
    # Subtest: cyclic link
    ok 4 - cyclic link
      ---
      duration_ms: 11.540125
      type: 'test'
      ...
    # Subtest: unexpected link
    ok 5 - unexpected link
      ---
      duration_ms: 12.730292
      type: 'test'
      ...
    # Subtest: missing approved link
    ok 6 - missing approved link
      ---
      duration_ms: 10.192209
      type: 'test'
      ...
    # Subtest: special entry
    ok 7 - special entry
      ---
      duration_ms: 23.241542
      type: 'test'
      ...
    1..7
ok 35 - unsafe, incomplete, and unexpected archive entries fail closed
  ---
  duration_ms: 149.305792
  type: 'test'
  ...
# Subtest: Python closure excludes dependency tests and development headers coherently
ok 36 - Python closure excludes dependency tests and development headers coherently
  ---
  duration_ms: 28.954292
  type: 'test'
  ...
# Subtest: the complete observed staged manifest passes the canonical Go validator after closure
ok 37 - the complete observed staged manifest passes the canonical Go validator after closure
  ---
  duration_ms: 5878.932125
  type: 'test'
  ...
# Subtest: reproducibility proof requires byte-identical archives and reports
ok 38 - reproducibility proof requires byte-identical archives and reports
  ---
  duration_ms: 118.447166
  type: 'test'
  ...
# Subtest: the exact Xcode clang++ alias links C++ while its identical clang target does not
ok 39 - the exact Xcode clang++ alias links C++ while its identical clang target does not
  ---
  duration_ms: 2665.023417
  type: 'test'
  ...
# Subtest: the clang++ alias rejects target, byte, topology, and directory drift
ok 40 - the clang++ alias rejects target, byte, topology, and directory drift
  ---
  duration_ms: 169.001292
  type: 'test'
  ...
# Subtest: native build overrides are rejected case-insensitively before use
ok 41 - native build overrides are rejected case-insensitively before use
  ---
  duration_ms: 0.944375
  type: 'test'
  ...
# Subtest: the production environment owner accepts the preflight CMake symlink
ok 42 - the production environment owner accepts the preflight CMake symlink
  ---
  duration_ms: 436.435125
  type: 'test'
  ...
# Subtest: the Xcode ranlib alias retains invocation semantics and authenticated topology
ok 43 - the Xcode ranlib alias retains invocation semantics and authenticated topology
  ---
  duration_ms: 307.825791
  type: 'test'
  ...
# Subtest: the canonical sandboxed package entry consumes outside-authorized preflight without sudo spawn
ok 44 - the canonical sandboxed package entry consumes outside-authorized preflight without sudo spawn
  ---
  duration_ms: 931.617709
  type: 'test'
  ...
# Subtest: the trusted PATH is closed and rechecks every selected tool
ok 45 - the trusted PATH is closed and rechecks every selected tool
  ---
  duration_ms: 39.457083
  type: 'test'
  ...
# Subtest: trusted executable bytes and explicit CMake configuration are bound
ok 46 - trusted executable bytes and explicit CMake configuration are bound
  ---
  duration_ms: 5.142541
  type: 'test'
  ...
# Subtest: resolved CMake selection must match the bound environment
ok 47 - resolved CMake selection must match the bound environment
  ---
  duration_ms: 4.314084
  type: 'test'
  ...
# Subtest: every current package builder consumes the trusted owner
ok 48 - every current package builder consumes the trusted owner
  ---
  duration_ms: 1.28225
  type: 'test'
  ...
# Subtest: the locked Metal sed pipeline runs through only the authenticated closed PATH
ok 49 - the locked Metal sed pipeline runs through only the authenticated closed PATH
  ---
  duration_ms: 759.624875
  type: 'test'
  ...
# Subtest: pinned launcher build is byte deterministic and rejects public argv
ok 50 - pinned launcher build is byte deterministic and rejects public argv
  ---
  duration_ms: 7676.418959
  type: 'test'
  ...
# Subtest: relocated public launcher bootstraps the contained Python import root
ok 51 - relocated public launcher bootstraps the contained Python import root
  ---
  duration_ms: 6226.312666
  type: 'test'
  ...
# Subtest: launcher fixtures obey exact schema
ok 52 - launcher fixtures obey exact schema
  ---
  duration_ms: 62.988625
  type: 'test'
  ...
# Subtest: startup fixtures obey exact schema
ok 53 - startup fixtures obey exact schema
  ---
  duration_ms: 36.459875
  type: 'test'
  ...
# Subtest: protocol fixtures obey exact schema
ok 54 - protocol fixtures obey exact schema
  ---
  duration_ms: 72.461375
  type: 'test'
  ...
# Subtest: all public schemas compile strictly
ok 55 - all public schemas compile strictly
  ---
  duration_ms: 196.734167
  type: 'test'
  ...
# Subtest: Build Input path policy accepts the exact current Chinese source path set
ok 56 - Build Input path policy accepts the exact current Chinese source path set
  ---
  duration_ms: 12.044959
  type: 'test'
  ...
# Subtest: Build Input path policy rejects aliases, unsafe syntax, and collisions
ok 57 - Build Input path policy rejects aliases, unsafe syntax, and collisions
  ---
  duration_ms: 0.765
  type: 'test'
  ...
# Subtest: aggregate verifier accepts the exact retained API-REV-016 Chinese manifest
ok 58 - aggregate verifier accepts the exact retained API-REV-016 Chinese manifest
  ---
  duration_ms: 11.550458
  type: 'test'
  ...
# Subtest: aggregate verifier retains canonical unsafe-path and record rejection
ok 59 - aggregate verifier retains canonical unsafe-path and record rejection
  ---
  duration_ms: 0.350166
  type: 'test'
  ...
# Subtest: package verification rejects an unsafe Build Input manifest record
ok 60 - package verification rejects an unsafe Build Input manifest record
  ---
  duration_ms: 7.130917
  type: 'test'
  ...
# Subtest: materialized current Chinese routing paths pass the package verifier unchanged
ok 61 - materialized current Chinese routing paths pass the package verifier unchanged
  ---
  duration_ms: 1295.975709
  type: 'test'
  ...
# Subtest: Current Release Matrix is the sole exact two-entry current authority
ok 62 - Current Release Matrix is the sole exact two-entry current authority
  ---
  duration_ms: 6.900834
  type: 'test'
  ...
# Subtest: materializer creates a closed deterministic tree from a clean exact repository
ok 63 - materializer creates a closed deterministic tree from a clean exact repository
  ---
  duration_ms: 547.194
  type: 'test'
  ...
# Subtest: branch projection is release-neutral, exact, and independently byte-recomputed
ok 64 - branch projection is release-neutral, exact, and independently byte-recomputed
  ---
  duration_ms: 500.161291
  type: 'test'
  ...
# Subtest: release chain is acyclic and published verification is a separate always-written result
ok 65 - release chain is acyclic and published verification is a separate always-written result
  ---
  duration_ms: 963.860125
  type: 'test'
  ...
# Subtest: quarantine deletes only the failed GitHub Release and proves the tag is unchanged
ok 66 - quarantine deletes only the failed GitHub Release and proves the tag is unchanged
  ---
  duration_ms: 317.396916
  type: 'test'
  ...
# Subtest: workflow derives two current jobs and preserves post-publication separation
ok 67 - workflow derives two current jobs and preserves post-publication separation
  ---
  duration_ms: 0.84975
  type: 'test'
  ...
# Subtest: generated compliance is an exact recipe/provenance/policy/notice join
ok 68 - generated compliance is an exact recipe/provenance/policy/notice join
  ---
  duration_ms: 87.122208
  type: 'test'
  ...
# Subtest: qualification contract fixes Seatbelt and exact 30/30/100 trial sets
ok 69 - qualification contract fixes Seatbelt and exact 30/30/100 trial sets
  ---
  duration_ms: 5.004916
  type: 'test'
  ...
# Subtest: every current recipe repository-file byte still matches its reviewed digest
ok 70 - every current recipe repository-file byte still matches its reviewed digest
  ---
  duration_ms: 155.25725
  type: 'test'
  ...
# Subtest: the captured healthy pmset thermal state is normal
ok 71 - the captured healthy pmset thermal state is normal
  ---
  duration_ms: 3.488041
  type: 'test'
  ...
# Subtest: an affirmative thermal or performance warning is rejected
ok 72 - an affirmative thermal or performance warning is rejected
  ---
  duration_ms: 0.757125
  type: 'test'
  ...
# Subtest: unrecognized or malformed thermal state is rejected
ok 73 - unrecognized or malformed thermal state is rejected
  ---
  duration_ms: 0.0785
  type: 'test'
  ...
# Subtest: a post-attempt functional breach controls ledger, profile exit, and retained QSet
ok 74 - a post-attempt functional breach controls ledger, profile exit, and retained QSet
  ---
  duration_ms: 924.679333
  type: 'test'
  ...
# Subtest: functional preflight retains the true six-sample average and only classifies load
ok 75 - functional preflight retains the true six-sample average and only classifies load
  ---
  duration_ms: 0.843542
  type: 'test'
  ...
# Subtest: latency reference status cannot change functional authority
ok 76 - latency reference status cannot change functional authority
  ---
  duration_ms: 0.096459
  type: 'test'
  ...
# Subtest: missing timing observations cannot enter a passing functional chain
ok 77 - missing timing observations cannot enter a passing functional chain
  ---
  duration_ms: 0.342541
  type: 'test'
  ...
# Subtest: a failed prerequisite is durable Blocked evidence, not a load classification
ok 78 - a failed prerequisite is durable Blocked evidence, not a load classification
  ---
  duration_ms: 33.63175
  type: 'test'
  ...
# Subtest: Summary 2 forbids a reverse Assessment edge and Assessment 1 has no functional decision
ok 79 - Summary 2 forbids a reverse Assessment edge and Assessment 1 has no functional decision
  ---
  duration_ms: 70.290875
  type: 'test'
  ...
# Subtest: maintained-main proof rejects descendants and accepts equality or integration
ok 80 - maintained-main proof rejects descendants and accepts equality or integration
  ---
  duration_ms: 806.438167
  type: 'test'
  ...
# Subtest: performance evidence requires executed cold resets and meaningful warm samples
ok 81 - performance evidence requires executed cold resets and meaningful warm samples
  ---
  duration_ms: 7.081875
  type: 'test'
  ...
# Subtest: Profile Resource Policy closes the exact matrix without defaults
ok 82 - Profile Resource Policy closes the exact matrix without defaults
  ---
  duration_ms: 24.522
  type: 'test'
  ...
# Subtest: Chinese 3,949,543,424-byte peak passes hard 4 GiB and misses only optimization
ok 83 - Chinese 3,949,543,424-byte peak passes hard 4 GiB and misses only optimization
  ---
  duration_ms: 12.34075
  type: 'test'
  ...
# Subtest: English retains the 2.5 GiB hard boundary
ok 84 - English retains the 2.5 GiB hard boundary
  ---
  duration_ms: 10.65575
  type: 'test'
  ...
# Subtest: policy bytes are matrix-bound and cannot be substituted
ok 85 - policy bytes are matrix-bound and cannot be substituted
  ---
  duration_ms: 10.910292
  type: 'test'
  ...
# Subtest: a started timeout is durable before and after failure
ok 86 - a started timeout is durable before and after failure
  ---
  duration_ms: 7.1145
  type: 'test'
  ...
# Subtest: production-shaped process loss retains ledger, Summary, and Assessment before terminal failure
ok 87 - production-shaped process loss retains ledger, Summary, and Assessment before terminal failure
  ---
  duration_ms: 282.885458
  type: 'test'
  ...
# Subtest: release schema rejects declarative pass records without raw identities and measurements
ok 88 - release schema rejects declarative pass records without raw identities and measurements
  ---
  duration_ms: 55.23575
  type: 'test'
  ...
# Subtest: candidate history retains selected and unsuccessful improvement lanes by exact digest
ok 89 - candidate history retains selected and unsuccessful improvement lanes by exact digest
  ---
  duration_ms: 13.229583
  type: 'test'
  ...
# Subtest: release workflow qualifies before creating a tag and has no tag trigger
ok 90 - release workflow qualifies before creating a tag and has no tag trigger
  ---
  duration_ms: 0.948416
  type: 'test'
  ...
# Subtest: the non-root preflight identifies execute-only sudo without reading it
ok 91 - the non-root preflight identifies execute-only sudo without reading it
  ---
  duration_ms: 37.299041
  type: 'test'
  ...
# Subtest: repository-owned baseline rejects wrong digest and semantic identities
ok 92 - repository-owned baseline rejects wrong digest and semantic identities
  ---
  duration_ms: 28.561458
  type: 'test'
  ...
# Subtest: English v2 authority replaces invalid final v1 files without changing the trust boundary
ok 93 - English v2 authority replaces invalid final v1 files without changing the trust boundary
  ---
  duration_ms: 6.875833
  type: 'test'
  ...
# Subtest: Chinese v2 trust is scoring-bound and active v1 cannot participate
ok 94 - Chinese v2 trust is scoring-bound and active v1 cannot participate
  ---
  duration_ms: 21.071375
  type: 'test'
  ...
# Subtest: checked-in corpus and baseline require 49 unique one-to-one identities
ok 95 - checked-in corpus and baseline require 49 unique one-to-one identities
  ---
  duration_ms: 1.187709
  type: 'test'
  ...
# Subtest: production corpus validator covers the English-v2 manifest shape and rejects duplicate identities
ok 96 - production corpus validator covers the English-v2 manifest shape and rejects duplicate identities
  ---
  duration_ms: 135.044417
  type: 'test'
  ...
# Subtest: English v2 authority rejects changed immutable source bytes
ok 97 - English v2 authority rejects changed immutable source bytes
  ---
  duration_ms: 8.673708
  type: 'test'
  ...
# Subtest: English v2 reproduction rejects changed generated authority when five other outputs match
ok 98 - English v2 reproduction rejects changed generated authority when five other outputs match
  ---
  duration_ms: 9.283042
  type: 'test'
  ...
# Subtest: frozen Chinese scorer reproduces all 200 rows and 343/6580
ok 99 - frozen Chinese scorer reproduces all 200 rows and 343/6580
  ---
  duration_ms: 18.385791
  type: 'test'
  ...
# Subtest: Chinese scoring authority binds exact contract/map and excludes product punctuation
ok 100 - Chinese scoring authority binds exact contract/map and excludes product punctuation
  ---
  duration_ms: 5.354875
  type: 'test'
  ...
# Subtest: retained API-REV-014 raw text re-scores to exact 342/6580
ok 101 - retained API-REV-014 raw text re-scores to exact 342/6580
  ---
  duration_ms: 8.669292
  type: 'test'
  ...
# Subtest: normalization fixtures are exact
ok 102 - normalization fixtures are exact
  ---
  duration_ms: 3.542542
  type: 'test'
  ...
# Subtest: Chinese qualification CER is separate and symmetric
ok 103 - Chinese qualification CER is separate and symmetric
  ---
  duration_ms: 0.575916
  type: 'test'
  ...
# Subtest: canonical dictionary pipeline matches pinned OpenCC twp-to-cn
ok 104 - canonical dictionary pipeline matches pinned OpenCC twp-to-cn
  ---
  duration_ms: 6.402875
  type: 'test'
  ...
1..104
# tests 111
# suites 0
# pass 111
# fail 0
# cancelled 0
# skipped 0
# todo 0
# duration_ms 7946.0245

== API-REV-017 checksums ==
./aggregate/API-F-014-resolution.json: OK
./aggregate/branch-catalog-projection-v2.json: OK
./aggregate/branch-catalog-projection-verification-v2.json: OK
./aggregate/branch-catalog-projection.exit-code: OK
./aggregate/branch-catalog-projection.log: OK
./aggregate/qualification-set-v2.json: OK
./aggregate/qualification-set.exit-code: OK
./aggregate/qualification-set.log: OK
./aggregate/verify-branch-catalog-projection.exit-code: OK
./aggregate/verify-branch-catalog-projection.log: OK
./repository/API-VOICE-012-aggregate-only-reuse-impact.json: OK
./repository/api-rev-016-retained-checksums.log: OK
./repository/correction-scope-and-source-integrity.log: OK
./repository/focused-build-input-path-contract.log: OK
./repository/json-parse.log: OK
./repository/retained-profile-and-asset-identity.log: OK

== API-REV-018 checksums ==
./repository/API-VOICE-014-post-archive-impact-and-result.json: OK
./repository/api-rev-017-retained-checksums.log: OK
./repository/archived-fixture-identities.log: OK
./repository/archived-layout-scope-and-stale-reference.log: OK
./repository/clean-archived-checkout.log: OK
./repository/cleanup.log: OK
./repository/closed-toolchain-verification.log: OK
./repository/dr-003-retained-failure-checksums.log: OK
./repository/focused-archived-fixture-tests.log: OK
./repository/json-parse.log: OK
./repository/npm-ci.log: OK
./repository/npm-run-check.log: OK
./repository/post-execution-source-integrity.log: OK

== DR-003 failure evidence checksums ==
failure-summary.md: OK
run.json: OK
workflow.log: OK

RESULT=PASS
