TAP version 13
# Subtest: DR-012 script and workflow metadata changes retain one canonical package input
ok 1 - DR-012 script and workflow metadata changes retain one canonical package input
  ---
  duration_ms: 264.974917
  type: 'test'
  ...
# Subtest: Host Package Input Contract 1 rejects every DR-012 install-semantic negative
ok 2 - Host Package Input Contract 1 rejects every DR-012 install-semantic negative
  ---
  duration_ms: 93.40875
  type: 'test'
  ...
# Subtest: recipe, environment, package-manager, and argument drift fail closed
ok 3 - recipe, environment, package-manager, and argument drift fail closed
  ---
  duration_ms: 166.474583
  type: 'test'
  ...
# Subtest: direct child invocations have exact argument and environment closure
ok 4 - direct child invocations have exact argument and environment closure
  ---
  duration_ms: 0.662333
  type: 'test'
  ...
# Subtest: Host Source Closure 1 binds exact repository and hosted tool subjects
ok 5 - Host Source Closure 1 binds exact repository and hosted tool subjects
  ---
  duration_ms: 205.443667
  type: 'test'
  ...
# Subtest: DR-012 command facade changes preserve closure while direct source changes renew it
ok 6 - DR-012 command facade changes preserve closure while direct source changes renew it
  ---
  duration_ms: 443.120875
  type: 'test'
  ...
# Subtest: the release contract contains exactly two hosts, two locators, four metadata assets, and checksums
ok 7 - the release contract contains exactly two hosts, two locators, four metadata assets, and checksums
  ---
  duration_ms: 1.01925
  type: 'test'
  ...
# Subtest: one standard-hosted job builds hosts without model or product execution
ok 8 - one standard-hosted job builds hosts without model or product execution
  ---
  duration_ms: 3.109125
  type: 'test'
  ...
# Subtest: the hosted workflow selects the exact reviewed toolchain before hydration and always retains an initialized audit
ok 9 - the hosted workflow selects the exact reviewed toolchain before hydration and always retains an initialized audit
  ---
  duration_ms: 0.636875
  type: 'test'
  ...
# Subtest: the hosted toolchain owner selects and authenticates the exact Xcode SDK and CMake identities
ok 10 - the hosted toolchain owner selects and authenticates the exact Xcode SDK and CMake identities
  ---
  duration_ms: 34.161459
  type: 'test'
  ...
# Subtest: an early hosted-toolchain failure retains a truthful terminal audit and leaves later work unattempted
ok 11 - an early hosted-toolchain failure retains a truthful terminal audit and leaves later work unattempted
  ---
  duration_ms: 28.739875
  type: 'test'
  ...
# Subtest: managed recovery and combined-package entrypoints are absent
ok 12 - managed recovery and combined-package entrypoints are absent
  ---
  duration_ms: 2.49375
  type: 'test'
  ...
# Subtest: Admission 4 promotion and Verification 1 close exact F/D/R/W authority
ok 13 - Admission 4 promotion and Verification 1 close exact F/D/R/W authority
  ---
  duration_ms: 2550.74225
  type: 'test'
  ...
# Subtest: lineage verifier accepts later documentation-only W and rejects archive impact
ok 14 - lineage verifier accepts later documentation-only W and rejects archive impact
  ---
  duration_ms: 3211.01475
  type: 'test'
  ...
# Subtest: lineage-aware protection rejects mutation followed by byte-identical revert
ok 15 - lineage-aware protection rejects mutation followed by byte-identical revert
  ---
  duration_ms: 1410.975
  type: 'test'
  ...
# Subtest: lineage verifier accepts an integration merge that preserves the R-bearing tree
ok 16 - lineage verifier accepts an integration merge that preserves the R-bearing tree
  ---
  duration_ms: 1896.879584
  type: 'test'
  ...
# Subtest: lineage verifier rejects bound policy drift and checkout closure drift
ok 17 - lineage verifier rejects bound policy drift and checkout closure drift
  ---
  duration_ms: 2515.092834
  type: 'test'
  ...
# Subtest: Admission 4 schema forbids self and later lineage edges
ok 18 - Admission 4 schema forbids self and later lineage edges
  ---
  duration_ms: 655.564042
  type: 'test'
  ...
# Subtest: promotion rejects checksum drift and verifier rejects a seventh promoted path
ok 19 - promotion rejects checksum drift and verifier rejects a seventh promoted path
  ---
  duration_ms: 1327.776041
  type: 'test'
  ...
# Subtest: Relevant Source Closure 3 selects exact rules before prefixes and keeps closed protections
ok 20 - Relevant Source Closure 3 selects exact rules before prefixes and keeps closed protections
  ---
  duration_ms: 4.189708
  type: 'test'
  ...
# Subtest: same-specificity matches choose their strictest result without reintroducing broader prefixes
ok 21 - same-specificity matches choose their strictest result without reintroducing broader prefixes
  ---
  duration_ms: 1.153
  type: 'test'
  ...
# Subtest: complete A/M/D/R inventory classifies rename endpoints independently at their strictest impact
ok 22 - complete A/M/D/R inventory classifies rename endpoints independently at their strictest impact
  ---
  duration_ms: 290.005083
  type: 'test'
  ...
# Subtest: mandatory IR-036 regression fixture is release-only on add and modify while its sibling stays aggregate
ok 23 - mandatory IR-036 regression fixture is release-only on add and modify while its sibling stays aggregate
  ---
  duration_ms: 362.732
  type: 'test'
  ...
# Subtest: frozen CRR-057 213-path transition resolves to exact Policy 3 expectations
ok 24 - frozen CRR-057 213-path transition resolves to exact Policy 3 expectations
  ---
  duration_ms: 52.133875
  type: 'test'
  ...
# Subtest: production Admission 4 retains historical API-REV-025 subjects but requires current focused renewal
ok 25 - production Admission 4 retains historical API-REV-025 subjects but requires current focused renewal
  ---
  duration_ms: 350.570041
  type: 'test'
  ...
1..25
# tests 25
# suites 0
# pass 25
# fail 0
# cancelled 0
# skipped 0
# todo 0
# duration_ms 13650.8005
