./bootstrap/delivery-bootstrap-checksums.log: OK
./bootstrap/exact-remote-bootstrap.json: OK
./bootstrap/git-fetch.log: OK
./bootstrap/workflow-catalog.json: OK
./promotion/runs-before.json: OK
./recovery/API-B-001-managed-runner-group-missing.json: OK
./recovery/artifacts.json: OK
./recovery/dispatch-attempt-1-invalid.log: OK
./recovery/dispatch.json: OK
./recovery/dispatch.log: OK
./recovery/job-annotations.exit-code: OK
./recovery/job-annotations.json: OK
./recovery/job-annotations.stderr: OK
./recovery/jobs.json: OK
./recovery/run-inspection-exit-codes.log: OK
./recovery/run-log-failed.log: OK
./recovery/run-logs-download.stderr: OK
./recovery/run-logs.zip: OK
./recovery/run-view.log: OK
./recovery/run.json: OK
./recovery/runs-after.json: OK
./recovery/runs-before.json: OK
./repository/current-preliminary-source-admission.json: OK
./repository/retained-api-checksums.log: OK
