./repository/API-VOICE-015-aggregate-renewal-input-validation.json: OK
./repository/api-rev-019-precommit-checksums.log: OK
./repository/check-release-pipeline.log: OK
./repository/committed-aggregate-authority-validation.json: OK
./repository/retained-authority-validation.log: OK
./repository/scope-and-diff-check.log: OK
./repository/source-closure-and-admission.json: OK
./checksum-verification.log: OK
./remote/API-F-015-default-branch-workflow-dispatch-failure.json: OK
./remote/push-reviewed-artifact.log: OK
./remote/recovery-dispatch.exit-code: OK
./remote/recovery-dispatch.log: OK
./remote/remote-branch-before.log: OK
./remote/remote-branch-identity.json: OK
./remote/reviewed-head-runs.json: OK
./remote/workflow-discovery.log: OK
./repository/api-rev-019-checksums.log: OK
./repository/check-release-pipeline.log: OK
./repository/current-preliminary-source-admission.json: OK
./repository/current-subjects.log: OK
./repository/focused-source-closure.log: OK
./repository/repository-exit-codes.log: OK
./repository/tool-versions.log: OK
