TAP version 13
# Subtest: Build Input path policy accepts the exact current Chinese source path set
ok 1 - Build Input path policy accepts the exact current Chinese source path set
  ---
  duration_ms: 10.108916
  type: 'test'
  ...
# Subtest: Build Input path policy rejects aliases, unsafe syntax, and collisions
ok 2 - Build Input path policy rejects aliases, unsafe syntax, and collisions
  ---
  duration_ms: 0.446583
  type: 'test'
  ...
# Subtest: package verification rejects an unsafe Build Input manifest record
ok 3 - package verification rejects an unsafe Build Input manifest record
  ---
  duration_ms: 2.709042
  type: 'test'
  ...
# Subtest: materialized current Chinese routing paths pass the package verifier unchanged
ok 4 - materialized current Chinese routing paths pass the package verifier unchanged
  ---
  duration_ms: 596.756
  type: 'test'
  ...
1..4
# tests 4
# suites 0
# pass 4
# fail 0
# cancelled 0
# skipped 0
# todo 0
# duration_ms 677.31675
