./aggregate/API-F-014-qset-build-input-path-policy-divergence.json: OK
./aggregate/API-VOICE-012-profile-verifier-probe.log: OK
./aggregate/qualification-set-v2.json: OK
./aggregate/qualification-set.log: OK
./chinese-darwin-arm64/archive-identities.log: OK
./chinese-darwin-arm64/baseline-evidence.json: OK
./chinese-darwin-arm64/build-input-manifest.json: OK
./chinese-darwin-arm64/build-primary.exit-code: OK
./chinese-darwin-arm64/build-primary.log: OK
./chinese-darwin-arm64/build-report.json: OK
./chinese-darwin-arm64/build-secondary.exit-code: OK
./chinese-darwin-arm64/build-secondary.log: OK
./chinese-darwin-arm64/compliance-generation.log: OK
./chinese-darwin-arm64/conditions-input.json: OK
./chinese-darwin-arm64/corpus-manifest.json: OK
./chinese-darwin-arm64/create-native-build-environment.log: OK
./chinese-darwin-arm64/darwin-arm64-preflight-v2.json: OK
./chinese-darwin-arm64/input-provenance-v1.json: OK
./chinese-darwin-arm64/native-build-environment-v1.json: OK
./chinese-darwin-arm64/native-build-environment.json: OK
./chinese-darwin-arm64/package-compliance-input-v1.json: OK
./chinese-darwin-arm64/package-compliance-v1.json: OK
./chinese-darwin-arm64/package-verification.json: OK
./chinese-darwin-arm64/package-verifier.log: OK
./chinese-darwin-arm64/performance-assessment-v1.json: OK
./chinese-darwin-arm64/performance-samples-v1.json: OK
./chinese-darwin-arm64/preparation-stage-evidence-v1.json: OK
./chinese-darwin-arm64/prepare-conditions.log: OK
./chinese-darwin-arm64/qualification-attempts-v1.json: OK
./chinese-darwin-arm64/qualification-conditions-v1.json: OK
./chinese-darwin-arm64/qualification-summary-v2.json: OK
./chinese-darwin-arm64/raw-results.json: OK
./chinese-darwin-arm64/reproducibility-proof-v1.json: OK
./chinese-darwin-arm64/reproducibility.log: OK
./chinese-darwin-arm64/result-index.json: OK
./chinese-darwin-arm64/run-profile-qualification.exit-code: OK
./chinese-darwin-arm64/run-profile-qualification.log: OK
./chinese-darwin-arm64/runtime-conformance-v1.json: OK
./chinese-darwin-arm64/voice-chinese-darwin-arm64-1.0.0.zip.build-environment.json: OK
./chinese-darwin-arm64/voice-chinese-darwin-arm64-1.0.0.zip.build.json: OK
./chinese-darwin-arm64/voice-chinese-darwin-arm64-1.0.0.zip.inputs.json: OK
./chinese-darwin-arm64/voice-chinese-darwin-arm64-1.0.0.zip.provenance.json: OK
./english-darwin-arm64/archive-identities.log: OK
./english-darwin-arm64/baseline-evidence.json: OK
./english-darwin-arm64/build-input-manifest.json: OK
./english-darwin-arm64/build-primary.exit-code: OK
./english-darwin-arm64/build-primary.log: OK
./english-darwin-arm64/build-report.json: OK
./english-darwin-arm64/build-secondary.exit-code: OK
./english-darwin-arm64/build-secondary.log: OK
./english-darwin-arm64/compliance-generation.log: OK
./english-darwin-arm64/conditions-input.json: OK
./english-darwin-arm64/corpus-manifest.json: OK
./english-darwin-arm64/create-native-build-environment.log: OK
./english-darwin-arm64/darwin-arm64-preflight-v2.json: OK
./english-darwin-arm64/input-provenance-v1.json: OK
./english-darwin-arm64/native-build-environment-v1.json: OK
./english-darwin-arm64/native-build-environment.json: OK
./english-darwin-arm64/package-compliance-input-v1.json: OK
./english-darwin-arm64/package-compliance-v1.json: OK
./english-darwin-arm64/package-verification.json: OK
./english-darwin-arm64/package-verifier.log: OK
./english-darwin-arm64/performance-assessment-v1.json: OK
./english-darwin-arm64/performance-samples-v1.json: OK
./english-darwin-arm64/prepare-conditions.log: OK
./english-darwin-arm64/qualification-attempts-v1.json: OK
./english-darwin-arm64/qualification-conditions-v1.json: OK
./english-darwin-arm64/qualification-summary-v2.json: OK
./english-darwin-arm64/raw-results.json: OK
./english-darwin-arm64/reproducibility-proof-v1.json: OK
./english-darwin-arm64/reproducibility.log: OK
./english-darwin-arm64/result-index.json: OK
./english-darwin-arm64/run-profile-qualification.exit-code: OK
./english-darwin-arm64/run-profile-qualification.log: OK
./english-darwin-arm64/runtime-conformance-v1.json: OK
./english-darwin-arm64/voice-english-darwin-arm64-1.0.0.zip.build-environment.json: OK
./english-darwin-arm64/voice-english-darwin-arm64-1.0.0.zip.build.json: OK
./english-darwin-arm64/voice-english-darwin-arm64-1.0.0.zip.inputs.json: OK
./english-darwin-arm64/voice-english-darwin-arm64-1.0.0.zip.provenance.json: OK
./environment/cleanup-and-process-scan.log: OK
./environment/darwin-arm64-preflight-v2.json: OK
./environment/functional-preflight-v2.log: OK
./environment/voice-caffeinate-resume.log: OK
./environment/voice-caffeinate-resume.pid: OK
./environment/voice-caffeinate.log: OK
./environment/voice-caffeinate.pid: OK
./harness-checkpoint-after-chinese-pass/disposition.txt: OK
./harness-checkpoint-after-chinese-pass/matrix-execution-status.txt: OK
./harness-checkpoint-after-chinese-pass/matrix-execution.log: OK
./harness-checkpoint-after-chinese-pass/run-profile-qualification.exit-code: OK
./inputs/corpus-validation.log: OK
./inputs/materialization.log: OK
./interrupted-execution/interruption-record.txt: OK
./interrupted-execution/qualification-attempts-v1.in-progress.json: OK
./matrix-execution-resume.log: OK
./matrix-execution-status.txt: OK
./matrix-execution.log: OK
./repository/API-VOICE-002-013-and-SR-014-authority-impact.json: OK
./repository/api-docs-diff-check.log: OK
./repository/api-docs-prettier.log: OK
./repository/cold-preparation-study-checksums.log: OK
./repository/focused-cold-stability-diagnostics.log: OK
./repository/json-parse.log: OK
./repository/local-clone.log: OK
./repository/npm-ci.log: OK
./repository/npm-run-check.log: OK
./repository/post-execution-source-integrity.log: OK
./setup-attempt-1/create-native-build-environment.log: OK
./setup-attempt-1/darwin-arm64-preflight-v2.json: OK
./setup-attempt-1/disposition.txt: OK
./setup-attempt-1/functional-preflight-v2.log: OK
./setup-attempt-1/matrix-execution-status.txt: OK
./setup-attempt-1/matrix-execution.log: OK
