# qualification directories versus retained API-REV-016 evidence copies
OK  chinese-darwin-arm64/baseline-evidence.json
OK  chinese-darwin-arm64/build-input-manifest.json
OK  chinese-darwin-arm64/build-report.json
OK  chinese-darwin-arm64/conditions-input.json
OK  chinese-darwin-arm64/corpus-manifest.json
OK  chinese-darwin-arm64/darwin-arm64-preflight-v2.json
OK  chinese-darwin-arm64/input-provenance-v1.json
OK  chinese-darwin-arm64/native-build-environment-v1.json
OK  chinese-darwin-arm64/package-compliance-input-v1.json
OK  chinese-darwin-arm64/package-compliance-v1.json
OK  chinese-darwin-arm64/package-verification.json
OK  chinese-darwin-arm64/performance-assessment-v1.json
OK  chinese-darwin-arm64/performance-samples-v1.json
OK  chinese-darwin-arm64/preparation-stage-evidence-v1.json
OK  chinese-darwin-arm64/qualification-attempts-v1.json
OK  chinese-darwin-arm64/qualification-conditions-v1.json
OK  chinese-darwin-arm64/qualification-summary-v2.json
OK  chinese-darwin-arm64/raw-results.json
OK  chinese-darwin-arm64/reproducibility-proof-v1.json
OK  chinese-darwin-arm64/result-index.json
OK  chinese-darwin-arm64/runtime-conformance-v1.json
OK  english-darwin-arm64/baseline-evidence.json
OK  english-darwin-arm64/build-input-manifest.json
OK  english-darwin-arm64/build-report.json
OK  english-darwin-arm64/conditions-input.json
OK  english-darwin-arm64/corpus-manifest.json
OK  english-darwin-arm64/darwin-arm64-preflight-v2.json
OK  english-darwin-arm64/input-provenance-v1.json
OK  english-darwin-arm64/native-build-environment-v1.json
OK  english-darwin-arm64/package-compliance-input-v1.json
OK  english-darwin-arm64/package-compliance-v1.json
OK  english-darwin-arm64/package-verification.json
OK  english-darwin-arm64/performance-assessment-v1.json
OK  english-darwin-arm64/performance-samples-v1.json
OK  english-darwin-arm64/qualification-attempts-v1.json
OK  english-darwin-arm64/qualification-conditions-v1.json
OK  english-darwin-arm64/qualification-summary-v2.json
OK  english-darwin-arm64/raw-results.json
OK  english-darwin-arm64/reproducibility-proof-v1.json
OK  english-darwin-arm64/result-index.json
OK  english-darwin-arm64/runtime-conformance-v1.json
# archive and companion asset SHA-256
84783c61b8a08e0e0848a4906139210868cf552ee0104d5179be7144be432cc3  /private/tmp/autobyteus-voice-api-e2e-r16-20260804-v3/output/assets/voice-chinese-darwin-arm64-1.0.0.zip
5c7c85440d2c40dd95271473b006d609f1bd83fb87f2b46c8a4bcef6a4e102e1  /private/tmp/autobyteus-voice-api-e2e-r16-20260804-v3/output/assets/voice-chinese-darwin-arm64-1.0.0.zip.build-environment.json
1665d36d18503a027f9364b40b399c56e857187e658a61c3b34eb9b67a8684fb  /private/tmp/autobyteus-voice-api-e2e-r16-20260804-v3/output/assets/voice-chinese-darwin-arm64-1.0.0.zip.build.json
f7bfb8f17fdf52c76d036c082690bda5d488118f491add5793b9e6b6becc2478  /private/tmp/autobyteus-voice-api-e2e-r16-20260804-v3/output/assets/voice-chinese-darwin-arm64-1.0.0.zip.inputs.json
64cf8fdc25e072516882a82091973d1aec2823a9fb163e39e8d3d5840e7aa93d  /private/tmp/autobyteus-voice-api-e2e-r16-20260804-v3/output/assets/voice-chinese-darwin-arm64-1.0.0.zip.provenance.json
9e4d1d5981ba9389f63bdf98094078a6152fbac05ff42d52c287138baafa46f8  /private/tmp/autobyteus-voice-api-e2e-r16-20260804-v3/output/assets/voice-english-darwin-arm64-1.0.0.zip
5c7c85440d2c40dd95271473b006d609f1bd83fb87f2b46c8a4bcef6a4e102e1  /private/tmp/autobyteus-voice-api-e2e-r16-20260804-v3/output/assets/voice-english-darwin-arm64-1.0.0.zip.build-environment.json
b65d02080c1d9397eff6e64d07d40815f9175afef5774c1f32f8ce2d5b739ba9  /private/tmp/autobyteus-voice-api-e2e-r16-20260804-v3/output/assets/voice-english-darwin-arm64-1.0.0.zip.build.json
a6e99a6de1dc18c3c088d8be3390042a5468077c55c627ae733b180f1d0ffada  /private/tmp/autobyteus-voice-api-e2e-r16-20260804-v3/output/assets/voice-english-darwin-arm64-1.0.0.zip.inputs.json
23d549d761fa70c321874fcaef5d5df9107dfcc29db9d54f328ac6da122c3d46  /private/tmp/autobyteus-voice-api-e2e-r16-20260804-v3/output/assets/voice-english-darwin-arm64-1.0.0.zip.provenance.json
