
> @autobyteus/voice-input-runtime@1.0.0 check
> npm run check:js && npm run check:python && npm run check:go && npm run check:evidence && npm test


> @autobyteus/voice-input-runtime@1.0.0 check:js
> node tooling/check-source.mjs


> @autobyteus/voice-input-runtime@1.0.0 check:python
> python3 -m unittest discover -s tests/providers -p '*_test.py' && python3 -m compileall -q providers

.......
----------------------------------------------------------------------
Ran 7 tests in 0.073s

OK

> @autobyteus/voice-input-runtime@1.0.0 check:go
> node tooling/check-go.mjs

?   	github.com/AutoByteus/autobyteus-voice-runtime/launcher/cmd/voice-provider-launcher	[no test files]
ok  	github.com/AutoByteus/autobyteus-voice-runtime/launcher/internal	(cached)
?   	github.com/AutoByteus/autobyteus-voice-runtime/launcher/internal/embeddedplan	[no test files]
ok  	github.com/AutoByteus/autobyteus-voice-runtime/packaging/archive	(cached)
?   	github.com/AutoByteus/autobyteus-voice-runtime/packaging/cmd/provider-package-tool	[no test files]

> @autobyteus/voice-input-runtime@1.0.0 check:evidence
> node tooling/verify-english-preservation.mjs

English preservation v2 authority reproduced byte-identically.

> @autobyteus/voice-input-runtime@1.0.0 test
> node --test tests/**/*.test.mjs

TAP version 13
# Subtest: session follows ready, request, and bounded shutdown
ok 1 - session follows ready, request, and bounded shutdown
  ---
  duration_ms: 2.894958
  type: 'test'
  ...
# Subtest: malformed protocol terminally fails and awaits termination
ok 2 - malformed protocol terminally fails and awaits termination
  ---
  duration_ms: 0.485042
  type: 'test'
  ...
# Subtest: hello timeout terminally fails and awaits termination
ok 3 - hello timeout terminally fails and awaits termination
  ---
  duration_ms: 20.358375
  type: 'test'
  ...
# Subtest: write failure terminally fails without replay
ok 4 - write failure terminally fails without replay
  ---
  duration_ms: 0.521875
  type: 'test'
  ...
# Subtest: terminal failure escalates once when graceful termination is ignored
ok 5 - terminal failure escalates once when graceful termination is ignored
  ---
  duration_ms: 20.26725
  type: 'test'
  ...
# Subtest: statefully decodes UTF-8 and line delimiters split at every byte
ok 6 - statefully decodes UTF-8 and line delimiters split at every byte
  ---
  duration_ms: 3.885291
  type: 'test'
  ...
# Subtest: truncated UTF-8 on stdout termination fails the session
ok 7 - truncated UTF-8 on stdout termination fails the session
  ---
  duration_ms: 1.655209
  type: 'test'
  ...
# Subtest: cleanup removes a verified read-only package tree
ok 8 - cleanup removes a verified read-only package tree
  ---
  duration_ms: 23.786584
  type: 'test'
  ...
# Subtest: internal target mapping covers every supported Node and Go tuple
ok 9 - internal target mapping covers every supported Node and Go tuple
  ---
  duration_ms: 1.017042
  type: 'test'
  ...
# Subtest: every supported Go root manifest is bound to its locked archive
ok 10 - every supported Go root manifest is bound to its locked archive
  ---
  duration_ms: 62.222083
  type: 'test'
  ...
# Subtest: version-preserving fake Go compiler is rejected by exact bytes
ok 11 - version-preserving fake Go compiler is rejected by exact bytes
  ---
  duration_ms: 5.432042
  type: 'test'
  ...
# Subtest: official locked Go front binary without its sibling root is rejected
ok 12 - official locked Go front binary without its sibling root is rejected
  ---
  duration_ms: 96.594125
  type: 'test'
  ...
# Subtest: exact Go front binary is rejected when a sibling tool is missing
ok 13 - exact Go front binary is rejected when a sibling tool is missing
  ---
  duration_ms: 32.267291
  type: 'test'
  ...
# Subtest: exact Go front binary is rejected when a sibling tool is modified
ok 14 - exact Go front binary is rejected when a sibling tool is modified
  ---
  duration_ms: 34.299542
  type: 'test'
  ...
# Subtest: inherited alternate GOROOT is rejected before Go execution
ok 15 - inherited alternate GOROOT is rejected before Go execution
  ---
  duration_ms: 31.258875
  type: 'test'
  ...
# Subtest: inherited GOCACHEPROG is rejected before verified Go invocation
ok 16 - inherited GOCACHEPROG is rejected before verified Go invocation
  ---
  duration_ms: 60.122875
  type: 'test'
  ...
# Subtest: locked native source rejects a modified tree at the same commit
ok 17 - locked native source rejects a modified tree at the same commit
  ---
  duration_ms: 379.121666
  type: 'test'
  ...
# Subtest: wheelhouse rejects target wheel bytes changed without a version change
ok 18 - wheelhouse rejects target wheel bytes changed without a version change
  ---
  duration_ms: 2.99175
  type: 'test'
  ...
# Subtest: operator-materialized Python trees are not accepted as build inputs
ok 19 - operator-materialized Python trees are not accepted as build inputs
  ---
  duration_ms: 0.37775
  type: 'test'
  ...
# Subtest: reproducibility proof requires byte-identical archives and reports
ok 20 - reproducibility proof requires byte-identical archives and reports
  ---
  duration_ms: 189.320084
  type: 'test'
  ...
# Subtest: native build overrides are rejected case-insensitively before use
ok 21 - native build overrides are rejected case-insensitively before use
  ---
  duration_ms: 1.556666
  type: 'test'
  ...
# Subtest: the production environment owner accepts the preflight CMake symlink
ok 22 - the production environment owner accepts the preflight CMake symlink
  ---
  duration_ms: 418.044
  type: 'test'
  ...
# Subtest: the trusted PATH is closed and rechecks every selected tool
ok 23 - the trusted PATH is closed and rechecks every selected tool
  ---
  duration_ms: 33.046208
  type: 'test'
  ...
# Subtest: trusted executable bytes and explicit CMake configuration are bound
ok 24 - trusted executable bytes and explicit CMake configuration are bound
  ---
  duration_ms: 9.033792
  type: 'test'
  ...
# Subtest: resolved CMake selection must match the bound environment
ok 25 - resolved CMake selection must match the bound environment
  ---
  duration_ms: 2.515542
  type: 'test'
  ...
# Subtest: every current package builder consumes the trusted owner
ok 26 - every current package builder consumes the trusted owner
  ---
  duration_ms: 0.79825
  type: 'test'
  ...
# Subtest: pinned launcher build is byte deterministic and rejects public argv
ok 27 - pinned launcher build is byte deterministic and rejects public argv
  ---
  duration_ms: 5402.521208
  type: 'test'
  ...
# Subtest: launcher fixtures obey exact schema
ok 28 - launcher fixtures obey exact schema
  ---
  duration_ms: 51.945125
  type: 'test'
  ...
# Subtest: startup fixtures obey exact schema
ok 29 - startup fixtures obey exact schema
  ---
  duration_ms: 51.653958
  type: 'test'
  ...
# Subtest: protocol fixtures obey exact schema
ok 30 - protocol fixtures obey exact schema
  ---
  duration_ms: 59.961709
  type: 'test'
  ...
# Subtest: all public schemas compile strictly
ok 31 - all public schemas compile strictly
  ---
  duration_ms: 166.428
  type: 'test'
  ...
# Subtest: Current Release Matrix is the sole exact two-entry current authority
ok 32 - Current Release Matrix is the sole exact two-entry current authority
  ---
  duration_ms: 14.058625
  type: 'test'
  ...
# Subtest: materializer creates a closed deterministic tree from a clean exact repository
ok 33 - materializer creates a closed deterministic tree from a clean exact repository
  ---
  duration_ms: 545.091167
  type: 'test'
  ...
# Subtest: branch projection is release-neutral, exact, and independently byte-recomputed
ok 34 - branch projection is release-neutral, exact, and independently byte-recomputed
  ---
  duration_ms: 333.949791
  type: 'test'
  ...
# Subtest: release chain is acyclic and published verification is a separate always-written result
ok 35 - release chain is acyclic and published verification is a separate always-written result
  ---
  duration_ms: 597.767875
  type: 'test'
  ...
# Subtest: quarantine deletes only the failed GitHub Release and proves the tag is unchanged
ok 36 - quarantine deletes only the failed GitHub Release and proves the tag is unchanged
  ---
  duration_ms: 233.981042
  type: 'test'
  ...
# Subtest: workflow derives two current jobs and preserves post-publication separation
ok 37 - workflow derives two current jobs and preserves post-publication separation
  ---
  duration_ms: 0.652417
  type: 'test'
  ...
# Subtest: generated compliance is an exact recipe/provenance/policy/notice join
ok 38 - generated compliance is an exact recipe/provenance/policy/notice join
  ---
  duration_ms: 129.642667
  type: 'test'
  ...
# Subtest: qualification contract fixes Seatbelt and exact 30/30/100 trial sets
ok 39 - qualification contract fixes Seatbelt and exact 30/30/100 trial sets
  ---
  duration_ms: 5.535
  type: 'test'
  ...
# Subtest: every current recipe repository-file byte still matches its reviewed digest
ok 40 - every current recipe repository-file byte still matches its reviewed digest
  ---
  duration_ms: 69.442083
  type: 'test'
  ...
# Subtest: the captured healthy pmset thermal state is normal
ok 41 - the captured healthy pmset thermal state is normal
  ---
  duration_ms: 8.564875
  type: 'test'
  ...
# Subtest: an affirmative thermal or performance warning is rejected
ok 42 - an affirmative thermal or performance warning is rejected
  ---
  duration_ms: 0.848125
  type: 'test'
  ...
# Subtest: unrecognized or malformed thermal state is rejected
ok 43 - unrecognized or malformed thermal state is rejected
  ---
  duration_ms: 0.085458
  type: 'test'
  ...
# Subtest: maintained-main proof rejects descendants and accepts equality or integration
ok 44 - maintained-main proof rejects descendants and accepts equality or integration
  ---
  duration_ms: 737.52975
  type: 'test'
  ...
# Subtest: performance evidence requires executed cold resets and meaningful warm samples
ok 45 - performance evidence requires executed cold resets and meaningful warm samples
  ---
  duration_ms: 14.354792
  type: 'test'
  ...
# Subtest: a started timeout is durable before and after failure
ok 46 - a started timeout is durable before and after failure
  ---
  duration_ms: 18.470833
  type: 'test'
  ...
# Subtest: failure finalization writes partial raw, performance, summary, and non-pass decision
ok 47 - failure finalization writes partial raw, performance, summary, and non-pass decision
  ---
  duration_ms: 33.995084
  type: 'test'
  ...
# Subtest: release schema rejects declarative pass records without raw identities and measurements
ok 48 - release schema rejects declarative pass records without raw identities and measurements
  ---
  duration_ms: 60.0935
  type: 'test'
  ...
# Subtest: candidate history retains selected and unsuccessful improvement lanes by exact digest
ok 49 - candidate history retains selected and unsuccessful improvement lanes by exact digest
  ---
  duration_ms: 22.823208
  type: 'test'
  ...
# Subtest: release workflow qualifies before creating a tag and has no tag trigger
ok 50 - release workflow qualifies before creating a tag and has no tag trigger
  ---
  duration_ms: 3.183042
  type: 'test'
  ...
# Subtest: the non-root preflight identifies execute-only sudo without reading it
ok 51 - the non-root preflight identifies execute-only sudo without reading it
  ---
  duration_ms: 49.023125
  type: 'test'
  ...
# Subtest: repository-owned baseline rejects wrong digest and semantic identities
ok 52 - repository-owned baseline rejects wrong digest and semantic identities
  ---
  duration_ms: 22.840875
  type: 'test'
  ...
# Subtest: English v2 authority replaces invalid final v1 files without changing the trust boundary
ok 53 - English v2 authority replaces invalid final v1 files without changing the trust boundary
  ---
  duration_ms: 9.011417
  type: 'test'
  ...
# Subtest: checked-in corpus and baseline require 49 unique one-to-one identities
ok 54 - checked-in corpus and baseline require 49 unique one-to-one identities
  ---
  duration_ms: 1.08325
  type: 'test'
  ...
# Subtest: production corpus validator covers the English-v2 manifest shape and rejects duplicate identities
ok 55 - production corpus validator covers the English-v2 manifest shape and rejects duplicate identities
  ---
  duration_ms: 157.604625
  type: 'test'
  ...
# Subtest: English v2 authority rejects changed immutable source bytes
ok 56 - English v2 authority rejects changed immutable source bytes
  ---
  duration_ms: 8.677917
  type: 'test'
  ...
# Subtest: English v2 reproduction rejects changed generated authority when five other outputs match
ok 57 - English v2 reproduction rejects changed generated authority when five other outputs match
  ---
  duration_ms: 9.443583
  type: 'test'
  ...
# Subtest: normalization fixtures are exact
ok 58 - normalization fixtures are exact
  ---
  duration_ms: 4.149083
  type: 'test'
  ...
# Subtest: Chinese CER normalizes Traditional and Simplified symmetrically
ok 59 - Chinese CER normalizes Traditional and Simplified symmetrically
  ---
  duration_ms: 0.388625
  type: 'test'
  ...
# Subtest: canonical dictionary pipeline matches pinned OpenCC twp-to-cn
ok 60 - canonical dictionary pipeline matches pinned OpenCC twp-to-cn
  ---
  duration_ms: 6.983792
  type: 'test'
  ...
1..60
# tests 60
# suites 0
# pass 60
# fail 0
# cancelled 0
# skipped 0
# todo 0
# duration_ms 5484.435333
