TAP version 13
# Subtest: the exact Xcode clang++ alias links C++ while its identical clang target does not
ok 1 - the exact Xcode clang++ alias links C++ while its identical clang target does not
  ---
  duration_ms: 1960.420834
  type: 'test'
  ...
# Subtest: the clang++ alias rejects target, byte, topology, and directory drift
ok 2 - the clang++ alias rejects target, byte, topology, and directory drift
  ---
  duration_ms: 165.124333
  type: 'test'
  ...
# Subtest: native build overrides are rejected case-insensitively before use
ok 3 - native build overrides are rejected case-insensitively before use
  ---
  duration_ms: 0.8375
  type: 'test'
  ...
# Subtest: the production environment owner accepts the preflight CMake symlink
ok 4 - the production environment owner accepts the preflight CMake symlink
  ---
  duration_ms: 203.399042
  type: 'test'
  ...
# Subtest: the Xcode ranlib alias retains invocation semantics and authenticated topology
ok 5 - the Xcode ranlib alias retains invocation semantics and authenticated topology
  ---
  duration_ms: 234.868
  type: 'test'
  ...
# Subtest: the canonical sandboxed package entry consumes outside-authorized preflight without sudo spawn
ok 6 - the canonical sandboxed package entry consumes outside-authorized preflight without sudo spawn
  ---
  duration_ms: 580.449958
  type: 'test'
  ...
# Subtest: the trusted PATH is closed and rechecks every selected tool
ok 7 - the trusted PATH is closed and rechecks every selected tool
  ---
  duration_ms: 16.169625
  type: 'test'
  ...
# Subtest: trusted executable bytes and explicit CMake configuration are bound
ok 8 - trusted executable bytes and explicit CMake configuration are bound
  ---
  duration_ms: 1.785375
  type: 'test'
  ...
# Subtest: resolved CMake selection must match the bound environment
ok 9 - resolved CMake selection must match the bound environment
  ---
  duration_ms: 2.1725
  type: 'test'
  ...
# Subtest: every current package builder consumes the trusted owner
ok 10 - every current package builder consumes the trusted owner
  ---
  duration_ms: 0.613875
  type: 'test'
  ...
# Subtest: the locked Metal sed pipeline runs through only the authenticated closed PATH
ok 11 - the locked Metal sed pipeline runs through only the authenticated closed PATH
  ---
  duration_ms: 379.631958
  type: 'test'
  ...
1..11
# tests 11
# suites 0
# pass 11
# fail 0
# cancelled 0
# skipped 0
# todo 0
# duration_ms 2182.014417
