$ node --test tests/release/darwin-thermal-state.test.mjs tests/release/trusted-baseline.test.mjs
TAP version 13
# Subtest: the captured healthy pmset thermal state is normal
ok 1 - the captured healthy pmset thermal state is normal
  ---
  duration_ms: 3.279208
  type: 'test'
  ...
# Subtest: an affirmative thermal or performance warning is rejected
ok 2 - an affirmative thermal or performance warning is rejected
  ---
  duration_ms: 0.681209
  type: 'test'
  ...
# Subtest: unrecognized or malformed thermal state is rejected
ok 3 - unrecognized or malformed thermal state is rejected
  ---
  duration_ms: 0.069875
  type: 'test'
  ...
# Subtest: repository-owned baseline rejects wrong digest and semantic identities
ok 4 - repository-owned baseline rejects wrong digest and semantic identities
  ---
  duration_ms: 13.671209
  type: 'test'
  ...
# Subtest: English v2 authority replaces invalid final v1 files without changing the trust boundary
ok 5 - English v2 authority replaces invalid final v1 files without changing the trust boundary
  ---
  duration_ms: 5.131
  type: 'test'
  ...
# Subtest: checked-in corpus and baseline require 49 unique one-to-one identities
ok 6 - checked-in corpus and baseline require 49 unique one-to-one identities
  ---
  duration_ms: 1.158709
  type: 'test'
  ...
# Subtest: production corpus validator covers the English-v2 manifest shape and rejects duplicate identities
ok 7 - production corpus validator covers the English-v2 manifest shape and rejects duplicate identities
  ---
  duration_ms: 126.642792
  type: 'test'
  ...
# Subtest: English v2 authority rejects changed immutable source bytes
ok 8 - English v2 authority rejects changed immutable source bytes
  ---
  duration_ms: 22.651375
  type: 'test'
  ...
# Subtest: English v2 reproduction rejects changed generated authority when five other outputs match
ok 9 - English v2 reproduction rejects changed generated authority when five other outputs match
  ---
  duration_ms: 7.300333
  type: 'test'
  ...
1..9
# tests 9
# suites 0
# pass 9
# fail 0
# cancelled 0
# skipped 0
# todo 0
# duration_ms 258.734625
