
> @autobyteus/voice-input-runtime@1.0.0 check
> npm run check:js && npm run check:python && npm run check:go && npm run check:evidence && npm test


> @autobyteus/voice-input-runtime@1.0.0 check:js
> node tooling/check-source.mjs


> @autobyteus/voice-input-runtime@1.0.0 check:python
> python3 -m unittest discover -s tests/providers -p '*_test.py' && python3 -m compileall -q providers

.......
----------------------------------------------------------------------
Ran 7 tests in 0.047s

OK

> @autobyteus/voice-input-runtime@1.0.0 check:go
> node tooling/check-go.mjs

?   	github.com/AutoByteus/autobyteus-voice-runtime/contracts/catalog	[no test files]
?   	github.com/AutoByteus/autobyteus-voice-runtime/contracts/host	[no test files]
?   	github.com/AutoByteus/autobyteus-voice-runtime/contracts/install	[no test files]
?   	github.com/AutoByteus/autobyteus-voice-runtime/contracts/model	[no test files]
ok  	github.com/AutoByteus/autobyteus-voice-runtime/hostverify	(cached)
?   	github.com/AutoByteus/autobyteus-voice-runtime/integrity	[no test files]
?   	github.com/AutoByteus/autobyteus-voice-runtime/internal/contractjson	[no test files]
?   	github.com/AutoByteus/autobyteus-voice-runtime/launcher/cmd/voice-provider-launcher	[no test files]
ok  	github.com/AutoByteus/autobyteus-voice-runtime/launcher/internal	(cached)
?   	github.com/AutoByteus/autobyteus-voice-runtime/launcher/internal/embeddedplan	[no test files]
?   	github.com/AutoByteus/autobyteus-voice-runtime/modelmanager/cmd/voice-model-manager	[no test files]
ok  	github.com/AutoByteus/autobyteus-voice-runtime/modelmanager/internal	(cached)
ok  	github.com/AutoByteus/autobyteus-voice-runtime/modelstore	(cached)
ok  	github.com/AutoByteus/autobyteus-voice-runtime/packaging/archive	(cached)
?   	github.com/AutoByteus/autobyteus-voice-runtime/packaging/cmd/runtime-host-tool	[no test files]

> @autobyteus/voice-input-runtime@1.0.0 check:evidence
> node tooling/verify-english-preservation.mjs && node tooling/verify-chinese-qualification.mjs

English preservation v2 authority reproduced byte-identically.
Chinese v2 scoring/trust and Profile Resource Policy verified.

> @autobyteus/voice-input-runtime@1.0.0 test
> node --test tests/**/*.test.mjs

TAP version 13
# Subtest: byte framing accepts every split and coalesced canonical records
ok 1 - byte framing accepts every split and coalesced canonical records
  ---
  duration_ms: 10.917209
  type: 'test'
  ...
# Subtest: invalid, oversized, noncanonical, and truncated prefixed lines fail
ok 2 - invalid, oversized, noncanonical, and truncated prefixed lines fail
  ---
  duration_ms: 1.016667
  type: 'test'
  ...
# Subtest: worker duration and qualification receipt clocks remain separate
ok 3 - worker duration and qualification receipt clocks remain separate
  ---
  duration_ms: 0.121125
  type: 'test'
  ...
# Subtest: diagnostic receipt time is captured at LF consumption
ok 4 - diagnostic receipt time is captured at LF consumption
  ---
  duration_ms: 0.2995
  type: 'test'
  ...
# Subtest: closed RSS windows retain contained, crossings, touching, and shared samples
ok 5 - closed RSS windows retain contained, crossings, touching, and shared samples
  ---
  duration_ms: 0.5205
  type: 'test'
  ...
# Subtest: invalid windows, ordering, and worker regression fail closed
ok 6 - invalid windows, ordering, and worker regression fail closed
  ---
  duration_ms: 0.267917
  type: 'test'
  ...
# Subtest: failed partial preparation is retained and unrelated stderr is redacted
ok 7 - failed partial preparation is retained and unrelated stderr is redacted
  ---
  duration_ms: 0.277333
  type: 'test'
  ...
# Subtest: successful preparation with no RSS coverage fails durable evidence
ok 8 - successful preparation with no RSS coverage fails durable evidence
  ---
  duration_ms: 0.7095
  type: 'test'
  ...
# Subtest: written evidence revalidates and recomputes
ok 9 - written evidence revalidates and recomputes
  ---
  duration_ms: 22.503833
  type: 'test'
  ...
# Subtest: session follows ready, request, and bounded shutdown
ok 10 - session follows ready, request, and bounded shutdown
  ---
  duration_ms: 2.604708
  type: 'test'
  ...
# Subtest: malformed protocol terminally fails and awaits termination
ok 11 - malformed protocol terminally fails and awaits termination
  ---
  duration_ms: 0.560833
  type: 'test'
  ...
# Subtest: hello timeout terminally fails and awaits termination
ok 12 - hello timeout terminally fails and awaits termination
  ---
  duration_ms: 21.183625
  type: 'test'
  ...
# Subtest: write failure terminally fails without replay
ok 13 - write failure terminally fails without replay
  ---
  duration_ms: 0.518667
  type: 'test'
  ...
# Subtest: terminal failure escalates once when graceful termination is ignored
ok 14 - terminal failure escalates once when graceful termination is ignored
  ---
  duration_ms: 20.9425
  type: 'test'
  ...
# Subtest: statefully decodes UTF-8 and line delimiters split at every byte
ok 15 - statefully decodes UTF-8 and line delimiters split at every byte
  ---
  duration_ms: 3.776208
  type: 'test'
  ...
# Subtest: truncated UTF-8 on stdout termination fails the session
ok 16 - truncated UTF-8 on stdout termination fails the session
  ---
  duration_ms: 0.272458
  type: 'test'
  ...
# Subtest: session forwards exact raw stderr chunks without interpreting framing
ok 17 - session forwards exact raw stderr chunks without interpreting framing
  ---
  duration_ms: 0.473917
  type: 'test'
  ...
# Subtest: CommonCrypto streaming digest matches exact boundary payloads
ok 18 - CommonCrypto streaming digest matches exact boundary payloads
  ---
  duration_ms: 4782.580667
  type: 'test'
  ...
# Subtest: integrity owner is bounded, Apple-only, and classifies failures
ok 19 - integrity owner is bounded, Apple-only, and classifies failures
  ---
  duration_ms: 467.680209
  type: 'test'
  ...
# Subtest: preparation emitter writes exact private canonical lines
ok 20 - preparation emitter writes exact private canonical lines
  ---
  duration_ms: 245.064584
  type: 'test'
  ...
# Subtest: complete production Chinese worker translation set compiles with locked Apple inputs
ok 21 - complete production Chinese worker translation set compiles with locked Apple inputs
  ---
  duration_ms: 8287.162458
  type: 'test'
  ...
# Subtest: cleanup removes a verified read-only package tree
ok 22 - cleanup removes a verified read-only package tree
  ---
  duration_ms: 15.353333
  type: 'test'
  ...
# Subtest: both real host builders load their production module contracts
ok 23 - both real host builders load their production module contracts
  ---
  duration_ms: 417.410875
  type: 'test'
  ...
# Subtest: complete current host manifests have exactly one construction owner
ok 24 - complete current host manifests have exactly one construction owner
  ---
  duration_ms: 12.1365
  type: 'test'
  ...
# Subtest: real host extraction reports the logical archive root
ok 25 - real host extraction reports the logical archive root
  ---
  duration_ms: 6271.118625
  type: 'test'
  ...
# Subtest: DR-012 script and workflow metadata changes retain one canonical package input
ok 26 - DR-012 script and workflow metadata changes retain one canonical package input
  ---
  duration_ms: 499.072291
  type: 'test'
  ...
# Subtest: Host Package Input Contract 1 rejects every DR-012 install-semantic negative
ok 27 - Host Package Input Contract 1 rejects every DR-012 install-semantic negative
  ---
  duration_ms: 185.14475
  type: 'test'
  ...
# Subtest: recipe, environment, package-manager, and argument drift fail closed
ok 28 - recipe, environment, package-manager, and argument drift fail closed
  ---
  duration_ms: 233.385
  type: 'test'
  ...
# Subtest: direct child invocations have exact argument and environment closure
ok 29 - direct child invocations have exact argument and environment closure
  ---
  duration_ms: 0.671875
  type: 'test'
  ...
# Subtest: Host Source Closure 1 binds exact repository and hosted tool subjects
ok 30 - Host Source Closure 1 binds exact repository and hosted tool subjects
  ---
  duration_ms: 472.218959
  type: 'test'
  ...
# Subtest: DR-012 command facade changes preserve closure while direct source changes renew it
ok 31 - DR-012 command facade changes preserve closure while direct source changes renew it
  ---
  duration_ms: 682.555875
  type: 'test'
  ...
# Subtest: internal target mapping covers every supported Node and Go tuple
ok 32 - internal target mapping covers every supported Node and Go tuple
  ---
  duration_ms: 1.826125
  type: 'test'
  ...
# Subtest: every supported Go root manifest is bound to its locked archive
ok 33 - every supported Go root manifest is bound to its locked archive
  ---
  duration_ms: 41.540292
  type: 'test'
  ...
# Subtest: version-preserving fake Go compiler is rejected by exact bytes
ok 34 - version-preserving fake Go compiler is rejected by exact bytes
  ---
  duration_ms: 26.125875
  type: 'test'
  ...
# Subtest: official locked Go front binary without its sibling root is rejected
ok 35 - official locked Go front binary without its sibling root is rejected
  ---
  duration_ms: 105.725958
  type: 'test'
  ...
# Subtest: exact Go front binary is rejected when a sibling tool is missing
ok 36 - exact Go front binary is rejected when a sibling tool is missing
  ---
  duration_ms: 21.683333
  type: 'test'
  ...
# Subtest: exact Go front binary is rejected when a sibling tool is modified
ok 37 - exact Go front binary is rejected when a sibling tool is modified
  ---
  duration_ms: 36.459375
  type: 'test'
  ...
# Subtest: inherited alternate GOROOT is rejected before Go execution
ok 38 - inherited alternate GOROOT is rejected before Go execution
  ---
  duration_ms: 11.688958
  type: 'test'
  ...
# Subtest: inherited GOCACHEPROG is rejected before verified Go invocation
ok 39 - inherited GOCACHEPROG is rejected before verified Go invocation
  ---
  duration_ms: 51.308791
  type: 'test'
  ...
# Subtest: locked native source rejects a modified tree at the same commit
ok 40 - locked native source rejects a modified tree at the same commit
  ---
  duration_ms: 438.19925
  type: 'test'
  ...
# Subtest: wheelhouse rejects target wheel bytes changed without a version change
ok 41 - wheelhouse rejects target wheel bytes changed without a version change
  ---
  duration_ms: 4.814292
  type: 'test'
  ...
# Subtest: the exact locked topology becomes a closed relocatable reproducible tree
ok 42 - the exact locked topology becomes a closed relocatable reproducible tree
  ---
  duration_ms: 189.551125
  type: 'test'
  ...
# Subtest: unsafe, incomplete, and unexpected archive entries fail closed
    # Subtest: absolute link
    ok 1 - absolute link
      ---
      duration_ms: 29.288542
      type: 'test'
      ...
    # Subtest: escaping link
    ok 2 - escaping link
      ---
      duration_ms: 32.732792
      type: 'test'
      ...
    # Subtest: dangling link
    ok 3 - dangling link
      ---
      duration_ms: 16.0315
      type: 'test'
      ...
    # Subtest: cyclic link
    ok 4 - cyclic link
      ---
      duration_ms: 15.293208
      type: 'test'
      ...
    # Subtest: unexpected link
    ok 5 - unexpected link
      ---
      duration_ms: 18.296
      type: 'test'
      ...
    # Subtest: missing approved link
    ok 6 - missing approved link
      ---
      duration_ms: 20.069417
      type: 'test'
      ...
    # Subtest: special entry
    ok 7 - special entry
      ---
      duration_ms: 27.3595
      type: 'test'
      ...
    1..7
ok 43 - unsafe, incomplete, and unexpected archive entries fail closed
  ---
  duration_ms: 161.598417
  type: 'test'
  ...
# Subtest: Python closure excludes dependency tests and development headers coherently
ok 44 - Python closure excludes dependency tests and development headers coherently
  ---
  duration_ms: 70.773666
  type: 'test'
  ...
# Subtest: the complete observed staged manifest passes the canonical Go validator after closure
ok 45 - the complete observed staged manifest passes the canonical Go validator after closure
  ---
  duration_ms: 4830.977834
  type: 'test'
  ...
# Subtest: host reproducibility requires whole-archive and complete report equality
ok 46 - host reproducibility requires whole-archive and complete report equality
  ---
  duration_ms: 261.996834
  type: 'test'
  ...
# Subtest: the exact Xcode clang++ alias links C++ while its identical clang target does not
ok 47 - the exact Xcode clang++ alias links C++ while its identical clang target does not
  ---
  duration_ms: 2130.354208
  type: 'test'
  ...
# Subtest: the clang++ alias rejects target, byte, topology, and directory drift
ok 48 - the clang++ alias rejects target, byte, topology, and directory drift
  ---
  duration_ms: 168.414583
  type: 'test'
  ...
# Subtest: native build overrides are rejected case-insensitively before use
ok 49 - native build overrides are rejected case-insensitively before use
  ---
  duration_ms: 0.786208
  type: 'test'
  ...
# Subtest: the production environment owner accepts the preflight CMake symlink
ok 50 - the production environment owner accepts the preflight CMake symlink
  ---
  duration_ms: 303.311875
  type: 'test'
  ...
# Subtest: the Xcode ranlib alias retains invocation semantics and authenticated topology
ok 51 - the Xcode ranlib alias retains invocation semantics and authenticated topology
  ---
  duration_ms: 276.552417
  type: 'test'
  ...
# Subtest: the canonical sandboxed package entry consumes outside-authorized preflight without sudo spawn
ok 52 - the canonical sandboxed package entry consumes outside-authorized preflight without sudo spawn
  ---
  duration_ms: 831.605417
  type: 'test'
  ...
# Subtest: the trusted PATH is closed and rechecks every selected tool
ok 53 - the trusted PATH is closed and rechecks every selected tool
  ---
  duration_ms: 52.552708
  type: 'test'
  ...
# Subtest: trusted executable bytes and explicit CMake configuration are bound
ok 54 - trusted executable bytes and explicit CMake configuration are bound
  ---
  duration_ms: 2.484333
  type: 'test'
  ...
# Subtest: resolved CMake selection must match the bound environment
ok 55 - resolved CMake selection must match the bound environment
  ---
  duration_ms: 3.557583
  type: 'test'
  ...
# Subtest: the locked Metal sed pipeline runs through only the authenticated closed PATH
ok 56 - the locked Metal sed pipeline runs through only the authenticated closed PATH
  ---
  duration_ms: 556.608459
  type: 'test'
  ...
# Subtest: all public schemas compile strictly
ok 57 - all public schemas compile strictly
  ---
  duration_ms: 247.103709
  type: 'test'
  ...
# Subtest: current matrix, model authorities, and launcher plan obey target schemas
ok 58 - current matrix, model authorities, and launcher plan obey target schemas
  ---
  duration_ms: 48.489666
  type: 'test'
  ...
# Subtest: installation event variants reject cross-operation fields
ok 59 - installation event variants reject cross-operation fields
  ---
  duration_ms: 14.729708
  type: 'test'
  ...
# Subtest: Build Input path policy accepts the exact current Chinese source path set
ok 60 - Build Input path policy accepts the exact current Chinese source path set
  ---
  duration_ms: 11.736125
  type: 'test'
  ...
# Subtest: Build Input path policy rejects aliases, unsafe syntax, and collisions
ok 61 - Build Input path policy rejects aliases, unsafe syntax, and collisions
  ---
  duration_ms: 0.545709
  type: 'test'
  ...
# Subtest: aggregate verifier accepts the exact retained API-REV-016 Chinese manifest
ok 62 - aggregate verifier accepts the exact retained API-REV-016 Chinese manifest
  ---
  duration_ms: 12.466167
  type: 'test'
  ...
# Subtest: aggregate verifier retains canonical unsafe-path and record rejection
ok 63 - aggregate verifier retains canonical unsafe-path and record rejection
  ---
  duration_ms: 0.346209
  type: 'test'
  ...
# Subtest: package verification rejects an unsafe Build Input manifest record
ok 64 - package verification rejects an unsafe Build Input manifest record
  ---
  duration_ms: 4.607041
  type: 'test'
  ...
# Subtest: materialized current Chinese routing paths pass the package verifier unchanged
ok 65 - materialized current Chinese routing paths pass the package verifier unchanged
  ---
  duration_ms: 1032.209541
  type: 'test'
  ...
# Subtest: Catalog 4 binds exact admitted host/model compatibility pairs
ok 66 - Catalog 4 binds exact admitted host/model compatibility pairs
  ---
  duration_ms: 223.577541
  type: 'test'
  ...
# Subtest: the captured healthy pmset thermal state is normal
ok 67 - the captured healthy pmset thermal state is normal
  ---
  duration_ms: 4.166792
  type: 'test'
  ...
# Subtest: an affirmative thermal or performance warning is rejected
ok 68 - an affirmative thermal or performance warning is rejected
  ---
  duration_ms: 0.856959
  type: 'test'
  ...
# Subtest: unrecognized or malformed thermal state is rejected
ok 69 - unrecognized or malformed thermal state is rejected
  ---
  duration_ms: 0.097458
  type: 'test'
  ...
# Subtest: host construction truthfully retains first-profile and pre-build failures
ok 70 - host construction truthfully retains first-profile and pre-build failures
  ---
  duration_ms: 317.651333
  type: 'test'
  ...
# Subtest: the release contract contains exactly two hosts, two locators, four metadata assets, and checksums
ok 71 - the release contract contains exactly two hosts, two locators, four metadata assets, and checksums
  ---
  duration_ms: 1.987875
  type: 'test'
  ...
# Subtest: one standard-hosted job builds hosts without model or product execution
ok 72 - one standard-hosted job builds hosts without model or product execution
  ---
  duration_ms: 2.999
  type: 'test'
  ...
# Subtest: the hosted workflow selects the exact reviewed toolchain before hydration and always retains an initialized audit
ok 73 - the hosted workflow selects the exact reviewed toolchain before hydration and always retains an initialized audit
  ---
  duration_ms: 0.725208
  type: 'test'
  ...
# Subtest: the hosted toolchain owner selects and authenticates the exact Xcode SDK and CMake identities
ok 74 - the hosted toolchain owner selects and authenticates the exact Xcode SDK and CMake identities
  ---
  duration_ms: 34.963958
  type: 'test'
  ...
# Subtest: an early hosted-toolchain failure retains a truthful terminal audit and leaves later work unattempted
ok 75 - an early hosted-toolchain failure retains a truthful terminal audit and leaves later work unattempted
  ---
  duration_ms: 8.248125
  type: 'test'
  ...
# Subtest: managed recovery and combined-package entrypoints are absent
ok 76 - managed recovery and combined-package entrypoints are absent
  ---
  duration_ms: 3.239792
  type: 'test'
  ...
# Subtest: maintained-main proof rejects descendants and accepts equality or integration
ok 77 - maintained-main proof rejects descendants and accepts equality or integration
  ---
  duration_ms: 641.093167
  type: 'test'
  ...
# Subtest: the prepublication seal closes exactly eight prior assets plus checksums
ok 78 - the prepublication seal closes exactly eight prior assets plus checksums
  ---
  duration_ms: 79.137834
  type: 'test'
  ...
# Subtest: Admission 4 promotion and Verification 1 close exact F/D/R/W authority
ok 79 - Admission 4 promotion and Verification 1 close exact F/D/R/W authority
  ---
  duration_ms: 3192.964667
  type: 'test'
  ...
# Subtest: lineage verifier accepts later documentation-only W and rejects archive impact
ok 80 - lineage verifier accepts later documentation-only W and rejects archive impact
  ---
  duration_ms: 3701.454959
  type: 'test'
  ...
# Subtest: lineage-aware protection rejects mutation followed by byte-identical revert
ok 81 - lineage-aware protection rejects mutation followed by byte-identical revert
  ---
  duration_ms: 1529.662375
  type: 'test'
  ...
# Subtest: lineage verifier accepts an integration merge that preserves the R-bearing tree
ok 82 - lineage verifier accepts an integration merge that preserves the R-bearing tree
  ---
  duration_ms: 2025.796667
  type: 'test'
  ...
# Subtest: lineage verifier rejects bound policy drift and checkout closure drift
ok 83 - lineage verifier rejects bound policy drift and checkout closure drift
  ---
  duration_ms: 2769.32125
  type: 'test'
  ...
# Subtest: Admission 4 schema forbids self and later lineage edges
ok 84 - Admission 4 schema forbids self and later lineage edges
  ---
  duration_ms: 728.514875
  type: 'test'
  ...
# Subtest: promotion rejects checksum drift and verifier rejects a seventh promoted path
ok 85 - promotion rejects checksum drift and verifier rejects a seventh promoted path
  ---
  duration_ms: 1388.574834
  type: 'test'
  ...
# Subtest: Relevant Source Closure 3 selects exact rules before prefixes and keeps closed protections
ok 86 - Relevant Source Closure 3 selects exact rules before prefixes and keeps closed protections
  ---
  duration_ms: 4.508084
  type: 'test'
  ...
# Subtest: same-specificity matches choose their strictest result without reintroducing broader prefixes
ok 87 - same-specificity matches choose their strictest result without reintroducing broader prefixes
  ---
  duration_ms: 1.718167
  type: 'test'
  ...
# Subtest: complete A/M/D/R inventory classifies rename endpoints independently at their strictest impact
ok 88 - complete A/M/D/R inventory classifies rename endpoints independently at their strictest impact
  ---
  duration_ms: 395.591167
  type: 'test'
  ...
# Subtest: mandatory IR-036 regression fixture is release-only on add and modify while its sibling stays aggregate
ok 89 - mandatory IR-036 regression fixture is release-only on add and modify while its sibling stays aggregate
  ---
  duration_ms: 440.925916
  type: 'test'
  ...
# Subtest: frozen CRR-057 213-path transition resolves to exact Policy 3 expectations
ok 90 - frozen CRR-057 213-path transition resolves to exact Policy 3 expectations
  ---
  duration_ms: 35.07
  type: 'test'
  ...
# Subtest: production Admission 4 retains historical API-REV-025 subjects but requires current focused renewal
ok 91 - production Admission 4 retains historical API-REV-025 subjects but requires current focused renewal
  ---
  duration_ms: 354.537458
  type: 'test'
  ...
# Subtest: the non-root preflight identifies execute-only sudo without reading it
ok 92 - the non-root preflight identifies execute-only sudo without reading it
  ---
  duration_ms: 30.075333
  type: 'test'
  ...
# Subtest: repository-owned baseline rejects wrong digest and semantic identities
ok 93 - repository-owned baseline rejects wrong digest and semantic identities
  ---
  duration_ms: 23.69675
  type: 'test'
  ...
# Subtest: English v2 authority replaces invalid final v1 files without changing the trust boundary
ok 94 - English v2 authority replaces invalid final v1 files without changing the trust boundary
  ---
  duration_ms: 17.997708
  type: 'test'
  ...
# Subtest: Chinese v2 trust is scoring-bound and active v1 cannot participate
ok 95 - Chinese v2 trust is scoring-bound and active v1 cannot participate
  ---
  duration_ms: 27.830417
  type: 'test'
  ...
# Subtest: checked-in corpus and baseline require 49 unique one-to-one identities
ok 96 - checked-in corpus and baseline require 49 unique one-to-one identities
  ---
  duration_ms: 2.491041
  type: 'test'
  ...
# Subtest: production corpus validator covers the English-v2 manifest shape and rejects duplicate identities
ok 97 - production corpus validator covers the English-v2 manifest shape and rejects duplicate identities
  ---
  duration_ms: 197.626084
  type: 'test'
  ...
# Subtest: English v2 authority rejects changed immutable source bytes
ok 98 - English v2 authority rejects changed immutable source bytes
  ---
  duration_ms: 14.822
  type: 'test'
  ...
# Subtest: English v2 reproduction rejects changed generated authority when five other outputs match
ok 99 - English v2 reproduction rejects changed generated authority when five other outputs match
  ---
  duration_ms: 11.097
  type: 'test'
  ...
# Subtest: frozen Chinese scorer reproduces all 200 rows and 343/6580
ok 100 - frozen Chinese scorer reproduces all 200 rows and 343/6580
  ---
  duration_ms: 24.644708
  type: 'test'
  ...
# Subtest: Chinese scoring authority binds exact contract/map and excludes product punctuation
ok 101 - Chinese scoring authority binds exact contract/map and excludes product punctuation
  ---
  duration_ms: 6.887583
  type: 'test'
  ...
# Subtest: retained API-REV-014 raw text re-scores to exact 342/6580
ok 102 - retained API-REV-014 raw text re-scores to exact 342/6580
  ---
  duration_ms: 8.13225
  type: 'test'
  ...
# Subtest: normalization fixtures are exact
ok 103 - normalization fixtures are exact
  ---
  duration_ms: 14.6475
  type: 'test'
  ...
# Subtest: Chinese qualification CER is separate and symmetric
ok 104 - Chinese qualification CER is separate and symmetric
  ---
  duration_ms: 0.525833
  type: 'test'
  ...
# Subtest: canonical dictionary pipeline matches pinned OpenCC twp-to-cn
ok 105 - canonical dictionary pipeline matches pinned OpenCC twp-to-cn
  ---
  duration_ms: 9.294958
  type: 'test'
  ...
1..105
# tests 112
# suites 0
# pass 112
# fail 0
# cancelled 0
# skipped 0
# todo 0
# duration_ms 17585.139583
