TAP version 13
# Subtest: DR-012 script and workflow metadata changes retain one canonical package input
ok 1 - DR-012 script and workflow metadata changes retain one canonical package input
  ---
  duration_ms: 232.70825
  type: 'test'
  ...
# Subtest: Host Package Input Contract 1 rejects every DR-012 install-semantic negative
ok 2 - Host Package Input Contract 1 rejects every DR-012 install-semantic negative
  ---
  duration_ms: 98.802375
  type: 'test'
  ...
# Subtest: recipe, environment, package-manager, and argument drift fail closed
ok 3 - recipe, environment, package-manager, and argument drift fail closed
  ---
  duration_ms: 150.820042
  type: 'test'
  ...
# Subtest: direct child invocations have exact argument and environment closure
ok 4 - direct child invocations have exact argument and environment closure
  ---
  duration_ms: 0.580125
  type: 'test'
  ...
# Subtest: Host Source Closure 1 binds exact repository and hosted tool subjects
ok 5 - Host Source Closure 1 binds exact repository and hosted tool subjects
  ---
  duration_ms: 190.422333
  type: 'test'
  ...
# Subtest: DR-012 command facade changes preserve closure while direct source changes renew it
ok 6 - DR-012 command facade changes preserve closure while direct source changes renew it
  ---
  duration_ms: 395.423584
  type: 'test'
  ...
# Subtest: the release contract contains exactly two hosts, two locators, four metadata assets, and checksums
ok 7 - the release contract contains exactly two hosts, two locators, four metadata assets, and checksums
  ---
  duration_ms: 0.814459
  type: 'test'
  ...
# Subtest: one standard-hosted job builds hosts without model or product execution
ok 8 - one standard-hosted job builds hosts without model or product execution
  ---
  duration_ms: 2.631375
  type: 'test'
  ...
# Subtest: the hosted workflow selects the exact reviewed toolchain before hydration and always retains an initialized audit
ok 9 - the hosted workflow selects the exact reviewed toolchain before hydration and always retains an initialized audit
  ---
  duration_ms: 0.549208
  type: 'test'
  ...
# Subtest: the hosted toolchain owner selects and authenticates the exact Xcode SDK and CMake identities
ok 10 - the hosted toolchain owner selects and authenticates the exact Xcode SDK and CMake identities
  ---
  duration_ms: 31.311875
  type: 'test'
  ...
# Subtest: an early hosted-toolchain failure retains a truthful terminal audit and leaves later work unattempted
ok 11 - an early hosted-toolchain failure retains a truthful terminal audit and leaves later work unattempted
  ---
  duration_ms: 7.96175
  type: 'test'
  ...
# Subtest: managed recovery and combined-package entrypoints are absent
ok 12 - managed recovery and combined-package entrypoints are absent
  ---
  duration_ms: 1.818583
  type: 'test'
  ...
# Subtest: Relevant Source Closure 3 selects exact rules before prefixes and keeps closed protections
ok 13 - Relevant Source Closure 3 selects exact rules before prefixes and keeps closed protections
  ---
  duration_ms: 3.469375
  type: 'test'
  ...
# Subtest: same-specificity matches choose their strictest result without reintroducing broader prefixes
ok 14 - same-specificity matches choose their strictest result without reintroducing broader prefixes
  ---
  duration_ms: 1.112708
  type: 'test'
  ...
# Subtest: complete A/M/D/R inventory classifies rename endpoints independently at their strictest impact
ok 15 - complete A/M/D/R inventory classifies rename endpoints independently at their strictest impact
  ---
  duration_ms: 268.153709
  type: 'test'
  ...
# Subtest: mandatory IR-036 regression fixture is release-only on add and modify while its sibling stays aggregate
ok 16 - mandatory IR-036 regression fixture is release-only on add and modify while its sibling stays aggregate
  ---
  duration_ms: 311.911667
  type: 'test'
  ...
# Subtest: frozen CRR-057 213-path transition resolves to exact Policy 3 expectations
ok 17 - frozen CRR-057 213-path transition resolves to exact Policy 3 expectations
  ---
  duration_ms: 30.208916
  type: 'test'
  ...
# Subtest: production Admission 4 retains historical API-REV-025 subjects but requires current focused renewal
ok 18 - production Admission 4 retains historical API-REV-025 subjects but requires current focused renewal
  ---
  duration_ms: 283.248375
  type: 'test'
  ...
1..18
# tests 18
# suites 0
# pass 18
# fail 0
# cancelled 0
# skipped 0
# todo 0
# duration_ms 976.760625
