$ test -x /private/tmp/autobyteus-go1.26.5-v1/go/bin/go
$ /private/tmp/autobyteus-go1.26.5-v1/go/bin/go version
go version go1.26.5 darwin/arm64
$ node --test tests/release/trusted-baseline.test.mjs
TAP version 13
# Subtest: repository-owned baseline rejects wrong digest and semantic identities
ok 1 - repository-owned baseline rejects wrong digest and semantic identities
  ---
  duration_ms: 16.514416
  type: 'test'
  ...
# Subtest: English v2 authority replaces invalid final v1 files without changing the trust boundary
ok 2 - English v2 authority replaces invalid final v1 files without changing the trust boundary
  ---
  duration_ms: 5.461666
  type: 'test'
  ...
# Subtest: checked-in corpus and baseline require 49 unique one-to-one identities
ok 3 - checked-in corpus and baseline require 49 unique one-to-one identities
  ---
  duration_ms: 1.088625
  type: 'test'
  ...
# Subtest: production corpus validator covers the English-v2 manifest shape and rejects duplicate identities
ok 4 - production corpus validator covers the English-v2 manifest shape and rejects duplicate identities
  ---
  duration_ms: 129.357833
  type: 'test'
  ...
# Subtest: English v2 authority rejects changed immutable source bytes
ok 5 - English v2 authority rejects changed immutable source bytes
  ---
  duration_ms: 7.712625
  type: 'test'
  ...
# Subtest: English v2 reproduction rejects changed generated authority when five other outputs match
ok 6 - English v2 reproduction rejects changed generated authority when five other outputs match
  ---
  duration_ms: 7.84475
  type: 'test'
  ...
1..6
# tests 6
# suites 0
# pass 6
# fail 0
# cancelled 0
# skipped 0
# todo 0
# duration_ms 266.972916
