
> @autobyteus/voice-input-runtime@1.0.0 check
> npm run check:js && npm run check:python && npm run check:go && npm run check:evidence && npm test


> @autobyteus/voice-input-runtime@1.0.0 check:js
> node tooling/check-source.mjs


> @autobyteus/voice-input-runtime@1.0.0 check:python
> python3 -m unittest discover -s tests/providers -p '*_test.py' && python3 -m compileall -q providers

.......
----------------------------------------------------------------------
Ran 7 tests in 0.078s

OK

> @autobyteus/voice-input-runtime@1.0.0 check:go
> node tooling/check-go.mjs

?   	github.com/AutoByteus/autobyteus-voice-runtime/launcher/cmd/voice-provider-launcher	[no test files]
ok  	github.com/AutoByteus/autobyteus-voice-runtime/launcher/internal	0.545s
?   	github.com/AutoByteus/autobyteus-voice-runtime/launcher/internal/embeddedplan	[no test files]
ok  	github.com/AutoByteus/autobyteus-voice-runtime/packaging/archive	0.918s
?   	github.com/AutoByteus/autobyteus-voice-runtime/packaging/cmd/provider-package-tool	[no test files]

> @autobyteus/voice-input-runtime@1.0.0 check:evidence
> node tooling/verify-english-preservation.mjs

English preservation v2 authority reproduced byte-identically.

> @autobyteus/voice-input-runtime@1.0.0 test
> node --test tests/**/*.test.mjs

TAP version 13
# Subtest: session follows ready, request, and bounded shutdown
ok 1 - session follows ready, request, and bounded shutdown
  ---
  duration_ms: 3.094416
  type: 'test'
  ...
# Subtest: malformed protocol terminally fails and awaits termination
ok 2 - malformed protocol terminally fails and awaits termination
  ---
  duration_ms: 0.557167
  type: 'test'
  ...
# Subtest: hello timeout terminally fails and awaits termination
ok 3 - hello timeout terminally fails and awaits termination
  ---
  duration_ms: 24.428833
  type: 'test'
  ...
# Subtest: write failure terminally fails without replay
ok 4 - write failure terminally fails without replay
  ---
  duration_ms: 0.683042
  type: 'test'
  ...
# Subtest: terminal failure escalates once when graceful termination is ignored
ok 5 - terminal failure escalates once when graceful termination is ignored
  ---
  duration_ms: 20.34875
  type: 'test'
  ...
# Subtest: statefully decodes UTF-8 and line delimiters split at every byte
ok 6 - statefully decodes UTF-8 and line delimiters split at every byte
  ---
  duration_ms: 6.6025
  type: 'test'
  ...
# Subtest: truncated UTF-8 on stdout termination fails the session
ok 7 - truncated UTF-8 on stdout termination fails the session
  ---
  duration_ms: 0.338958
  type: 'test'
  ...
# Subtest: cleanup removes a verified read-only package tree
ok 8 - cleanup removes a verified read-only package tree
  ---
  duration_ms: 16.6045
  type: 'test'
  ...
# Subtest: internal target mapping covers every supported Node and Go tuple
ok 9 - internal target mapping covers every supported Node and Go tuple
  ---
  duration_ms: 1.276
  type: 'test'
  ...
# Subtest: every supported Go root manifest is bound to its locked archive
ok 10 - every supported Go root manifest is bound to its locked archive
  ---
  duration_ms: 87.727875
  type: 'test'
  ...
# Subtest: version-preserving fake Go compiler is rejected by exact bytes
ok 11 - version-preserving fake Go compiler is rejected by exact bytes
  ---
  duration_ms: 9.269916
  type: 'test'
  ...
# Subtest: official locked Go front binary without its sibling root is rejected
ok 12 - official locked Go front binary without its sibling root is rejected
  ---
  duration_ms: 133.161667
  type: 'test'
  ...
# Subtest: exact Go front binary is rejected when a sibling tool is missing
ok 13 - exact Go front binary is rejected when a sibling tool is missing
  ---
  duration_ms: 41.75375
  type: 'test'
  ...
# Subtest: exact Go front binary is rejected when a sibling tool is modified
ok 14 - exact Go front binary is rejected when a sibling tool is modified
  ---
  duration_ms: 20.013292
  type: 'test'
  ...
# Subtest: inherited alternate GOROOT is rejected before Go execution
ok 15 - inherited alternate GOROOT is rejected before Go execution
  ---
  duration_ms: 27.694708
  type: 'test'
  ...
# Subtest: inherited GOCACHEPROG is rejected before verified Go invocation
ok 16 - inherited GOCACHEPROG is rejected before verified Go invocation
  ---
  duration_ms: 66.564209
  type: 'test'
  ...
# Subtest: locked native source rejects a modified tree at the same commit
ok 17 - locked native source rejects a modified tree at the same commit
  ---
  duration_ms: 465.830459
  type: 'test'
  ...
# Subtest: wheelhouse rejects target wheel bytes changed without a version change
ok 18 - wheelhouse rejects target wheel bytes changed without a version change
  ---
  duration_ms: 2.860792
  type: 'test'
  ...
# Subtest: operator-materialized Python trees are not accepted as build inputs
ok 19 - operator-materialized Python trees are not accepted as build inputs
  ---
  duration_ms: 0.368166
  type: 'test'
  ...
# Subtest: reproducibility proof requires byte-identical archives and reports
ok 20 - reproducibility proof requires byte-identical archives and reports
  ---
  duration_ms: 167.436458
  type: 'test'
  ...
# Subtest: native build overrides are rejected case-insensitively before use
ok 21 - native build overrides are rejected case-insensitively before use
  ---
  duration_ms: 1.906209
  type: 'test'
  ...
# Subtest: the production environment owner accepts the preflight CMake symlink
ok 22 - the production environment owner accepts the preflight CMake symlink
  ---
  duration_ms: 556.579167
  type: 'test'
  ...
# Subtest: the trusted PATH is closed and rechecks every selected tool
ok 23 - the trusted PATH is closed and rechecks every selected tool
  ---
  duration_ms: 75.988292
  type: 'test'
  ...
# Subtest: trusted executable bytes and explicit CMake configuration are bound
ok 24 - trusted executable bytes and explicit CMake configuration are bound
  ---
  duration_ms: 15.0495
  type: 'test'
  ...
# Subtest: resolved CMake selection must match the bound environment
ok 25 - resolved CMake selection must match the bound environment
  ---
  duration_ms: 5.758167
  type: 'test'
  ...
# Subtest: every current package builder consumes the trusted owner
ok 26 - every current package builder consumes the trusted owner
  ---
  duration_ms: 2.124292
  type: 'test'
  ...
# Subtest: pinned launcher build is byte deterministic and rejects public argv
ok 27 - pinned launcher build is byte deterministic and rejects public argv
  ---
  duration_ms: 6033.58975
  type: 'test'
  ...
# Subtest: launcher fixtures obey exact schema
ok 28 - launcher fixtures obey exact schema
  ---
  duration_ms: 65.512291
  type: 'test'
  ...
# Subtest: startup fixtures obey exact schema
ok 29 - startup fixtures obey exact schema
  ---
  duration_ms: 40.383084
  type: 'test'
  ...
# Subtest: protocol fixtures obey exact schema
ok 30 - protocol fixtures obey exact schema
  ---
  duration_ms: 62.598292
  type: 'test'
  ...
# Subtest: all public schemas compile strictly
ok 31 - all public schemas compile strictly
  ---
  duration_ms: 259.2055
  type: 'test'
  ...
# Subtest: Current Release Matrix is the sole exact two-entry current authority
ok 32 - Current Release Matrix is the sole exact two-entry current authority
  ---
  duration_ms: 7.202334
  type: 'test'
  ...
# Subtest: materializer creates a closed deterministic tree from a clean exact repository
ok 33 - materializer creates a closed deterministic tree from a clean exact repository
  ---
  duration_ms: 611.32
  type: 'test'
  ...
# Subtest: branch projection is release-neutral, exact, and independently byte-recomputed
ok 34 - branch projection is release-neutral, exact, and independently byte-recomputed
  ---
  duration_ms: 441.062875
  type: 'test'
  ...
# Subtest: release chain is acyclic and published verification is a separate always-written result
ok 35 - release chain is acyclic and published verification is a separate always-written result
  ---
  duration_ms: 643.488583
  type: 'test'
  ...
# Subtest: quarantine deletes only the failed GitHub Release and proves the tag is unchanged
ok 36 - quarantine deletes only the failed GitHub Release and proves the tag is unchanged
  ---
  duration_ms: 264.547125
  type: 'test'
  ...
# Subtest: workflow derives two current jobs and preserves post-publication separation
ok 37 - workflow derives two current jobs and preserves post-publication separation
  ---
  duration_ms: 0.717958
  type: 'test'
  ...
# Subtest: generated compliance is an exact recipe/provenance/policy/notice join
ok 38 - generated compliance is an exact recipe/provenance/policy/notice join
  ---
  duration_ms: 257.397167
  type: 'test'
  ...
# Subtest: qualification contract fixes Seatbelt and exact 30/30/100 trial sets
ok 39 - qualification contract fixes Seatbelt and exact 30/30/100 trial sets
  ---
  duration_ms: 4.955584
  type: 'test'
  ...
# Subtest: every current recipe repository-file byte still matches its reviewed digest
ok 40 - every current recipe repository-file byte still matches its reviewed digest
  ---
  duration_ms: 51.304166
  type: 'test'
  ...
# Subtest: maintained-main proof rejects descendants and accepts equality or integration
ok 41 - maintained-main proof rejects descendants and accepts equality or integration
  ---
  duration_ms: 934.636375
  type: 'test'
  ...
# Subtest: performance evidence requires executed cold resets and meaningful warm samples
ok 42 - performance evidence requires executed cold resets and meaningful warm samples
  ---
  duration_ms: 11.555042
  type: 'test'
  ...
# Subtest: a started timeout is durable before and after failure
ok 43 - a started timeout is durable before and after failure
  ---
  duration_ms: 16.652834
  type: 'test'
  ...
# Subtest: failure finalization writes partial raw, performance, summary, and non-pass decision
ok 44 - failure finalization writes partial raw, performance, summary, and non-pass decision
  ---
  duration_ms: 22.415334
  type: 'test'
  ...
# Subtest: release schema rejects declarative pass records without raw identities and measurements
ok 45 - release schema rejects declarative pass records without raw identities and measurements
  ---
  duration_ms: 113.576125
  type: 'test'
  ...
# Subtest: candidate history retains selected and unsuccessful improvement lanes by exact digest
ok 46 - candidate history retains selected and unsuccessful improvement lanes by exact digest
  ---
  duration_ms: 51.659042
  type: 'test'
  ...
# Subtest: release workflow qualifies before creating a tag and has no tag trigger
ok 47 - release workflow qualifies before creating a tag and has no tag trigger
  ---
  duration_ms: 8.258167
  type: 'test'
  ...
# Subtest: the non-root preflight identifies execute-only sudo without reading it
ok 48 - the non-root preflight identifies execute-only sudo without reading it
  ---
  duration_ms: 46.683625
  type: 'test'
  ...
# Subtest: repository-owned baseline rejects wrong digest and semantic identities
ok 49 - repository-owned baseline rejects wrong digest and semantic identities
  ---
  duration_ms: 43.17225
  type: 'test'
  ...
# Subtest: English v2 authority replaces invalid final v1 files without changing the trust boundary
ok 50 - English v2 authority replaces invalid final v1 files without changing the trust boundary
  ---
  duration_ms: 15.677458
  type: 'test'
  ...
# Subtest: checked-in corpus and baseline require 49 unique one-to-one identities
ok 51 - checked-in corpus and baseline require 49 unique one-to-one identities
  ---
  duration_ms: 1.520083
  type: 'test'
  ...
# Subtest: production corpus validator covers the English-v2 manifest shape and rejects duplicate identities
ok 52 - production corpus validator covers the English-v2 manifest shape and rejects duplicate identities
  ---
  duration_ms: 266.567584
  type: 'test'
  ...
# Subtest: English v2 authority rejects changed immutable source bytes
ok 53 - English v2 authority rejects changed immutable source bytes
  ---
  duration_ms: 10.312208
  type: 'test'
  ...
# Subtest: English v2 reproduction rejects changed generated authority when five other outputs match
ok 54 - English v2 reproduction rejects changed generated authority when five other outputs match
  ---
  duration_ms: 16.270291
  type: 'test'
  ...
# Subtest: normalization fixtures are exact
ok 55 - normalization fixtures are exact
  ---
  duration_ms: 6.042125
  type: 'test'
  ...
# Subtest: Chinese CER normalizes Traditional and Simplified symmetrically
ok 56 - Chinese CER normalizes Traditional and Simplified symmetrically
  ---
  duration_ms: 0.760792
  type: 'test'
  ...
# Subtest: canonical dictionary pipeline matches pinned OpenCC twp-to-cn
ok 57 - canonical dictionary pipeline matches pinned OpenCC twp-to-cn
  ---
  duration_ms: 9.746375
  type: 'test'
  ...
1..57
# tests 57
# suites 0
# pass 57
# fail 0
# cancelled 0
# skipped 0
# todo 0
# duration_ms 6114.489458
