TAP version 13
# Subtest: Current Release Matrix is the sole exact two-entry current authority
ok 1 - Current Release Matrix is the sole exact two-entry current authority
  ---
  duration_ms: 7.268083
  type: 'test'
  ...
# Subtest: materializer creates a closed deterministic tree from a clean exact repository
ok 2 - materializer creates a closed deterministic tree from a clean exact repository
  ---
  duration_ms: 331.715083
  type: 'test'
  ...
# Subtest: branch projection is release-neutral, exact, and independently byte-recomputed
ok 3 - branch projection is release-neutral, exact, and independently byte-recomputed
  ---
  duration_ms: 336.879292
  type: 'test'
  ...
# Subtest: release chain is acyclic and published verification is a separate always-written result
ok 4 - release chain is acyclic and published verification is a separate always-written result
  ---
  duration_ms: 481.696125
  type: 'test'
  ...
# Subtest: quarantine deletes only the failed GitHub Release and proves the tag is unchanged
ok 5 - quarantine deletes only the failed GitHub Release and proves the tag is unchanged
  ---
  duration_ms: 198.55525
  type: 'test'
  ...
# Subtest: workflow derives two current jobs and preserves post-publication separation
ok 6 - workflow derives two current jobs and preserves post-publication separation
  ---
  duration_ms: 0.635375
  type: 'test'
  ...
# Subtest: generated compliance is an exact recipe/provenance/policy/notice join
ok 7 - generated compliance is an exact recipe/provenance/policy/notice join
  ---
  duration_ms: 71.437625
  type: 'test'
  ...
# Subtest: qualification contract fixes Seatbelt and exact 30/30/100 trial sets
ok 8 - qualification contract fixes Seatbelt and exact 30/30/100 trial sets
  ---
  duration_ms: 3.247167
  type: 'test'
  ...
# Subtest: every current recipe repository-file byte still matches its reviewed digest
ok 9 - every current recipe repository-file byte still matches its reviewed digest
  ---
  duration_ms: 10.88225
  type: 'test'
  ...
# Subtest: a post-attempt functional breach controls ledger, profile exit, and retained QSet
ok 10 - a post-attempt functional breach controls ledger, profile exit, and retained QSet
  ---
  duration_ms: 520.3265
  type: 'test'
  ...
# Subtest: Profile Resource Policy closes the exact matrix without defaults
ok 11 - Profile Resource Policy closes the exact matrix without defaults
  ---
  duration_ms: 24.274583
  type: 'test'
  ...
# Subtest: Chinese 3,949,543,424-byte peak passes hard 4 GiB and misses only optimization
ok 12 - Chinese 3,949,543,424-byte peak passes hard 4 GiB and misses only optimization
  ---
  duration_ms: 10.744625
  type: 'test'
  ...
# Subtest: English retains the 2.5 GiB hard boundary
ok 13 - English retains the 2.5 GiB hard boundary
  ---
  duration_ms: 9.623834
  type: 'test'
  ...
# Subtest: policy bytes are matrix-bound and cannot be substituted
ok 14 - policy bytes are matrix-bound and cannot be substituted
  ---
  duration_ms: 13.544875
  type: 'test'
  ...
# Subtest: a started timeout is durable before and after failure
ok 15 - a started timeout is durable before and after failure
  ---
  duration_ms: 9.266375
  type: 'test'
  ...
# Subtest: production-shaped process loss retains ledger, Summary, and Assessment before terminal failure
ok 16 - production-shaped process loss retains ledger, Summary, and Assessment before terminal failure
  ---
  duration_ms: 189.78975
  type: 'test'
  ...
# Subtest: repository-owned baseline rejects wrong digest and semantic identities
ok 17 - repository-owned baseline rejects wrong digest and semantic identities
  ---
  duration_ms: 69.460417
  type: 'test'
  ...
# Subtest: English v2 authority replaces invalid final v1 files without changing the trust boundary
ok 18 - English v2 authority replaces invalid final v1 files without changing the trust boundary
  ---
  duration_ms: 20.83925
  type: 'test'
  ...
# Subtest: Chinese v2 trust is scoring-bound and active v1 cannot participate
ok 19 - Chinese v2 trust is scoring-bound and active v1 cannot participate
  ---
  duration_ms: 30.529833
  type: 'test'
  ...
# Subtest: checked-in corpus and baseline require 49 unique one-to-one identities
ok 20 - checked-in corpus and baseline require 49 unique one-to-one identities
  ---
  duration_ms: 5.205417
  type: 'test'
  ...
# Subtest: production corpus validator covers the English-v2 manifest shape and rejects duplicate identities
ok 21 - production corpus validator covers the English-v2 manifest shape and rejects duplicate identities
  ---
  duration_ms: 123.450958
  type: 'test'
  ...
# Subtest: English v2 authority rejects changed immutable source bytes
ok 22 - English v2 authority rejects changed immutable source bytes
  ---
  duration_ms: 5.7845
  type: 'test'
  ...
# Subtest: English v2 reproduction rejects changed generated authority when five other outputs match
ok 23 - English v2 reproduction rejects changed generated authority when five other outputs match
  ---
  duration_ms: 6.7915
  type: 'test'
  ...
# Subtest: frozen Chinese scorer reproduces all 200 rows and 343/6580
ok 24 - frozen Chinese scorer reproduces all 200 rows and 343/6580
  ---
  duration_ms: 39.895292
  type: 'test'
  ...
# Subtest: Chinese scoring authority binds exact contract/map and excludes product punctuation
ok 25 - Chinese scoring authority binds exact contract/map and excludes product punctuation
  ---
  duration_ms: 7.999625
  type: 'test'
  ...
# Subtest: retained API-REV-014 raw text re-scores to exact 342/6580
ok 26 - retained API-REV-014 raw text re-scores to exact 342/6580
  ---
  duration_ms: 14.375875
  type: 'test'
  ...
# Subtest: normalization fixtures are exact
ok 27 - normalization fixtures are exact
  ---
  duration_ms: 18.949333
  type: 'test'
  ...
# Subtest: Chinese qualification CER is separate and symmetric
ok 28 - Chinese qualification CER is separate and symmetric
  ---
  duration_ms: 0.459375
  type: 'test'
  ...
# Subtest: canonical dictionary pipeline matches pinned OpenCC twp-to-cn
ok 29 - canonical dictionary pipeline matches pinned OpenCC twp-to-cn
  ---
  duration_ms: 4.811959
  type: 'test'
  ...
1..29
# tests 29
# suites 0
# pass 29
# fail 0
# cancelled 0
# skipped 0
# todo 0
# duration_ms 1517.9035
