
> @autobyteus/voice-input-runtime@1.0.0 check
> npm run check:js && npm run check:python && npm run check:go && npm run check:evidence && npm test


> @autobyteus/voice-input-runtime@1.0.0 check:js
> node tooling/check-source.mjs


> @autobyteus/voice-input-runtime@1.0.0 check:python
> python3 -m unittest discover -s tests/providers -p '*_test.py' && python3 -m compileall -q providers

.......
----------------------------------------------------------------------
Ran 7 tests in 0.054s

OK

> @autobyteus/voice-input-runtime@1.0.0 check:go
> node tooling/check-go.mjs

?   	github.com/AutoByteus/autobyteus-voice-runtime/launcher/cmd/voice-provider-launcher	[no test files]
ok  	github.com/AutoByteus/autobyteus-voice-runtime/launcher/internal	0.653s
?   	github.com/AutoByteus/autobyteus-voice-runtime/launcher/internal/embeddedplan	[no test files]
ok  	github.com/AutoByteus/autobyteus-voice-runtime/packaging/archive	0.431s
?   	github.com/AutoByteus/autobyteus-voice-runtime/packaging/cmd/provider-package-tool	[no test files]

> @autobyteus/voice-input-runtime@1.0.0 check:evidence
> node tooling/verify-english-preservation.mjs && node tooling/verify-chinese-qualification.mjs

English preservation v2 authority reproduced byte-identically.
Chinese v2 scoring/trust and Profile Resource Policy verified.

> @autobyteus/voice-input-runtime@1.0.0 test
> node --test tests/**/*.test.mjs

TAP version 13
# Subtest: session follows ready, request, and bounded shutdown
ok 1 - session follows ready, request, and bounded shutdown
  ---
  duration_ms: 2.492958
  type: 'test'
  ...
# Subtest: malformed protocol terminally fails and awaits termination
ok 2 - malformed protocol terminally fails and awaits termination
  ---
  duration_ms: 0.45675
  type: 'test'
  ...
# Subtest: hello timeout terminally fails and awaits termination
ok 3 - hello timeout terminally fails and awaits termination
  ---
  duration_ms: 20.167417
  type: 'test'
  ...
# Subtest: write failure terminally fails without replay
ok 4 - write failure terminally fails without replay
  ---
  duration_ms: 0.51275
  type: 'test'
  ...
# Subtest: terminal failure escalates once when graceful termination is ignored
ok 5 - terminal failure escalates once when graceful termination is ignored
  ---
  duration_ms: 21.120083
  type: 'test'
  ...
# Subtest: statefully decodes UTF-8 and line delimiters split at every byte
ok 6 - statefully decodes UTF-8 and line delimiters split at every byte
  ---
  duration_ms: 2.968167
  type: 'test'
  ...
# Subtest: truncated UTF-8 on stdout termination fails the session
ok 7 - truncated UTF-8 on stdout termination fails the session
  ---
  duration_ms: 0.420833
  type: 'test'
  ...
# Subtest: cleanup removes a verified read-only package tree
ok 8 - cleanup removes a verified read-only package tree
  ---
  duration_ms: 10.673833
  type: 'test'
  ...
# Subtest: internal target mapping covers every supported Node and Go tuple
ok 9 - internal target mapping covers every supported Node and Go tuple
  ---
  duration_ms: 1.054208
  type: 'test'
  ...
# Subtest: every supported Go root manifest is bound to its locked archive
ok 10 - every supported Go root manifest is bound to its locked archive
  ---
  duration_ms: 34.380834
  type: 'test'
  ...
# Subtest: version-preserving fake Go compiler is rejected by exact bytes
ok 11 - version-preserving fake Go compiler is rejected by exact bytes
  ---
  duration_ms: 5.1365
  type: 'test'
  ...
# Subtest: official locked Go front binary without its sibling root is rejected
ok 12 - official locked Go front binary without its sibling root is rejected
  ---
  duration_ms: 79.074042
  type: 'test'
  ...
# Subtest: exact Go front binary is rejected when a sibling tool is missing
ok 13 - exact Go front binary is rejected when a sibling tool is missing
  ---
  duration_ms: 36.335833
  type: 'test'
  ...
# Subtest: exact Go front binary is rejected when a sibling tool is modified
ok 14 - exact Go front binary is rejected when a sibling tool is modified
  ---
  duration_ms: 15.875167
  type: 'test'
  ...
# Subtest: inherited alternate GOROOT is rejected before Go execution
ok 15 - inherited alternate GOROOT is rejected before Go execution
  ---
  duration_ms: 8.622833
  type: 'test'
  ...
# Subtest: inherited GOCACHEPROG is rejected before verified Go invocation
ok 16 - inherited GOCACHEPROG is rejected before verified Go invocation
  ---
  duration_ms: 44.67125
  type: 'test'
  ...
# Subtest: locked native source rejects a modified tree at the same commit
ok 17 - locked native source rejects a modified tree at the same commit
  ---
  duration_ms: 395.090708
  type: 'test'
  ...
# Subtest: wheelhouse rejects target wheel bytes changed without a version change
ok 18 - wheelhouse rejects target wheel bytes changed without a version change
  ---
  duration_ms: 3.053917
  type: 'test'
  ...
# Subtest: operator-materialized Python trees are not accepted as build inputs
ok 19 - operator-materialized Python trees are not accepted as build inputs
  ---
  duration_ms: 0.340042
  type: 'test'
  ...
# Subtest: the exact locked topology becomes a closed relocatable reproducible tree
ok 20 - the exact locked topology becomes a closed relocatable reproducible tree
  ---
  duration_ms: 143.834083
  type: 'test'
  ...
# Subtest: unsafe, incomplete, and unexpected archive entries fail closed
    # Subtest: absolute link
    ok 1 - absolute link
      ---
      duration_ms: 33.30725
      type: 'test'
      ...
    # Subtest: escaping link
    ok 2 - escaping link
      ---
      duration_ms: 33.648375
      type: 'test'
      ...
    # Subtest: dangling link
    ok 3 - dangling link
      ---
      duration_ms: 18.288542
      type: 'test'
      ...
    # Subtest: cyclic link
    ok 4 - cyclic link
      ---
      duration_ms: 14.927
      type: 'test'
      ...
    # Subtest: unexpected link
    ok 5 - unexpected link
      ---
      duration_ms: 12.657917
      type: 'test'
      ...
    # Subtest: missing approved link
    ok 6 - missing approved link
      ---
      duration_ms: 12.000416
      type: 'test'
      ...
    # Subtest: special entry
    ok 7 - special entry
      ---
      duration_ms: 17.431583
      type: 'test'
      ...
    1..7
ok 21 - unsafe, incomplete, and unexpected archive entries fail closed
  ---
  duration_ms: 143.829417
  type: 'test'
  ...
# Subtest: Python closure excludes dependency tests and development headers coherently
ok 22 - Python closure excludes dependency tests and development headers coherently
  ---
  duration_ms: 26.958916
  type: 'test'
  ...
# Subtest: the complete observed staged manifest passes the canonical Go validator after closure
ok 23 - the complete observed staged manifest passes the canonical Go validator after closure
  ---
  duration_ms: 4284.45575
  type: 'test'
  ...
# Subtest: reproducibility proof requires byte-identical archives and reports
ok 24 - reproducibility proof requires byte-identical archives and reports
  ---
  duration_ms: 111.563208
  type: 'test'
  ...
# Subtest: the exact Xcode clang++ alias links C++ while its identical clang target does not
ok 25 - the exact Xcode clang++ alias links C++ while its identical clang target does not
  ---
  duration_ms: 2656.963875
  type: 'test'
  ...
# Subtest: the clang++ alias rejects target, byte, topology, and directory drift
ok 26 - the clang++ alias rejects target, byte, topology, and directory drift
  ---
  duration_ms: 157.64
  type: 'test'
  ...
# Subtest: native build overrides are rejected case-insensitively before use
ok 27 - native build overrides are rejected case-insensitively before use
  ---
  duration_ms: 0.84475
  type: 'test'
  ...
# Subtest: the production environment owner accepts the preflight CMake symlink
ok 28 - the production environment owner accepts the preflight CMake symlink
  ---
  duration_ms: 322.391125
  type: 'test'
  ...
# Subtest: the Xcode ranlib alias retains invocation semantics and authenticated topology
ok 29 - the Xcode ranlib alias retains invocation semantics and authenticated topology
  ---
  duration_ms: 271.744875
  type: 'test'
  ...
# Subtest: the canonical sandboxed package entry consumes outside-authorized preflight without sudo spawn
ok 30 - the canonical sandboxed package entry consumes outside-authorized preflight without sudo spawn
  ---
  duration_ms: 795.942375
  type: 'test'
  ...
# Subtest: the trusted PATH is closed and rechecks every selected tool
ok 31 - the trusted PATH is closed and rechecks every selected tool
  ---
  duration_ms: 64.291458
  type: 'test'
  ...
# Subtest: trusted executable bytes and explicit CMake configuration are bound
ok 32 - trusted executable bytes and explicit CMake configuration are bound
  ---
  duration_ms: 3.922334
  type: 'test'
  ...
# Subtest: resolved CMake selection must match the bound environment
ok 33 - resolved CMake selection must match the bound environment
  ---
  duration_ms: 4.508541
  type: 'test'
  ...
# Subtest: every current package builder consumes the trusted owner
ok 34 - every current package builder consumes the trusted owner
  ---
  duration_ms: 1.714875
  type: 'test'
  ...
# Subtest: the locked Metal sed pipeline runs through only the authenticated closed PATH
ok 35 - the locked Metal sed pipeline runs through only the authenticated closed PATH
  ---
  duration_ms: 525.795584
  type: 'test'
  ...
# Subtest: pinned launcher build is byte deterministic and rejects public argv
ok 36 - pinned launcher build is byte deterministic and rejects public argv
  ---
  duration_ms: 5646.865666
  type: 'test'
  ...
# Subtest: relocated public launcher bootstraps the contained Python import root
ok 37 - relocated public launcher bootstraps the contained Python import root
  ---
  duration_ms: 4640.586625
  type: 'test'
  ...
# Subtest: launcher fixtures obey exact schema
ok 38 - launcher fixtures obey exact schema
  ---
  duration_ms: 61.751
  type: 'test'
  ...
# Subtest: startup fixtures obey exact schema
ok 39 - startup fixtures obey exact schema
  ---
  duration_ms: 22.21625
  type: 'test'
  ...
# Subtest: protocol fixtures obey exact schema
ok 40 - protocol fixtures obey exact schema
  ---
  duration_ms: 25.769958
  type: 'test'
  ...
# Subtest: all public schemas compile strictly
ok 41 - all public schemas compile strictly
  ---
  duration_ms: 168.583417
  type: 'test'
  ...
# Subtest: Build Input path policy accepts the exact current Chinese source path set
ok 42 - Build Input path policy accepts the exact current Chinese source path set
  ---
  duration_ms: 11.116917
  type: 'test'
  ...
# Subtest: Build Input path policy rejects aliases, unsafe syntax, and collisions
ok 43 - Build Input path policy rejects aliases, unsafe syntax, and collisions
  ---
  duration_ms: 0.481125
  type: 'test'
  ...
# Subtest: package verification rejects an unsafe Build Input manifest record
ok 44 - package verification rejects an unsafe Build Input manifest record
  ---
  duration_ms: 5.105709
  type: 'test'
  ...
# Subtest: materialized current Chinese routing paths pass the package verifier unchanged
ok 45 - materialized current Chinese routing paths pass the package verifier unchanged
  ---
  duration_ms: 983.530417
  type: 'test'
  ...
# Subtest: Current Release Matrix is the sole exact two-entry current authority
ok 46 - Current Release Matrix is the sole exact two-entry current authority
  ---
  duration_ms: 5.116375
  type: 'test'
  ...
# Subtest: materializer creates a closed deterministic tree from a clean exact repository
ok 47 - materializer creates a closed deterministic tree from a clean exact repository
  ---
  duration_ms: 426.43375
  type: 'test'
  ...
# Subtest: branch projection is release-neutral, exact, and independently byte-recomputed
ok 48 - branch projection is release-neutral, exact, and independently byte-recomputed
  ---
  duration_ms: 442.554167
  type: 'test'
  ...
# Subtest: release chain is acyclic and published verification is a separate always-written result
ok 49 - release chain is acyclic and published verification is a separate always-written result
  ---
  duration_ms: 720.040584
  type: 'test'
  ...
# Subtest: quarantine deletes only the failed GitHub Release and proves the tag is unchanged
ok 50 - quarantine deletes only the failed GitHub Release and proves the tag is unchanged
  ---
  duration_ms: 235.243333
  type: 'test'
  ...
# Subtest: workflow derives two current jobs and preserves post-publication separation
ok 51 - workflow derives two current jobs and preserves post-publication separation
  ---
  duration_ms: 0.749625
  type: 'test'
  ...
# Subtest: generated compliance is an exact recipe/provenance/policy/notice join
ok 52 - generated compliance is an exact recipe/provenance/policy/notice join
  ---
  duration_ms: 115.114542
  type: 'test'
  ...
# Subtest: qualification contract fixes Seatbelt and exact 30/30/100 trial sets
ok 53 - qualification contract fixes Seatbelt and exact 30/30/100 trial sets
  ---
  duration_ms: 3.524417
  type: 'test'
  ...
# Subtest: every current recipe repository-file byte still matches its reviewed digest
ok 54 - every current recipe repository-file byte still matches its reviewed digest
  ---
  duration_ms: 28.228333
  type: 'test'
  ...
# Subtest: the captured healthy pmset thermal state is normal
ok 55 - the captured healthy pmset thermal state is normal
  ---
  duration_ms: 3.5305
  type: 'test'
  ...
# Subtest: an affirmative thermal or performance warning is rejected
ok 56 - an affirmative thermal or performance warning is rejected
  ---
  duration_ms: 0.75425
  type: 'test'
  ...
# Subtest: unrecognized or malformed thermal state is rejected
ok 57 - unrecognized or malformed thermal state is rejected
  ---
  duration_ms: 0.078584
  type: 'test'
  ...
# Subtest: a post-attempt functional breach controls ledger, profile exit, and retained QSet
ok 58 - a post-attempt functional breach controls ledger, profile exit, and retained QSet
  ---
  duration_ms: 836.368792
  type: 'test'
  ...
# Subtest: functional preflight retains the true six-sample average and only classifies load
ok 59 - functional preflight retains the true six-sample average and only classifies load
  ---
  duration_ms: 0.8245
  type: 'test'
  ...
# Subtest: latency reference status cannot change functional authority
ok 60 - latency reference status cannot change functional authority
  ---
  duration_ms: 0.093625
  type: 'test'
  ...
# Subtest: missing timing observations cannot enter a passing functional chain
ok 61 - missing timing observations cannot enter a passing functional chain
  ---
  duration_ms: 0.270208
  type: 'test'
  ...
# Subtest: a failed prerequisite is durable Blocked evidence, not a load classification
ok 62 - a failed prerequisite is durable Blocked evidence, not a load classification
  ---
  duration_ms: 28.721875
  type: 'test'
  ...
# Subtest: Summary 2 forbids a reverse Assessment edge and Assessment 1 has no functional decision
ok 63 - Summary 2 forbids a reverse Assessment edge and Assessment 1 has no functional decision
  ---
  duration_ms: 65.600542
  type: 'test'
  ...
# Subtest: maintained-main proof rejects descendants and accepts equality or integration
ok 64 - maintained-main proof rejects descendants and accepts equality or integration
  ---
  duration_ms: 635.096208
  type: 'test'
  ...
# Subtest: performance evidence requires executed cold resets and meaningful warm samples
ok 65 - performance evidence requires executed cold resets and meaningful warm samples
  ---
  duration_ms: 5.539
  type: 'test'
  ...
# Subtest: Profile Resource Policy closes the exact matrix without defaults
ok 66 - Profile Resource Policy closes the exact matrix without defaults
  ---
  duration_ms: 26.584167
  type: 'test'
  ...
# Subtest: Chinese 3,949,543,424-byte peak passes hard 4 GiB and misses only optimization
ok 67 - Chinese 3,949,543,424-byte peak passes hard 4 GiB and misses only optimization
  ---
  duration_ms: 9.816459
  type: 'test'
  ...
# Subtest: English retains the 2.5 GiB hard boundary
ok 68 - English retains the 2.5 GiB hard boundary
  ---
  duration_ms: 11.740791
  type: 'test'
  ...
# Subtest: policy bytes are matrix-bound and cannot be substituted
ok 69 - policy bytes are matrix-bound and cannot be substituted
  ---
  duration_ms: 12.04425
  type: 'test'
  ...
# Subtest: a started timeout is durable before and after failure
ok 70 - a started timeout is durable before and after failure
  ---
  duration_ms: 8.488833
  type: 'test'
  ...
# Subtest: production-shaped process loss retains ledger, Summary, and Assessment before terminal failure
ok 71 - production-shaped process loss retains ledger, Summary, and Assessment before terminal failure
  ---
  duration_ms: 274.310541
  type: 'test'
  ...
# Subtest: release schema rejects declarative pass records without raw identities and measurements
ok 72 - release schema rejects declarative pass records without raw identities and measurements
  ---
  duration_ms: 49.871917
  type: 'test'
  ...
# Subtest: candidate history retains selected and unsuccessful improvement lanes by exact digest
ok 73 - candidate history retains selected and unsuccessful improvement lanes by exact digest
  ---
  duration_ms: 3.2755
  type: 'test'
  ...
# Subtest: release workflow qualifies before creating a tag and has no tag trigger
ok 74 - release workflow qualifies before creating a tag and has no tag trigger
  ---
  duration_ms: 0.750458
  type: 'test'
  ...
# Subtest: the non-root preflight identifies execute-only sudo without reading it
ok 75 - the non-root preflight identifies execute-only sudo without reading it
  ---
  duration_ms: 35.776792
  type: 'test'
  ...
# Subtest: repository-owned baseline rejects wrong digest and semantic identities
ok 76 - repository-owned baseline rejects wrong digest and semantic identities
  ---
  duration_ms: 26.89225
  type: 'test'
  ...
# Subtest: English v2 authority replaces invalid final v1 files without changing the trust boundary
ok 77 - English v2 authority replaces invalid final v1 files without changing the trust boundary
  ---
  duration_ms: 7.710958
  type: 'test'
  ...
# Subtest: Chinese v2 trust is scoring-bound and active v1 cannot participate
ok 78 - Chinese v2 trust is scoring-bound and active v1 cannot participate
  ---
  duration_ms: 20.510333
  type: 'test'
  ...
# Subtest: checked-in corpus and baseline require 49 unique one-to-one identities
ok 79 - checked-in corpus and baseline require 49 unique one-to-one identities
  ---
  duration_ms: 1.05975
  type: 'test'
  ...
# Subtest: production corpus validator covers the English-v2 manifest shape and rejects duplicate identities
ok 80 - production corpus validator covers the English-v2 manifest shape and rejects duplicate identities
  ---
  duration_ms: 133.091875
  type: 'test'
  ...
# Subtest: English v2 authority rejects changed immutable source bytes
ok 81 - English v2 authority rejects changed immutable source bytes
  ---
  duration_ms: 7.766333
  type: 'test'
  ...
# Subtest: English v2 reproduction rejects changed generated authority when five other outputs match
ok 82 - English v2 reproduction rejects changed generated authority when five other outputs match
  ---
  duration_ms: 10.329875
  type: 'test'
  ...
# Subtest: frozen Chinese scorer reproduces all 200 rows and 343/6580
ok 83 - frozen Chinese scorer reproduces all 200 rows and 343/6580
  ---
  duration_ms: 24.471
  type: 'test'
  ...
# Subtest: Chinese scoring authority binds exact contract/map and excludes product punctuation
ok 84 - Chinese scoring authority binds exact contract/map and excludes product punctuation
  ---
  duration_ms: 6.776292
  type: 'test'
  ...
# Subtest: retained API-REV-014 raw text re-scores to exact 342/6580
ok 85 - retained API-REV-014 raw text re-scores to exact 342/6580
  ---
  duration_ms: 8.195416
  type: 'test'
  ...
# Subtest: normalization fixtures are exact
ok 86 - normalization fixtures are exact
  ---
  duration_ms: 5.67
  type: 'test'
  ...
# Subtest: Chinese qualification CER is separate and symmetric
ok 87 - Chinese qualification CER is separate and symmetric
  ---
  duration_ms: 0.483542
  type: 'test'
  ...
# Subtest: canonical dictionary pipeline matches pinned OpenCC twp-to-cn
ok 88 - canonical dictionary pipeline matches pinned OpenCC twp-to-cn
  ---
  duration_ms: 7.8275
  type: 'test'
  ...
1..88
# tests 95
# suites 0
# pass 95
# fail 0
# cancelled 0
# skipped 0
# todo 0
# duration_ms 5764.585208
