$ VOICE_GO=/tmp/autobyteus-go1.26.5-v1/go/bin/go npm run check

> @autobyteus/voice-input-runtime@1.0.0 check
> npm run check:js && npm run check:python && npm run check:go && npm run check:evidence && npm test


> @autobyteus/voice-input-runtime@1.0.0 check:js
> node tooling/check-source.mjs


> @autobyteus/voice-input-runtime@1.0.0 check:python
> python3 -m unittest discover -s tests/providers -p '*_test.py' && python3 -m compileall -q providers

.......
----------------------------------------------------------------------
Ran 7 tests in 0.058s

OK

> @autobyteus/voice-input-runtime@1.0.0 check:go
> node tooling/check-go.mjs

?   	github.com/AutoByteus/autobyteus-voice-runtime/launcher/cmd/voice-provider-launcher	[no test files]
ok  	github.com/AutoByteus/autobyteus-voice-runtime/launcher/internal	(cached)
?   	github.com/AutoByteus/autobyteus-voice-runtime/launcher/internal/embeddedplan	[no test files]
ok  	github.com/AutoByteus/autobyteus-voice-runtime/packaging/archive	(cached)
?   	github.com/AutoByteus/autobyteus-voice-runtime/packaging/cmd/provider-package-tool	[no test files]

> @autobyteus/voice-input-runtime@1.0.0 check:evidence
> node tooling/verify-english-preservation.mjs

English preservation v2 authority reproduced byte-identically.

> @autobyteus/voice-input-runtime@1.0.0 test
> node --test tests/**/*.test.mjs

TAP version 13
# Subtest: session follows ready, request, and bounded shutdown
ok 1 - session follows ready, request, and bounded shutdown
  ---
  duration_ms: 2.532542
  type: 'test'
  ...
# Subtest: malformed protocol terminally fails and awaits termination
ok 2 - malformed protocol terminally fails and awaits termination
  ---
  duration_ms: 0.506209
  type: 'test'
  ...
# Subtest: hello timeout terminally fails and awaits termination
ok 3 - hello timeout terminally fails and awaits termination
  ---
  duration_ms: 20.690458
  type: 'test'
  ...
# Subtest: write failure terminally fails without replay
ok 4 - write failure terminally fails without replay
  ---
  duration_ms: 0.512666
  type: 'test'
  ...
# Subtest: terminal failure escalates once when graceful termination is ignored
ok 5 - terminal failure escalates once when graceful termination is ignored
  ---
  duration_ms: 19.823209
  type: 'test'
  ...
# Subtest: statefully decodes UTF-8 and line delimiters split at every byte
ok 6 - statefully decodes UTF-8 and line delimiters split at every byte
  ---
  duration_ms: 2.698333
  type: 'test'
  ...
# Subtest: truncated UTF-8 on stdout termination fails the session
ok 7 - truncated UTF-8 on stdout termination fails the session
  ---
  duration_ms: 0.942
  type: 'test'
  ...
# Subtest: cleanup removes a verified read-only package tree
ok 8 - cleanup removes a verified read-only package tree
  ---
  duration_ms: 9.986667
  type: 'test'
  ...
# Subtest: internal target mapping covers every supported Node and Go tuple
ok 9 - internal target mapping covers every supported Node and Go tuple
  ---
  duration_ms: 1.664334
  type: 'test'
  ...
# Subtest: every supported Go root manifest is bound to its locked archive
ok 10 - every supported Go root manifest is bound to its locked archive
  ---
  duration_ms: 31.293375
  type: 'test'
  ...
# Subtest: version-preserving fake Go compiler is rejected by exact bytes
ok 11 - version-preserving fake Go compiler is rejected by exact bytes
  ---
  duration_ms: 4.021958
  type: 'test'
  ...
# Subtest: official locked Go front binary without its sibling root is rejected
ok 12 - official locked Go front binary without its sibling root is rejected
  ---
  duration_ms: 70.603208
  type: 'test'
  ...
# Subtest: exact Go front binary is rejected when a sibling tool is missing
ok 13 - exact Go front binary is rejected when a sibling tool is missing
  ---
  duration_ms: 9.107
  type: 'test'
  ...
# Subtest: exact Go front binary is rejected when a sibling tool is modified
ok 14 - exact Go front binary is rejected when a sibling tool is modified
  ---
  duration_ms: 6.025792
  type: 'test'
  ...
# Subtest: inherited alternate GOROOT is rejected before Go execution
ok 15 - inherited alternate GOROOT is rejected before Go execution
  ---
  duration_ms: 5.452917
  type: 'test'
  ...
# Subtest: inherited GOCACHEPROG is rejected before verified Go invocation
ok 16 - inherited GOCACHEPROG is rejected before verified Go invocation
  ---
  duration_ms: 45.402167
  type: 'test'
  ...
# Subtest: locked native source rejects a modified tree at the same commit
ok 17 - locked native source rejects a modified tree at the same commit
  ---
  duration_ms: 281.608458
  type: 'test'
  ...
# Subtest: wheelhouse rejects target wheel bytes changed without a version change
ok 18 - wheelhouse rejects target wheel bytes changed without a version change
  ---
  duration_ms: 2.406125
  type: 'test'
  ...
# Subtest: operator-materialized Python trees are not accepted as build inputs
ok 19 - operator-materialized Python trees are not accepted as build inputs
  ---
  duration_ms: 0.255417
  type: 'test'
  ...
# Subtest: reproducibility proof requires byte-identical archives and reports
ok 20 - reproducibility proof requires byte-identical archives and reports
  ---
  duration_ms: 99.99575
  type: 'test'
  ...
# Subtest: pinned launcher build is byte deterministic and rejects public argv
ok 21 - pinned launcher build is byte deterministic and rejects public argv
  ---
  duration_ms: 4161.910458
  type: 'test'
  ...
# Subtest: launcher fixtures obey exact schema
ok 22 - launcher fixtures obey exact schema
  ---
  duration_ms: 40.191833
  type: 'test'
  ...
# Subtest: startup fixtures obey exact schema
ok 23 - startup fixtures obey exact schema
  ---
  duration_ms: 24.238041
  type: 'test'
  ...
# Subtest: protocol fixtures obey exact schema
ok 24 - protocol fixtures obey exact schema
  ---
  duration_ms: 28.044167
  type: 'test'
  ...
# Subtest: all public schemas compile strictly
ok 25 - all public schemas compile strictly
  ---
  duration_ms: 44.058292
  type: 'test'
  ...
# Subtest: maintained-main proof rejects descendants and accepts equality or integration
ok 26 - maintained-main proof rejects descendants and accepts equality or integration
  ---
  duration_ms: 507.720958
  type: 'test'
  ...
# Subtest: performance evidence requires executed cold resets and meaningful warm samples
ok 27 - performance evidence requires executed cold resets and meaningful warm samples
  ---
  duration_ms: 5.908
  type: 'test'
  ...
# Subtest: release schema rejects declarative pass records without raw identities and measurements
ok 28 - release schema rejects declarative pass records without raw identities and measurements
  ---
  duration_ms: 55.528833
  type: 'test'
  ...
# Subtest: candidate history retains selected and unsuccessful improvement lanes by exact digest
ok 29 - candidate history retains selected and unsuccessful improvement lanes by exact digest
  ---
  duration_ms: 11.188208
  type: 'test'
  ...
# Subtest: release workflow qualifies before creating a tag and has no tag trigger
ok 30 - release workflow qualifies before creating a tag and has no tag trigger
  ---
  duration_ms: 0.996791
  type: 'test'
  ...
# Subtest: repository-owned baseline rejects wrong digest and semantic identities
ok 31 - repository-owned baseline rejects wrong digest and semantic identities
  ---
  duration_ms: 34.227792
  type: 'test'
  ...
# Subtest: English v2 authority replaces invalid final v1 files without changing the trust boundary
ok 32 - English v2 authority replaces invalid final v1 files without changing the trust boundary
  ---
  duration_ms: 5.967417
  type: 'test'
  ...
# Subtest: checked-in corpus and baseline require 49 unique one-to-one identities
ok 33 - checked-in corpus and baseline require 49 unique one-to-one identities
  ---
  duration_ms: 1.215333
  type: 'test'
  ...
# Subtest: production corpus validator covers the English-v2 manifest shape and rejects duplicate identities
ok 34 - production corpus validator covers the English-v2 manifest shape and rejects duplicate identities
  ---
  duration_ms: 114.184375
  type: 'test'
  ...
# Subtest: English v2 authority rejects changed immutable source bytes
ok 35 - English v2 authority rejects changed immutable source bytes
  ---
  duration_ms: 7.135166
  type: 'test'
  ...
# Subtest: English v2 reproduction rejects changed generated authority when five other outputs match
ok 36 - English v2 reproduction rejects changed generated authority when five other outputs match
  ---
  duration_ms: 7.560791
  type: 'test'
  ...
# Subtest: normalization fixtures are exact
ok 37 - normalization fixtures are exact
  ---
  duration_ms: 8.573209
  type: 'test'
  ...
# Subtest: Chinese CER normalizes Traditional and Simplified symmetrically
ok 38 - Chinese CER normalizes Traditional and Simplified symmetrically
  ---
  duration_ms: 0.416416
  type: 'test'
  ...
# Subtest: canonical dictionary pipeline matches pinned OpenCC twp-to-cn
ok 39 - canonical dictionary pipeline matches pinned OpenCC twp-to-cn
  ---
  duration_ms: 7.064792
  type: 'test'
  ...
1..39
# tests 39
# suites 0
# pass 39
# fail 0
# cancelled 0
# skipped 0
# todo 0
# duration_ms 4221.288833
