$ node --test tests/release/functional-gate-retention.test.mjs tests/release/darwin-thermal-state.test.mjs tests/release/trusted-baseline.test.mjs
TAP version 13
# Subtest: the captured healthy pmset thermal state is normal
ok 1 - the captured healthy pmset thermal state is normal
  ---
  duration_ms: 2.928875
  type: 'test'
  ...
# Subtest: an affirmative thermal or performance warning is rejected
ok 2 - an affirmative thermal or performance warning is rejected
  ---
  duration_ms: 0.706084
  type: 'test'
  ...
# Subtest: unrecognized or malformed thermal state is rejected
ok 3 - unrecognized or malformed thermal state is rejected
  ---
  duration_ms: 0.072542
  type: 'test'
  ...
# Subtest: a post-attempt functional breach controls ledger, profile exit, and retained QSet
ok 4 - a post-attempt functional breach controls ledger, profile exit, and retained QSet
  ---
  duration_ms: 452.601667
  type: 'test'
  ...
# Subtest: repository-owned baseline rejects wrong digest and semantic identities
ok 5 - repository-owned baseline rejects wrong digest and semantic identities
  ---
  duration_ms: 13.751125
  type: 'test'
  ...
# Subtest: English v2 authority replaces invalid final v1 files without changing the trust boundary
ok 6 - English v2 authority replaces invalid final v1 files without changing the trust boundary
  ---
  duration_ms: 5.635375
  type: 'test'
  ...
# Subtest: checked-in corpus and baseline require 49 unique one-to-one identities
ok 7 - checked-in corpus and baseline require 49 unique one-to-one identities
  ---
  duration_ms: 0.914375
  type: 'test'
  ...
# Subtest: production corpus validator covers the English-v2 manifest shape and rejects duplicate identities
ok 8 - production corpus validator covers the English-v2 manifest shape and rejects duplicate identities
  ---
  duration_ms: 116.614291
  type: 'test'
  ...
# Subtest: English v2 authority rejects changed immutable source bytes
ok 9 - English v2 authority rejects changed immutable source bytes
  ---
  duration_ms: 7.674542
  type: 'test'
  ...
# Subtest: English v2 reproduction rejects changed generated authority when five other outputs match
ok 10 - English v2 reproduction rejects changed generated authority when five other outputs match
  ---
  duration_ms: 6.968291
  type: 'test'
  ...
1..10
# tests 10
# suites 0
# pass 10
# fail 0
# cancelled 0
# skipped 0
# todo 0
# duration_ms 675.674875
