TAP version 13
# Subtest: DR-012 script and workflow metadata changes retain one canonical package input
ok 1 - DR-012 script and workflow metadata changes retain one canonical package input
  ---
  duration_ms: 256.63925
  type: 'test'
  ...
# Subtest: Host Package Input Contract 1 rejects every DR-012 install-semantic negative
ok 2 - Host Package Input Contract 1 rejects every DR-012 install-semantic negative
  ---
  duration_ms: 93.764208
  type: 'test'
  ...
# Subtest: recipe, environment, package-manager, and argument drift fail closed
ok 3 - recipe, environment, package-manager, and argument drift fail closed
  ---
  duration_ms: 155.966959
  type: 'test'
  ...
# Subtest: direct child invocations have exact argument and environment closure
ok 4 - direct child invocations have exact argument and environment closure
  ---
  duration_ms: 0.908667
  type: 'test'
  ...
# Subtest: Host Source Closure 1 binds exact repository and hosted tool subjects
ok 5 - Host Source Closure 1 binds exact repository and hosted tool subjects
  ---
  duration_ms: 242.809458
  type: 'test'
  ...
# Subtest: DR-012 command facade changes preserve closure while direct source changes renew it
ok 6 - DR-012 command facade changes preserve closure while direct source changes renew it
  ---
  duration_ms: 418.220084
  type: 'test'
  ...
# Subtest: the release contract contains exactly two hosts, two locators, four metadata assets, and checksums
ok 7 - the release contract contains exactly two hosts, two locators, four metadata assets, and checksums
  ---
  duration_ms: 0.942166
  type: 'test'
  ...
# Subtest: one standard-hosted job builds hosts without model or product execution
ok 8 - one standard-hosted job builds hosts without model or product execution
  ---
  duration_ms: 3.013542
  type: 'test'
  ...
# Subtest: the hosted workflow selects the exact reviewed toolchain before hydration and always retains an initialized audit
ok 9 - the hosted workflow selects the exact reviewed toolchain before hydration and always retains an initialized audit
  ---
  duration_ms: 0.698458
  type: 'test'
  ...
# Subtest: the hosted toolchain owner selects and authenticates the exact Xcode SDK and CMake identities
ok 10 - the hosted toolchain owner selects and authenticates the exact Xcode SDK and CMake identities
  ---
  duration_ms: 34.346458
  type: 'test'
  ...
# Subtest: an early hosted-toolchain failure retains a truthful terminal audit and leaves later work unattempted
ok 11 - an early hosted-toolchain failure retains a truthful terminal audit and leaves later work unattempted
  ---
  duration_ms: 8.422834
  type: 'test'
  ...
# Subtest: managed recovery and combined-package entrypoints are absent
ok 12 - managed recovery and combined-package entrypoints are absent
  ---
  duration_ms: 1.138291
  type: 'test'
  ...
# Subtest: Relevant Source Closure 3 selects exact rules before prefixes and keeps closed protections
ok 13 - Relevant Source Closure 3 selects exact rules before prefixes and keeps closed protections
  ---
  duration_ms: 4.044625
  type: 'test'
  ...
# Subtest: same-specificity matches choose their strictest result without reintroducing broader prefixes
ok 14 - same-specificity matches choose their strictest result without reintroducing broader prefixes
  ---
  duration_ms: 1.28425
  type: 'test'
  ...
# Subtest: complete A/M/D/R inventory classifies rename endpoints independently at their strictest impact
ok 15 - complete A/M/D/R inventory classifies rename endpoints independently at their strictest impact
  ---
  duration_ms: 291.176416
  type: 'test'
  ...
# Subtest: mandatory IR-036 regression fixture is release-only on add and modify while its sibling stays aggregate
ok 16 - mandatory IR-036 regression fixture is release-only on add and modify while its sibling stays aggregate
  ---
  duration_ms: 365.892875
  type: 'test'
  ...
# Subtest: frozen CRR-057 213-path transition resolves to exact Policy 3 expectations
ok 17 - frozen CRR-057 213-path transition resolves to exact Policy 3 expectations
  ---
  duration_ms: 74.298708
  type: 'test'
  ...
# Subtest: production Admission 4 retains historical API-REV-025 subjects but requires current focused renewal
ok 18 - production Admission 4 retains historical API-REV-025 subjects but requires current focused renewal
  ---
  duration_ms: 348.247333
  type: 'test'
  ...
1..18
# tests 18
# suites 0
# pass 18
# fail 0
# cancelled 0
# skipped 0
# todo 0
# duration_ms 1185.576375
