source_worktree=/Users/normy/autobyteus_org/autobyteus-worktrees/voice-input-runtime-reliability-runtime
reviewed_source=2e9399b214adbfe9d0cc245b256c152b2c0de7e4
HEAD is now at 2e9399b Preserve authenticated ranlib alias semantics
head=2e9399b214adbfe9d0cc245b256c152b2c0de7e4
status_begin
status_end
changed_from_api_rev_011_source_begin
M	benchmark/darwin-arm64-preflight-contract.mjs
M	benchmark/darwin-arm64-runner-preflight.mjs
M	build/native-tool-identities.mjs
M	build/resolved-cmake-configuration.mjs
M	build/trusted-native-environment.mjs
M	contracts/build/native-build-environment-v1.schema.json
M	contracts/qualification/darwin-arm64-preflight-v2.schema.json
M	tests/build/trusted-native-environment.test.mjs
M	tests/fixtures/passing-darwin-preflight.mjs
M	tickets/in-progress/voice-input-runtime-reliability/api-e2e-coverage-investigation.md
A	tickets/in-progress/voice-input-runtime-reliability/api-e2e-evidence/api-rev-011/SHA256SUMS.txt
A	tickets/in-progress/voice-input-runtime-reliability/api-e2e-evidence/api-rev-011/chinese-darwin-arm64/API-F-008-chinese-ranlib-alias-analysis.json
A	tickets/in-progress/voice-input-runtime-reliability/api-e2e-evidence/api-rev-011/chinese-darwin-arm64/API-F-008-chinese-ranlib-alias-loss-failure.json
A	tickets/in-progress/voice-input-runtime-reliability/api-e2e-evidence/api-rev-011/chinese-darwin-arm64/API-VOICE-004-chinese-input-SHA256SUMS.json
A	tickets/in-progress/voice-input-runtime-reliability/api-e2e-evidence/api-rev-011/chinese-darwin-arm64/API-VOICE-004-chinese-input-provenance-v1.json
A	tickets/in-progress/voice-input-runtime-reliability/api-e2e-evidence/api-rev-011/chinese-darwin-arm64/API-VOICE-004-ranlib-alias-semantics-probe.log
A	tickets/in-progress/voice-input-runtime-reliability/api-e2e-evidence/api-rev-011/chinese-darwin-arm64/build-primary.exit-code
A	tickets/in-progress/voice-input-runtime-reliability/api-e2e-evidence/api-rev-011/chinese-darwin-arm64/build-primary.log
A	tickets/in-progress/voice-input-runtime-reliability/api-e2e-evidence/api-rev-011/chinese-darwin-arm64/create-native-build-environment.log
A	tickets/in-progress/voice-input-runtime-reliability/api-e2e-evidence/api-rev-011/chinese-darwin-arm64/native-build-environment.json
A	tickets/in-progress/voice-input-runtime-reliability/api-e2e-evidence/api-rev-011/environment/cleanup-and-process-scan.log
A	tickets/in-progress/voice-input-runtime-reliability/api-e2e-evidence/api-rev-011/environment/darwin-arm64-preflight-v2.json
A	tickets/in-progress/voice-input-runtime-reliability/api-e2e-evidence/api-rev-011/environment/functional-preflight-v2.log
A	tickets/in-progress/voice-input-runtime-reliability/api-e2e-evidence/api-rev-011/environment/voice-caffeinate.pid
A	tickets/in-progress/voice-input-runtime-reliability/api-e2e-evidence/api-rev-011/inputs/corpus-validation.log
A	tickets/in-progress/voice-input-runtime-reliability/api-e2e-evidence/api-rev-011/inputs/materialization.log
A	tickets/in-progress/voice-input-runtime-reliability/api-e2e-evidence/api-rev-011/repository/API-VOICE-003-004-shared-contract-impact.json
A	tickets/in-progress/voice-input-runtime-reliability/api-e2e-evidence/api-rev-011/repository/focused-build-input-path.log
A	tickets/in-progress/voice-input-runtime-reliability/api-e2e-evidence/api-rev-011/repository/local-clone.log
A	tickets/in-progress/voice-input-runtime-reliability/api-e2e-evidence/api-rev-011/repository/npm-ci.log
A	tickets/in-progress/voice-input-runtime-reliability/api-e2e-evidence/api-rev-011/repository/npm-run-check.log
A	tickets/in-progress/voice-input-runtime-reliability/api-e2e-evidence/api-rev-011/repository/retained-build-input-verification.log
M	tickets/in-progress/voice-input-runtime-reliability/api-e2e-execution-coverage-report.md
M	tickets/in-progress/voice-input-runtime-reliability/api-e2e-revision-record.md
M	tickets/in-progress/voice-input-runtime-reliability/implementation-handoff.md
M	tickets/in-progress/voice-input-runtime-reliability/implementation-revision-record.md
changed_from_api_rev_011_source_end
