./API-VOICE-026-focused-renewal-summary.json: OK
./aggregate/branch-catalog-projection-v3.json: OK
./aggregate/branch-catalog-projection-verification-v3.json: OK
./aggregate/branch-catalog-projection-verification.exit-code: OK
./aggregate/branch-catalog-projection-verification.log: OK
./aggregate/branch-catalog-projection.exit-code: OK
./aggregate/branch-catalog-projection.log: OK
./aggregate/chinese-current-execution-subject.json: OK
./aggregate/chinese-focused-qualification-input.json: OK
./aggregate/chinese-historical-execution-subject.json: OK
./aggregate/chinese-profile-execution-closure-v2.json: OK
./aggregate/chinese-profile-execution-closure.exit-code: OK
./aggregate/chinese-profile-execution-closure.log: OK
./aggregate/derive-execution-subjects.log: OK
./aggregate/english-current-execution-subject.json: OK
./aggregate/english-focused-qualification-input.json: OK
./aggregate/english-historical-execution-subject.json: OK
./aggregate/english-profile-execution-closure-v2.json: OK
./aggregate/english-profile-execution-closure.exit-code: OK
./aggregate/english-profile-execution-closure.log: OK
./aggregate/focused-authority-SHA256SUMS.txt: OK
./aggregate/focused-qualification-set-v3.json: OK
./aggregate/focused-qualification-set.exit-code: OK
./aggregate/focused-qualification-set.log: OK
./aggregate/profile-execution-closure-basis.json: OK
./aggregate/release-source-admission-v4.json: OK
./aggregate/release-source-admission.exit-code: OK
./aggregate/release-source-admission.log: OK
./cleanup/postcleanup-status.txt: OK
./cleanup/precleanup-status.txt: OK
./environment/host-build-environment-v2.json: OK
./environment/host-inventory.txt: OK
./host-build/build-chinese-a.command: OK
./host-build/build-chinese-a.exit-code: OK
./host-build/build-chinese-a.log: OK
./host-build/build-chinese-b.command: OK
./host-build/build-chinese-b.exit-code: OK
./host-build/build-chinese-b.log: OK
./host-build/build-english-a.command: OK
./host-build/build-english-a.exit-code: OK
./host-build/build-english-a.log: OK
./host-build/build-english-b.command: OK
./host-build/build-english-b.exit-code: OK
./host-build/build-english-b.log: OK
./host-build/chinese-double-build-identities.txt: OK
./host-build/chinese-host-build-report-v2.json: OK
./host-build/chinese-host-input-manifest.json: OK
./host-build/chinese-host-input-provenance-v2.json: OK
./host-build/chinese-host-reproducibility-proof-v2.json: OK
./host-build/chinese-host-verification-v2.json: OK
./host-build/chinese-host-verification.exit-code: OK
./host-build/chinese-host-verification.log: OK
./host-build/chinese-prebuild-host-source-closure-v1.json: OK
./host-build/chinese-reproducibility.exit-code: OK
./host-build/chinese-reproducibility.log: OK
./host-build/derive-prebuild-closures.log: OK
./host-build/english-double-build-identities.txt: OK
./host-build/english-host-build-report-v2.json: OK
./host-build/english-host-input-manifest.json: OK
./host-build/english-host-input-provenance-v2.json: OK
./host-build/english-host-reproducibility-proof-v2.json: OK
./host-build/english-host-verification-v2.json: OK
./host-build/english-host-verification.exit-code: OK
./host-build/english-host-verification.log: OK
./host-build/english-prebuild-host-source-closure-v1.json: OK
./host-build/english-reproducibility.exit-code: OK
./host-build/english-reproducibility.log: OK
./host-build/prebuild-closure-results.json: OK
./inputs/chinese-host-input-manifest.json: OK
./inputs/chinese-host-input-provenance-v2.json: OK
./inputs/english-host-input-manifest.json: OK
./inputs/english-host-input-provenance-v2.json: OK
./inputs/materialize-chinese.exit-code: OK
./inputs/materialize-chinese.log: OK
./inputs/materialize-english.exit-code: OK
./inputs/materialize-english.log: OK
./install/api-e2e-preinstall-release-evidence-v4.json: OK
./install/build-preinstall-catalog.log: OK
./install/chinese-install-event-verification.json: OK
./install/chinese-installed-store-verification.json: OK
./install/chinese-production-install.command: OK
./install/chinese-production-install.exit-code: OK
./install/chinese-production-install.jsonl.gz: OK
./install/chinese-production-install.stderr: OK
./install/chinese-status-after-install.exit-code: OK
./install/chinese-status-after-install.jsonl: OK
./install/chinese-status-after-install.stderr: OK
./install/english-install-event-verification.json: OK
./install/english-installed-store-verification.json: OK
./install/english-production-install.command: OK
./install/english-production-install.exit-code: OK
./install/english-production-install.jsonl.gz: OK
./install/english-production-install.stderr: OK
./install/english-status-after-install.exit-code: OK
./install/english-status-after-install.jsonl: OK
./install/english-status-after-install.stderr: OK
./install/install-processes.txt: OK
./install/preinstall-catalog-assets.txt: OK
./install/voice-runtime-catalog-v4.json: OK
./json-parse-verification.txt: OK
./promotion/committed-authority-verification.exit-code: OK
./promotion/committed-authority-verification.log: OK
./promotion/independent-committed-authority-verification.json: OK
./promotion/independent-promotion-shape.txt: OK
./promotion/postcommit-status.txt: OK
./promotion/postpromotion-check-release-pipeline.exit-code: OK
./promotion/postpromotion-check-release-pipeline.log: OK
./promotion/promote-release-authority.exit-code: OK
./promotion/promote-release-authority.log: OK
./promotion/promotion-commit.log: OK
./promotion/promotion-commit.txt: OK
./promotion/release-admission-verification-v1.json: OK
./promotion/staged-diff-check.txt: OK
./promotion/staged-exact-six.txt: OK
./promotion/verification-clone.log: OK
./repository/assigned-worktree-initial-status.txt: OK
./repository/exact-source-initial-state.txt: OK
./repository/execution-subjects.txt: OK
./repository/focused-contract-closure-release.exit-code: OK
./repository/focused-contract-closure-release.log: OK
./repository/npm-ci.log: OK
./repository/npm-run-check-release-pipeline.exit-code: OK
./repository/npm-run-check-release-pipeline.log: OK
./repository/npm-run-check.exit-code: OK
./repository/npm-run-check.log: OK
./repository/worktree-add.log: OK
./runtime/chinese-host-expectation-v2.json: OK
./runtime/chinese-offline-retained-clip-smoke.exit-code: OK
./runtime/chinese-offline-retained-clip-smoke.json: OK
./runtime/chinese-offline-retained-clip-smoke.log: OK
./runtime/chinese-relocated-extract-report.json: OK
./runtime/chinese-relocated-extract.exit-code: OK
./runtime/chinese-relocated-extract.log: OK
./runtime/english-host-expectation-v2.json: OK
./runtime/english-offline-retained-clip-smoke.exit-code: OK
./runtime/english-offline-retained-clip-smoke.json: OK
./runtime/english-offline-retained-clip-smoke.log: OK
./runtime/english-relocated-extract-report.json: OK
./runtime/english-relocated-extract.exit-code: OK
./runtime/english-relocated-extract.log: OK
./runtime/retained-clip-authority.txt: OK
