./API-VOICE-025-zero-profile-release-authority-promotion.json: OK
./admission/admission-v4-independent-verification.json: OK
./admission/assemble-release-source-admission-v4.exit-code: OK
./admission/assemble-release-source-admission-v4.log: OK
./admission/post-admission-clean-status.txt: OK
./admission/v1.0.0-release-source-admission-v4.json: OK
./promotion/commit.log: OK
./promotion/committed-show.txt: OK
./promotion/post-commit-clean-status.txt: OK
./promotion/promote-release-authority.exit-code: OK
./promotion/promote-release-authority.log: OK
./promotion/release-authority-commit.txt: OK
./promotion/staged-diff-check.log: OK
./promotion/staged-diff-stat.txt: OK
./promotion/staged-name-status.txt: OK
./promotion/staged-status.txt: OK
./repository/admitted-source-identity.txt: OK
./repository/api-rev-025-checksums.log: OK
./repository/clean-d-status.txt: OK
./repository/coverage-impact-decision.json: OK
./repository/execution-subjects.txt: OK
./repository/npm-ci.exit-code: OK
./repository/npm-ci.log: OK
./repository/npm-run-check-release-pipeline.exit-code: OK
./repository/npm-run-check-release-pipeline.log: OK
./repository/post-npm-ci-clean-status.txt: OK
./repository/pre-admission-clean-status.txt: OK
./verification/committed-release-authority-verification.json: OK
./verification/d-to-r-name-status.txt: OK
./verification/final-clean-status.txt: OK
./verification/release-authority-commit-identity.txt: OK
./verification/zero-profile-execution-counts.json: OK
