
> @autobyteus/voice-input-runtime@1.0.0 check:release-pipeline
> node tooling/check-release-pipeline.mjs && node --test tests/release/catalog-v4.test.mjs tests/release/host-construction-result.test.mjs tests/release/host-release-contracts.test.mjs tests/release/prepublication-chain.test.mjs tests/release/release-source-admission-verifier.test.mjs tests/release/relevant-source-closure-v3.test.mjs

TAP version 13
# Subtest: Catalog 4 binds exact admitted host/model compatibility pairs
ok 1 - Catalog 4 binds exact admitted host/model compatibility pairs
  ---
  duration_ms: 184.852625
  type: 'test'
  ...
# Subtest: host construction truthfully retains first-profile and pre-build failures
ok 2 - host construction truthfully retains first-profile and pre-build failures
  ---
  duration_ms: 246.862542
  type: 'test'
  ...
# Subtest: the release contract contains exactly two hosts, two locators, four metadata assets, and checksums
ok 3 - the release contract contains exactly two hosts, two locators, four metadata assets, and checksums
  ---
  duration_ms: 1.148542
  type: 'test'
  ...
# Subtest: one standard-hosted job builds hosts without model or product execution
ok 4 - one standard-hosted job builds hosts without model or product execution
  ---
  duration_ms: 3.420209
  type: 'test'
  ...
# Subtest: managed recovery and combined-package entrypoints are absent
ok 5 - managed recovery and combined-package entrypoints are absent
  ---
  duration_ms: 1.333542
  type: 'test'
  ...
# Subtest: the prepublication seal closes exactly eight prior assets plus checksums
ok 6 - the prepublication seal closes exactly eight prior assets plus checksums
  ---
  duration_ms: 82.789167
  type: 'test'
  ...
# Subtest: Admission 4 promotion and Verification 1 close exact F/D/R/W authority
ok 7 - Admission 4 promotion and Verification 1 close exact F/D/R/W authority
  ---
  duration_ms: 2907.475708
  type: 'test'
  ...
# Subtest: lineage verifier accepts later documentation-only W and rejects archive impact
ok 8 - lineage verifier accepts later documentation-only W and rejects archive impact
  ---
  duration_ms: 3646.429125
  type: 'test'
  ...
# Subtest: lineage-aware protection rejects mutation followed by byte-identical revert
ok 9 - lineage-aware protection rejects mutation followed by byte-identical revert
  ---
  duration_ms: 1670.455042
  type: 'test'
  ...
# Subtest: lineage verifier accepts an integration merge that preserves the R-bearing tree
ok 10 - lineage verifier accepts an integration merge that preserves the R-bearing tree
  ---
  duration_ms: 2159.03925
  type: 'test'
  ...
# Subtest: lineage verifier rejects bound policy drift and checkout closure drift
ok 11 - lineage verifier rejects bound policy drift and checkout closure drift
  ---
  duration_ms: 2985.4535
  type: 'test'
  ...
# Subtest: Admission 4 schema forbids self and later lineage edges
ok 12 - Admission 4 schema forbids self and later lineage edges
  ---
  duration_ms: 744.071041
  type: 'test'
  ...
# Subtest: promotion rejects checksum drift and verifier rejects a seventh promoted path
ok 13 - promotion rejects checksum drift and verifier rejects a seventh promoted path
  ---
  duration_ms: 1519.266458
  type: 'test'
  ...
# Subtest: Relevant Source Closure 3 selects exact rules before prefixes and keeps closed protections
ok 14 - Relevant Source Closure 3 selects exact rules before prefixes and keeps closed protections
  ---
  duration_ms: 4.065167
  type: 'test'
  ...
# Subtest: same-specificity matches choose their strictest result without reintroducing broader prefixes
ok 15 - same-specificity matches choose their strictest result without reintroducing broader prefixes
  ---
  duration_ms: 1.260583
  type: 'test'
  ...
# Subtest: complete A/M/D/R inventory classifies rename endpoints independently at their strictest impact
ok 16 - complete A/M/D/R inventory classifies rename endpoints independently at their strictest impact
  ---
  duration_ms: 305.344625
  type: 'test'
  ...
# Subtest: mandatory IR-036 regression fixture is release-only on add and modify while its sibling stays aggregate
ok 17 - mandatory IR-036 regression fixture is release-only on add and modify while its sibling stays aggregate
  ---
  duration_ms: 330.492417
  type: 'test'
  ...
# Subtest: frozen CRR-057 213-path transition resolves to exact Policy 3 expectations
ok 18 - frozen CRR-057 213-path transition resolves to exact Policy 3 expectations
  ---
  duration_ms: 30.474583
  type: 'test'
  ...
# Subtest: production Admission 4 assembler accepts actual current F..D with exact API-REV-025 subjects
ok 19 - production Admission 4 assembler accepts actual current F..D with exact API-REV-025 subjects
  ---
  duration_ms: 368.574792
  type: 'test'
  ...
1..19
# tests 19
# suites 0
# pass 19
# fail 0
# cancelled 0
# skipped 0
# todo 0
# duration_ms 15717.335708
