TAP version 13
# Subtest: native build overrides are rejected case-insensitively before use
ok 1 - native build overrides are rejected case-insensitively before use
  ---
  duration_ms: 0.898166
  type: 'test'
  ...
# Subtest: the production environment owner accepts the preflight CMake symlink
ok 2 - the production environment owner accepts the preflight CMake symlink
  ---
  duration_ms: 201.693459
  type: 'test'
  ...
# Subtest: the canonical sandboxed package entry consumes outside-authorized preflight without sudo spawn
ok 3 - the canonical sandboxed package entry consumes outside-authorized preflight without sudo spawn
  ---
  duration_ms: 599.377666
  type: 'test'
  ...
# Subtest: the trusted PATH is closed and rechecks every selected tool
ok 4 - the trusted PATH is closed and rechecks every selected tool
  ---
  duration_ms: 17.23025
  type: 'test'
  ...
# Subtest: trusted executable bytes and explicit CMake configuration are bound
ok 5 - trusted executable bytes and explicit CMake configuration are bound
  ---
  duration_ms: 1.971041
  type: 'test'
  ...
# Subtest: resolved CMake selection must match the bound environment
ok 6 - resolved CMake selection must match the bound environment
  ---
  duration_ms: 1.682042
  type: 'test'
  ...
# Subtest: every current package builder consumes the trusted owner
ok 7 - every current package builder consumes the trusted owner
  ---
  duration_ms: 0.758709
  type: 'test'
  ...
# Subtest: a post-attempt functional breach controls ledger, profile exit, and retained QSet
ok 8 - a post-attempt functional breach controls ledger, profile exit, and retained QSet
  ---
  duration_ms: 531.4275
  type: 'test'
  ...
# Subtest: the non-root preflight identifies execute-only sudo without reading it
ok 9 - the non-root preflight identifies execute-only sudo without reading it
  ---
  duration_ms: 34.277458
  type: 'test'
  ...
# Subtest: repository-owned baseline rejects wrong digest and semantic identities
ok 10 - repository-owned baseline rejects wrong digest and semantic identities
  ---
  duration_ms: 14.146458
  type: 'test'
  ...
# Subtest: English v2 authority replaces invalid final v1 files without changing the trust boundary
ok 11 - English v2 authority replaces invalid final v1 files without changing the trust boundary
  ---
  duration_ms: 9.21025
  type: 'test'
  ...
# Subtest: checked-in corpus and baseline require 49 unique one-to-one identities
ok 12 - checked-in corpus and baseline require 49 unique one-to-one identities
  ---
  duration_ms: 0.933083
  type: 'test'
  ...
# Subtest: production corpus validator covers the English-v2 manifest shape and rejects duplicate identities
ok 13 - production corpus validator covers the English-v2 manifest shape and rejects duplicate identities
  ---
  duration_ms: 113.547083
  type: 'test'
  ...
# Subtest: English v2 authority rejects changed immutable source bytes
ok 14 - English v2 authority rejects changed immutable source bytes
  ---
  duration_ms: 5.40175
  type: 'test'
  ...
# Subtest: English v2 reproduction rejects changed generated authority when five other outputs match
ok 15 - English v2 reproduction rejects changed generated authority when five other outputs match
  ---
  duration_ms: 5.945375
  type: 'test'
  ...
1..15
# tests 15
# suites 0
# pass 15
# fail 0
# cancelled 0
# skipped 0
# todo 0
# duration_ms 959.31175
