node:internal/errors:983
  const err = new Error(message);
              ^

Error: Command failed: /Users/normy/.hermes/node/bin/node /private/tmp/autobyteus-voice-api-e2e-r10-20260803/repository/build/profile-builders/funasr.mjs --target darwin-arm64 --inputs /private/tmp/autobyteus-voice-api-e2e-r10-20260803/output/inputs/chinese-darwin-arm64 --stage /var/folders/7w/9r4_s1_s42z3f7c136bpjf0r0000gn/T/voice-provider-package-TaL3o7/package --build-environment /var/folders/7w/9r4_s1_s42z3f7c136bpjf0r0000gn/T/voice-provider-package-TaL3o7/native-build-environment-v1.json --trusted-tools /var/folders/7w/9r4_s1_s42z3f7c136bpjf0r0000gn/T/voice-provider-package-TaL3o7/trusted-native-tools
file:///private/tmp/autobyteus-voice-api-e2e-r10-20260803/repository/build/locked-inputs.mjs:89
      throw new Error("Invalid input manifest record.");
            ^

Error: Invalid input manifest record.
    at verifyInputManifest (file:///private/tmp/autobyteus-voice-api-e2e-r10-20260803/repository/build/locked-inputs.mjs:89:13)
    at async prepare (file:///private/tmp/autobyteus-voice-api-e2e-r10-20260803/repository/build/profile-builders/common.mjs:28:25)
    at async file:///private/tmp/autobyteus-voice-api-e2e-r10-20260803/repository/build/profile-builders/funasr.mjs:27:17

Node.js v22.23.1

    at genericNodeError (node:internal/errors:983:15)
    at wrappedFn (node:internal/errors:537:14)
    at ChildProcess.exithandler (node:child_process:417:12)
    at ChildProcess.emit (node:events:519:28)
    at maybeClose (node:internal/child_process:1101:16)
    at ChildProcess._handle.onexit (node:internal/child_process:304:5) {
  code: 1,
  killed: false,
  signal: null,
  cmd: '/Users/normy/.hermes/node/bin/node /private/tmp/autobyteus-voice-api-e2e-r10-20260803/repository/build/profile-builders/funasr.mjs --target darwin-arm64 --inputs /private/tmp/autobyteus-voice-api-e2e-r10-20260803/output/inputs/chinese-darwin-arm64 --stage /var/folders/7w/9r4_s1_s42z3f7c136bpjf0r0000gn/T/voice-provider-package-TaL3o7/package --build-environment /var/folders/7w/9r4_s1_s42z3f7c136bpjf0r0000gn/T/voice-provider-package-TaL3o7/native-build-environment-v1.json --trusted-tools /var/folders/7w/9r4_s1_s42z3f7c136bpjf0r0000gn/T/voice-provider-package-TaL3o7/trusted-native-tools',
  stdout: '',
  stderr: 'file:///private/tmp/autobyteus-voice-api-e2e-r10-20260803/repository/build/locked-inputs.mjs:89\n' +
    '      throw new Error("Invalid input manifest record.");\n' +
    '            ^\n' +
    '\n' +
    'Error: Invalid input manifest record.\n' +
    '    at verifyInputManifest (file:///private/tmp/autobyteus-voice-api-e2e-r10-20260803/repository/build/locked-inputs.mjs:89:13)\n' +
    '    at async prepare (file:///private/tmp/autobyteus-voice-api-e2e-r10-20260803/repository/build/profile-builders/common.mjs:28:25)\n' +
    '    at async file:///private/tmp/autobyteus-voice-api-e2e-r10-20260803/repository/build/profile-builders/funasr.mjs:27:17\n' +
    '\n' +
    'Node.js v22.23.1\n'
}

Node.js v22.23.1
