TAP version 13
# Subtest: relocated public launcher bootstraps the contained Python import root
ok 1 - relocated public launcher bootstraps the contained Python import root
  ---
  duration_ms: 2516.29225
  type: 'test'
  ...
# Subtest: a post-attempt functional breach controls ledger, profile exit, and retained QSet
ok 2 - a post-attempt functional breach controls ledger, profile exit, and retained QSet
  ---
  duration_ms: 448.537125
  type: 'test'
  ...
# Subtest: a started timeout is durable before and after failure
ok 3 - a started timeout is durable before and after failure
  ---
  duration_ms: 7.930459
  type: 'test'
  ...
# Subtest: production-shaped process loss retains ledger, Summary, and Assessment before terminal failure
ok 4 - production-shaped process loss retains ledger, Summary, and Assessment before terminal failure
  ---
  duration_ms: 164.296708
  type: 'test'
  ...
1..4
# tests 4
# suites 0
# pass 4
# fail 0
# cancelled 0
# skipped 0
# todo 0
# duration_ms 2567.354
