
> @autobyteus/voice-input-runtime@1.0.0 check
> npm run check:js && npm run check:python && npm run check:go && npm run check:evidence && npm test


> @autobyteus/voice-input-runtime@1.0.0 check:js
> node tooling/check-source.mjs


> @autobyteus/voice-input-runtime@1.0.0 check:python
> python3 -m unittest discover -s tests/providers -p '*_test.py' && python3 -m compileall -q providers

.......
----------------------------------------------------------------------
Ran 7 tests in 0.060s

OK

> @autobyteus/voice-input-runtime@1.0.0 check:go
> node tooling/check-go.mjs

?   	github.com/AutoByteus/autobyteus-voice-runtime/launcher/cmd/voice-provider-launcher	[no test files]
ok  	github.com/AutoByteus/autobyteus-voice-runtime/launcher/internal	0.311s
?   	github.com/AutoByteus/autobyteus-voice-runtime/launcher/internal/embeddedplan	[no test files]
ok  	github.com/AutoByteus/autobyteus-voice-runtime/packaging/archive	0.581s
?   	github.com/AutoByteus/autobyteus-voice-runtime/packaging/cmd/provider-package-tool	[no test files]

> @autobyteus/voice-input-runtime@1.0.0 check:evidence
> node tooling/verify-english-preservation.mjs

English preservation v2 authority reproduced byte-identically.

> @autobyteus/voice-input-runtime@1.0.0 test
> node --test tests/**/*.test.mjs

TAP version 13
# Subtest: session follows ready, request, and bounded shutdown
ok 1 - session follows ready, request, and bounded shutdown
  ---
  duration_ms: 2.492334
  type: 'test'
  ...
# Subtest: malformed protocol terminally fails and awaits termination
ok 2 - malformed protocol terminally fails and awaits termination
  ---
  duration_ms: 0.451
  type: 'test'
  ...
# Subtest: hello timeout terminally fails and awaits termination
ok 3 - hello timeout terminally fails and awaits termination
  ---
  duration_ms: 20.663459
  type: 'test'
  ...
# Subtest: write failure terminally fails without replay
ok 4 - write failure terminally fails without replay
  ---
  duration_ms: 0.490833
  type: 'test'
  ...
# Subtest: terminal failure escalates once when graceful termination is ignored
ok 5 - terminal failure escalates once when graceful termination is ignored
  ---
  duration_ms: 20.576125
  type: 'test'
  ...
# Subtest: statefully decodes UTF-8 and line delimiters split at every byte
ok 6 - statefully decodes UTF-8 and line delimiters split at every byte
  ---
  duration_ms: 3.009833
  type: 'test'
  ...
# Subtest: truncated UTF-8 on stdout termination fails the session
ok 7 - truncated UTF-8 on stdout termination fails the session
  ---
  duration_ms: 0.27125
  type: 'test'
  ...
# Subtest: cleanup removes a verified read-only package tree
ok 8 - cleanup removes a verified read-only package tree
  ---
  duration_ms: 12.426916
  type: 'test'
  ...
# Subtest: internal target mapping covers every supported Node and Go tuple
ok 9 - internal target mapping covers every supported Node and Go tuple
  ---
  duration_ms: 3.948208
  type: 'test'
  ...
# Subtest: every supported Go root manifest is bound to its locked archive
ok 10 - every supported Go root manifest is bound to its locked archive
  ---
  duration_ms: 38.339917
  type: 'test'
  ...
# Subtest: version-preserving fake Go compiler is rejected by exact bytes
ok 11 - version-preserving fake Go compiler is rejected by exact bytes
  ---
  duration_ms: 13.281208
  type: 'test'
  ...
# Subtest: official locked Go front binary without its sibling root is rejected
ok 12 - official locked Go front binary without its sibling root is rejected
  ---
  duration_ms: 126.820708
  type: 'test'
  ...
# Subtest: exact Go front binary is rejected when a sibling tool is missing
ok 13 - exact Go front binary is rejected when a sibling tool is missing
  ---
  duration_ms: 64.333125
  type: 'test'
  ...
# Subtest: exact Go front binary is rejected when a sibling tool is modified
ok 14 - exact Go front binary is rejected when a sibling tool is modified
  ---
  duration_ms: 45.257292
  type: 'test'
  ...
# Subtest: inherited alternate GOROOT is rejected before Go execution
ok 15 - inherited alternate GOROOT is rejected before Go execution
  ---
  duration_ms: 10.52425
  type: 'test'
  ...
# Subtest: inherited GOCACHEPROG is rejected before verified Go invocation
ok 16 - inherited GOCACHEPROG is rejected before verified Go invocation
  ---
  duration_ms: 46.205458
  type: 'test'
  ...
# Subtest: locked native source rejects a modified tree at the same commit
ok 17 - locked native source rejects a modified tree at the same commit
  ---
  duration_ms: 373.253584
  type: 'test'
  ...
# Subtest: wheelhouse rejects target wheel bytes changed without a version change
ok 18 - wheelhouse rejects target wheel bytes changed without a version change
  ---
  duration_ms: 3.186417
  type: 'test'
  ...
# Subtest: operator-materialized Python trees are not accepted as build inputs
ok 19 - operator-materialized Python trees are not accepted as build inputs
  ---
  duration_ms: 0.285708
  type: 'test'
  ...
# Subtest: the exact locked topology becomes a closed relocatable reproducible tree
ok 20 - the exact locked topology becomes a closed relocatable reproducible tree
  ---
  duration_ms: 157.048417
  type: 'test'
  ...
# Subtest: unsafe, incomplete, and unexpected archive entries fail closed
    # Subtest: absolute link
    ok 1 - absolute link
      ---
      duration_ms: 15.327625
      type: 'test'
      ...
    # Subtest: escaping link
    ok 2 - escaping link
      ---
      duration_ms: 17.415375
      type: 'test'
      ...
    # Subtest: dangling link
    ok 3 - dangling link
      ---
      duration_ms: 24.976375
      type: 'test'
      ...
    # Subtest: cyclic link
    ok 4 - cyclic link
      ---
      duration_ms: 33.482125
      type: 'test'
      ...
    # Subtest: unexpected link
    ok 5 - unexpected link
      ---
      duration_ms: 26.227875
      type: 'test'
      ...
    # Subtest: missing approved link
    ok 6 - missing approved link
      ---
      duration_ms: 20.887833
      type: 'test'
      ...
    # Subtest: special entry
    ok 7 - special entry
      ---
      duration_ms: 32.446292
      type: 'test'
      ...
    1..7
ok 21 - unsafe, incomplete, and unexpected archive entries fail closed
  ---
  duration_ms: 172.521792
  type: 'test'
  ...
# Subtest: Python closure excludes dependency tests and development headers coherently
ok 22 - Python closure excludes dependency tests and development headers coherently
  ---
  duration_ms: 29.196167
  type: 'test'
  ...
# Subtest: the complete observed staged manifest passes the canonical Go validator after closure
ok 23 - the complete observed staged manifest passes the canonical Go validator after closure
  ---
  duration_ms: 3955.289
  type: 'test'
  ...
# Subtest: reproducibility proof requires byte-identical archives and reports
ok 24 - reproducibility proof requires byte-identical archives and reports
  ---
  duration_ms: 117.717792
  type: 'test'
  ...
# Subtest: native build overrides are rejected case-insensitively before use
ok 25 - native build overrides are rejected case-insensitively before use
  ---
  duration_ms: 0.765125
  type: 'test'
  ...
# Subtest: the production environment owner accepts the preflight CMake symlink
ok 26 - the production environment owner accepts the preflight CMake symlink
  ---
  duration_ms: 368.897042
  type: 'test'
  ...
# Subtest: the canonical sandboxed package entry consumes outside-authorized preflight without sudo spawn
ok 27 - the canonical sandboxed package entry consumes outside-authorized preflight without sudo spawn
  ---
  duration_ms: 692.697
  type: 'test'
  ...
# Subtest: the trusted PATH is closed and rechecks every selected tool
ok 28 - the trusted PATH is closed and rechecks every selected tool
  ---
  duration_ms: 24.085917
  type: 'test'
  ...
# Subtest: trusted executable bytes and explicit CMake configuration are bound
ok 29 - trusted executable bytes and explicit CMake configuration are bound
  ---
  duration_ms: 2.969833
  type: 'test'
  ...
# Subtest: resolved CMake selection must match the bound environment
ok 30 - resolved CMake selection must match the bound environment
  ---
  duration_ms: 2.595209
  type: 'test'
  ...
# Subtest: every current package builder consumes the trusted owner
ok 31 - every current package builder consumes the trusted owner
  ---
  duration_ms: 1.355834
  type: 'test'
  ...
# Subtest: pinned launcher build is byte deterministic and rejects public argv
ok 32 - pinned launcher build is byte deterministic and rejects public argv
  ---
  duration_ms: 5521.1055
  type: 'test'
  ...
# Subtest: relocated public launcher bootstraps the contained Python import root
ok 33 - relocated public launcher bootstraps the contained Python import root
  ---
  duration_ms: 4241.095583
  type: 'test'
  ...
# Subtest: launcher fixtures obey exact schema
ok 34 - launcher fixtures obey exact schema
  ---
  duration_ms: 48.968625
  type: 'test'
  ...
# Subtest: startup fixtures obey exact schema
ok 35 - startup fixtures obey exact schema
  ---
  duration_ms: 20.513333
  type: 'test'
  ...
# Subtest: protocol fixtures obey exact schema
ok 36 - protocol fixtures obey exact schema
  ---
  duration_ms: 32.140917
  type: 'test'
  ...
# Subtest: all public schemas compile strictly
ok 37 - all public schemas compile strictly
  ---
  duration_ms: 197.092125
  type: 'test'
  ...
# Subtest: Current Release Matrix is the sole exact two-entry current authority
ok 38 - Current Release Matrix is the sole exact two-entry current authority
  ---
  duration_ms: 6.710042
  type: 'test'
  ...
# Subtest: materializer creates a closed deterministic tree from a clean exact repository
ok 39 - materializer creates a closed deterministic tree from a clean exact repository
  ---
  duration_ms: 483.972958
  type: 'test'
  ...
# Subtest: branch projection is release-neutral, exact, and independently byte-recomputed
ok 40 - branch projection is release-neutral, exact, and independently byte-recomputed
  ---
  duration_ms: 425.699083
  type: 'test'
  ...
# Subtest: release chain is acyclic and published verification is a separate always-written result
ok 41 - release chain is acyclic and published verification is a separate always-written result
  ---
  duration_ms: 561.677959
  type: 'test'
  ...
# Subtest: quarantine deletes only the failed GitHub Release and proves the tag is unchanged
ok 42 - quarantine deletes only the failed GitHub Release and proves the tag is unchanged
  ---
  duration_ms: 229.9265
  type: 'test'
  ...
# Subtest: workflow derives two current jobs and preserves post-publication separation
ok 43 - workflow derives two current jobs and preserves post-publication separation
  ---
  duration_ms: 0.726875
  type: 'test'
  ...
# Subtest: generated compliance is an exact recipe/provenance/policy/notice join
ok 44 - generated compliance is an exact recipe/provenance/policy/notice join
  ---
  duration_ms: 81.228917
  type: 'test'
  ...
# Subtest: qualification contract fixes Seatbelt and exact 30/30/100 trial sets
ok 45 - qualification contract fixes Seatbelt and exact 30/30/100 trial sets
  ---
  duration_ms: 3.44425
  type: 'test'
  ...
# Subtest: every current recipe repository-file byte still matches its reviewed digest
ok 46 - every current recipe repository-file byte still matches its reviewed digest
  ---
  duration_ms: 17.9735
  type: 'test'
  ...
# Subtest: the captured healthy pmset thermal state is normal
ok 47 - the captured healthy pmset thermal state is normal
  ---
  duration_ms: 4.175792
  type: 'test'
  ...
# Subtest: an affirmative thermal or performance warning is rejected
ok 48 - an affirmative thermal or performance warning is rejected
  ---
  duration_ms: 0.891542
  type: 'test'
  ...
# Subtest: unrecognized or malformed thermal state is rejected
ok 49 - unrecognized or malformed thermal state is rejected
  ---
  duration_ms: 0.153584
  type: 'test'
  ...
# Subtest: a post-attempt functional breach controls ledger, profile exit, and retained QSet
ok 50 - a post-attempt functional breach controls ledger, profile exit, and retained QSet
  ---
  duration_ms: 648.170708
  type: 'test'
  ...
# Subtest: functional preflight retains the true six-sample average and only classifies load
ok 51 - functional preflight retains the true six-sample average and only classifies load
  ---
  duration_ms: 0.823334
  type: 'test'
  ...
# Subtest: latency reference status cannot change functional authority
ok 52 - latency reference status cannot change functional authority
  ---
  duration_ms: 0.091833
  type: 'test'
  ...
# Subtest: missing timing observations cannot enter a passing functional chain
ok 53 - missing timing observations cannot enter a passing functional chain
  ---
  duration_ms: 0.260416
  type: 'test'
  ...
# Subtest: a failed prerequisite is durable Blocked evidence, not a load classification
ok 54 - a failed prerequisite is durable Blocked evidence, not a load classification
  ---
  duration_ms: 28.048541
  type: 'test'
  ...
# Subtest: Summary 2 forbids a reverse Assessment edge and Assessment 1 has no functional decision
ok 55 - Summary 2 forbids a reverse Assessment edge and Assessment 1 has no functional decision
  ---
  duration_ms: 39.019875
  type: 'test'
  ...
# Subtest: maintained-main proof rejects descendants and accepts equality or integration
ok 56 - maintained-main proof rejects descendants and accepts equality or integration
  ---
  duration_ms: 586.909458
  type: 'test'
  ...
# Subtest: performance evidence requires executed cold resets and meaningful warm samples
ok 57 - performance evidence requires executed cold resets and meaningful warm samples
  ---
  duration_ms: 5.683625
  type: 'test'
  ...
# Subtest: a started timeout is durable before and after failure
ok 58 - a started timeout is durable before and after failure
  ---
  duration_ms: 21.076542
  type: 'test'
  ...
# Subtest: production-shaped process loss retains ledger, Summary, and Assessment before terminal failure
ok 59 - production-shaped process loss retains ledger, Summary, and Assessment before terminal failure
  ---
  duration_ms: 249.277958
  type: 'test'
  ...
# Subtest: release schema rejects declarative pass records without raw identities and measurements
ok 60 - release schema rejects declarative pass records without raw identities and measurements
  ---
  duration_ms: 49.449083
  type: 'test'
  ...
# Subtest: candidate history retains selected and unsuccessful improvement lanes by exact digest
ok 61 - candidate history retains selected and unsuccessful improvement lanes by exact digest
  ---
  duration_ms: 10.151417
  type: 'test'
  ...
# Subtest: release workflow qualifies before creating a tag and has no tag trigger
ok 62 - release workflow qualifies before creating a tag and has no tag trigger
  ---
  duration_ms: 1.129792
  type: 'test'
  ...
# Subtest: the non-root preflight identifies execute-only sudo without reading it
ok 63 - the non-root preflight identifies execute-only sudo without reading it
  ---
  duration_ms: 32.64475
  type: 'test'
  ...
# Subtest: repository-owned baseline rejects wrong digest and semantic identities
ok 64 - repository-owned baseline rejects wrong digest and semantic identities
  ---
  duration_ms: 26.591959
  type: 'test'
  ...
# Subtest: English v2 authority replaces invalid final v1 files without changing the trust boundary
ok 65 - English v2 authority replaces invalid final v1 files without changing the trust boundary
  ---
  duration_ms: 6.546792
  type: 'test'
  ...
# Subtest: checked-in corpus and baseline require 49 unique one-to-one identities
ok 66 - checked-in corpus and baseline require 49 unique one-to-one identities
  ---
  duration_ms: 0.972958
  type: 'test'
  ...
# Subtest: production corpus validator covers the English-v2 manifest shape and rejects duplicate identities
ok 67 - production corpus validator covers the English-v2 manifest shape and rejects duplicate identities
  ---
  duration_ms: 132.919208
  type: 'test'
  ...
# Subtest: English v2 authority rejects changed immutable source bytes
ok 68 - English v2 authority rejects changed immutable source bytes
  ---
  duration_ms: 8.288916
  type: 'test'
  ...
# Subtest: English v2 reproduction rejects changed generated authority when five other outputs match
ok 69 - English v2 reproduction rejects changed generated authority when five other outputs match
  ---
  duration_ms: 17.021084
  type: 'test'
  ...
# Subtest: normalization fixtures are exact
ok 70 - normalization fixtures are exact
  ---
  duration_ms: 4.127708
  type: 'test'
  ...
# Subtest: Chinese CER normalizes Traditional and Simplified symmetrically
ok 71 - Chinese CER normalizes Traditional and Simplified symmetrically
  ---
  duration_ms: 0.406125
  type: 'test'
  ...
# Subtest: canonical dictionary pipeline matches pinned OpenCC twp-to-cn
ok 72 - canonical dictionary pipeline matches pinned OpenCC twp-to-cn
  ---
  duration_ms: 6.953292
  type: 'test'
  ...
1..72
# tests 79
# suites 0
# pass 79
# fail 0
# cancelled 0
# skipped 0
# todo 0
# duration_ms 5581.396958
