$ node --test tests/release/trusted-baseline.test.mjs
TAP version 13
# Subtest: repository-owned baseline rejects wrong digest and semantic identities
ok 1 - repository-owned baseline rejects wrong digest and semantic identities
  ---
  duration_ms: 11.77475
  type: 'test'
  ...
# Subtest: English v2 authority replaces invalid final v1 files without changing the trust boundary
ok 2 - English v2 authority replaces invalid final v1 files without changing the trust boundary
  ---
  duration_ms: 4.547375
  type: 'test'
  ...
# Subtest: checked-in corpus and baseline require 49 unique one-to-one identities
ok 3 - checked-in corpus and baseline require 49 unique one-to-one identities
  ---
  duration_ms: 0.874167
  type: 'test'
  ...
# Subtest: production corpus validator covers the English-v2 manifest shape and rejects duplicate identities
ok 4 - production corpus validator covers the English-v2 manifest shape and rejects duplicate identities
  ---
  duration_ms: 89.938125
  type: 'test'
  ...
# Subtest: English v2 authority rejects changed immutable source bytes
ok 5 - English v2 authority rejects changed immutable source bytes
  ---
  duration_ms: 5.441041
  type: 'test'
  ...
# Subtest: English v2 reproduction rejects changed generated authority when five other outputs match
ok 6 - English v2 reproduction rejects changed generated authority when five other outputs match
  ---
  duration_ms: 5.239917
  type: 'test'
  ...
1..6
# tests 6
# suites 0
# pass 6
# fail 0
# cancelled 0
# skipped 0
# todo 0
# duration_ms 185.809
