TAP version 13
# Subtest: both real host builders load their production module contracts
ok 1 - both real host builders load their production module contracts
  ---
  duration_ms: 271.553917
  type: 'test'
  ...
# Subtest: complete current host manifests have exactly one construction owner
ok 2 - complete current host manifests have exactly one construction owner
  ---
  duration_ms: 11.309459
  type: 'test'
  ...
# Subtest: real host extraction reports the logical archive root
ok 3 - real host extraction reports the logical archive root
  ---
  duration_ms: 5894.111416
  type: 'test'
  ...
1..3
# tests 3
# suites 0
# pass 3
# fail 0
# cancelled 0
# skipped 0
# todo 0
# duration_ms 6268.869792

real	0m6.308s
user	0m3.288s
sys	0m2.960s
