
> @autobyteus/voice-input-runtime@1.0.0 check
> npm run check:js && npm run check:python && npm run check:go && npm run check:evidence && npm test


> @autobyteus/voice-input-runtime@1.0.0 check:js
> node tooling/check-source.mjs


> @autobyteus/voice-input-runtime@1.0.0 check:python
> python3 -m unittest discover -s tests/providers -p '*_test.py' && python3 -m compileall -q providers

.......
----------------------------------------------------------------------
Ran 7 tests in 0.054s

OK

> @autobyteus/voice-input-runtime@1.0.0 check:go
> node tooling/check-go.mjs

?   	github.com/AutoByteus/autobyteus-voice-runtime/contracts/catalog	[no test files]
?   	github.com/AutoByteus/autobyteus-voice-runtime/contracts/host	[no test files]
?   	github.com/AutoByteus/autobyteus-voice-runtime/contracts/install	[no test files]
?   	github.com/AutoByteus/autobyteus-voice-runtime/contracts/model	[no test files]
ok  	github.com/AutoByteus/autobyteus-voice-runtime/hostverify	(cached)
?   	github.com/AutoByteus/autobyteus-voice-runtime/integrity	[no test files]
?   	github.com/AutoByteus/autobyteus-voice-runtime/internal/contractjson	[no test files]
?   	github.com/AutoByteus/autobyteus-voice-runtime/launcher/cmd/voice-provider-launcher	[no test files]
ok  	github.com/AutoByteus/autobyteus-voice-runtime/launcher/internal	(cached)
?   	github.com/AutoByteus/autobyteus-voice-runtime/launcher/internal/embeddedplan	[no test files]
?   	github.com/AutoByteus/autobyteus-voice-runtime/modelmanager/cmd/voice-model-manager	[no test files]
ok  	github.com/AutoByteus/autobyteus-voice-runtime/modelmanager/internal	(cached)
ok  	github.com/AutoByteus/autobyteus-voice-runtime/modelstore	(cached)
ok  	github.com/AutoByteus/autobyteus-voice-runtime/packaging/archive	(cached)
?   	github.com/AutoByteus/autobyteus-voice-runtime/packaging/cmd/runtime-host-tool	[no test files]

> @autobyteus/voice-input-runtime@1.0.0 check:evidence
> node tooling/verify-english-preservation.mjs && node tooling/verify-chinese-qualification.mjs

English preservation v2 authority reproduced byte-identically.
Chinese v2 scoring/trust and Profile Resource Policy verified.

> @autobyteus/voice-input-runtime@1.0.0 test
> node --test tests/**/*.test.mjs

TAP version 13
# Subtest: byte framing accepts every split and coalesced canonical records
ok 1 - byte framing accepts every split and coalesced canonical records
  ---
  duration_ms: 12.804833
  type: 'test'
  ...
# Subtest: invalid, oversized, noncanonical, and truncated prefixed lines fail
ok 2 - invalid, oversized, noncanonical, and truncated prefixed lines fail
  ---
  duration_ms: 1.024833
  type: 'test'
  ...
# Subtest: worker duration and qualification receipt clocks remain separate
ok 3 - worker duration and qualification receipt clocks remain separate
  ---
  duration_ms: 0.121708
  type: 'test'
  ...
# Subtest: diagnostic receipt time is captured at LF consumption
ok 4 - diagnostic receipt time is captured at LF consumption
  ---
  duration_ms: 0.247042
  type: 'test'
  ...
# Subtest: closed RSS windows retain contained, crossings, touching, and shared samples
ok 5 - closed RSS windows retain contained, crossings, touching, and shared samples
  ---
  duration_ms: 0.973667
  type: 'test'
  ...
# Subtest: invalid windows, ordering, and worker regression fail closed
ok 6 - invalid windows, ordering, and worker regression fail closed
  ---
  duration_ms: 0.391333
  type: 'test'
  ...
# Subtest: failed partial preparation is retained and unrelated stderr is redacted
ok 7 - failed partial preparation is retained and unrelated stderr is redacted
  ---
  duration_ms: 0.359542
  type: 'test'
  ...
# Subtest: successful preparation with no RSS coverage fails durable evidence
ok 8 - successful preparation with no RSS coverage fails durable evidence
  ---
  duration_ms: 0.734792
  type: 'test'
  ...
# Subtest: written evidence revalidates and recomputes
ok 9 - written evidence revalidates and recomputes
  ---
  duration_ms: 10.592708
  type: 'test'
  ...
# Subtest: session follows ready, request, and bounded shutdown
ok 10 - session follows ready, request, and bounded shutdown
  ---
  duration_ms: 2.576875
  type: 'test'
  ...
# Subtest: malformed protocol terminally fails and awaits termination
ok 11 - malformed protocol terminally fails and awaits termination
  ---
  duration_ms: 0.477125
  type: 'test'
  ...
# Subtest: hello timeout terminally fails and awaits termination
ok 12 - hello timeout terminally fails and awaits termination
  ---
  duration_ms: 19.7665
  type: 'test'
  ...
# Subtest: write failure terminally fails without replay
ok 13 - write failure terminally fails without replay
  ---
  duration_ms: 1.879875
  type: 'test'
  ...
# Subtest: terminal failure escalates once when graceful termination is ignored
ok 14 - terminal failure escalates once when graceful termination is ignored
  ---
  duration_ms: 20.85975
  type: 'test'
  ...
# Subtest: statefully decodes UTF-8 and line delimiters split at every byte
ok 15 - statefully decodes UTF-8 and line delimiters split at every byte
  ---
  duration_ms: 3.5815
  type: 'test'
  ...
# Subtest: truncated UTF-8 on stdout termination fails the session
ok 16 - truncated UTF-8 on stdout termination fails the session
  ---
  duration_ms: 0.314333
  type: 'test'
  ...
# Subtest: session forwards exact raw stderr chunks without interpreting framing
ok 17 - session forwards exact raw stderr chunks without interpreting framing
  ---
  duration_ms: 0.508125
  type: 'test'
  ...
# Subtest: CommonCrypto streaming digest matches exact boundary payloads
ok 18 - CommonCrypto streaming digest matches exact boundary payloads
  ---
  duration_ms: 5888.48575
  type: 'test'
  ...
# Subtest: integrity owner is bounded, Apple-only, and classifies failures
ok 19 - integrity owner is bounded, Apple-only, and classifies failures
  ---
  duration_ms: 299.747333
  type: 'test'
  ...
# Subtest: preparation emitter writes exact private canonical lines
ok 20 - preparation emitter writes exact private canonical lines
  ---
  duration_ms: 244.073292
  type: 'test'
  ...
# Subtest: complete production Chinese worker translation set compiles with locked Apple inputs
ok 21 - complete production Chinese worker translation set compiles with locked Apple inputs
  ---
  duration_ms: 9073.256167
  type: 'test'
  ...
# Subtest: cleanup removes a verified read-only package tree
ok 22 - cleanup removes a verified read-only package tree
  ---
  duration_ms: 17.889375
  type: 'test'
  ...
# Subtest: both real host builders load their production module contracts
ok 23 - both real host builders load their production module contracts
  ---
  duration_ms: 519.711666
  type: 'test'
  ...
# Subtest: complete current host manifests have exactly one construction owner
ok 24 - complete current host manifests have exactly one construction owner
  ---
  duration_ms: 17.056625
  type: 'test'
  ...
# Subtest: real host extraction reports the logical archive root
ok 25 - real host extraction reports the logical archive root
  ---
  duration_ms: 6670.378167
  type: 'test'
  ...
# Subtest: Host Source Closure 1 binds exact repository and hosted tool subjects
ok 26 - Host Source Closure 1 binds exact repository and hosted tool subjects
  ---
  duration_ms: 164.721958
  type: 'test'
  ...
# Subtest: internal target mapping covers every supported Node and Go tuple
ok 27 - internal target mapping covers every supported Node and Go tuple
  ---
  duration_ms: 1.153417
  type: 'test'
  ...
# Subtest: every supported Go root manifest is bound to its locked archive
ok 28 - every supported Go root manifest is bound to its locked archive
  ---
  duration_ms: 89.801834
  type: 'test'
  ...
# Subtest: version-preserving fake Go compiler is rejected by exact bytes
ok 29 - version-preserving fake Go compiler is rejected by exact bytes
  ---
  duration_ms: 9.050959
  type: 'test'
  ...
# Subtest: official locked Go front binary without its sibling root is rejected
ok 30 - official locked Go front binary without its sibling root is rejected
  ---
  duration_ms: 97.15875
  type: 'test'
  ...
# Subtest: exact Go front binary is rejected when a sibling tool is missing
ok 31 - exact Go front binary is rejected when a sibling tool is missing
  ---
  duration_ms: 25.163666
  type: 'test'
  ...
# Subtest: exact Go front binary is rejected when a sibling tool is modified
ok 32 - exact Go front binary is rejected when a sibling tool is modified
  ---
  duration_ms: 17.091708
  type: 'test'
  ...
# Subtest: inherited alternate GOROOT is rejected before Go execution
ok 33 - inherited alternate GOROOT is rejected before Go execution
  ---
  duration_ms: 9.248083
  type: 'test'
  ...
# Subtest: inherited GOCACHEPROG is rejected before verified Go invocation
ok 34 - inherited GOCACHEPROG is rejected before verified Go invocation
  ---
  duration_ms: 111.136291
  type: 'test'
  ...
# Subtest: locked native source rejects a modified tree at the same commit
ok 35 - locked native source rejects a modified tree at the same commit
  ---
  duration_ms: 697.905583
  type: 'test'
  ...
# Subtest: wheelhouse rejects target wheel bytes changed without a version change
ok 36 - wheelhouse rejects target wheel bytes changed without a version change
  ---
  duration_ms: 3.874667
  type: 'test'
  ...
# Subtest: the exact locked topology becomes a closed relocatable reproducible tree
ok 37 - the exact locked topology becomes a closed relocatable reproducible tree
  ---
  duration_ms: 173.608792
  type: 'test'
  ...
# Subtest: unsafe, incomplete, and unexpected archive entries fail closed
    # Subtest: absolute link
    ok 1 - absolute link
      ---
      duration_ms: 26.889625
      type: 'test'
      ...
    # Subtest: escaping link
    ok 2 - escaping link
      ---
      duration_ms: 30.141792
      type: 'test'
      ...
    # Subtest: dangling link
    ok 3 - dangling link
      ---
      duration_ms: 30.359917
      type: 'test'
      ...
    # Subtest: cyclic link
    ok 4 - cyclic link
      ---
      duration_ms: 46.458833
      type: 'test'
      ...
    # Subtest: unexpected link
    ok 5 - unexpected link
      ---
      duration_ms: 28.193542
      type: 'test'
      ...
    # Subtest: missing approved link
    ok 6 - missing approved link
      ---
      duration_ms: 16.761416
      type: 'test'
      ...
    # Subtest: special entry
    ok 7 - special entry
      ---
      duration_ms: 53.7225
      type: 'test'
      ...
    1..7
ok 38 - unsafe, incomplete, and unexpected archive entries fail closed
  ---
  duration_ms: 236.028292
  type: 'test'
  ...
# Subtest: Python closure excludes dependency tests and development headers coherently
ok 39 - Python closure excludes dependency tests and development headers coherently
  ---
  duration_ms: 51.217875
  type: 'test'
  ...
# Subtest: the complete observed staged manifest passes the canonical Go validator after closure
ok 40 - the complete observed staged manifest passes the canonical Go validator after closure
  ---
  duration_ms: 5250.222875
  type: 'test'
  ...
# Subtest: host reproducibility requires whole-archive and complete report equality
ok 41 - host reproducibility requires whole-archive and complete report equality
  ---
  duration_ms: 350.060583
  type: 'test'
  ...
# Subtest: the exact Xcode clang++ alias links C++ while its identical clang target does not
ok 42 - the exact Xcode clang++ alias links C++ while its identical clang target does not
  ---
  duration_ms: 3042.97175
  type: 'test'
  ...
# Subtest: the clang++ alias rejects target, byte, topology, and directory drift
ok 43 - the clang++ alias rejects target, byte, topology, and directory drift
  ---
  duration_ms: 165.053542
  type: 'test'
  ...
# Subtest: native build overrides are rejected case-insensitively before use
ok 44 - native build overrides are rejected case-insensitively before use
  ---
  duration_ms: 0.8445
  type: 'test'
  ...
# Subtest: the production environment owner accepts the preflight CMake symlink
ok 45 - the production environment owner accepts the preflight CMake symlink
  ---
  duration_ms: 545.931375
  type: 'test'
  ...
# Subtest: the Xcode ranlib alias retains invocation semantics and authenticated topology
ok 46 - the Xcode ranlib alias retains invocation semantics and authenticated topology
  ---
  duration_ms: 384.641458
  type: 'test'
  ...
# Subtest: the canonical sandboxed package entry consumes outside-authorized preflight without sudo spawn
ok 47 - the canonical sandboxed package entry consumes outside-authorized preflight without sudo spawn
  ---
  duration_ms: 881.540292
  type: 'test'
  ...
# Subtest: the trusted PATH is closed and rechecks every selected tool
ok 48 - the trusted PATH is closed and rechecks every selected tool
  ---
  duration_ms: 91.5565
  type: 'test'
  ...
# Subtest: trusted executable bytes and explicit CMake configuration are bound
ok 49 - trusted executable bytes and explicit CMake configuration are bound
  ---
  duration_ms: 2.793625
  type: 'test'
  ...
# Subtest: resolved CMake selection must match the bound environment
ok 50 - resolved CMake selection must match the bound environment
  ---
  duration_ms: 4.332167
  type: 'test'
  ...
# Subtest: the locked Metal sed pipeline runs through only the authenticated closed PATH
ok 51 - the locked Metal sed pipeline runs through only the authenticated closed PATH
  ---
  duration_ms: 780.097333
  type: 'test'
  ...
# Subtest: all public schemas compile strictly
ok 52 - all public schemas compile strictly
  ---
  duration_ms: 262.564292
  type: 'test'
  ...
# Subtest: current matrix, model authorities, and launcher plan obey target schemas
ok 53 - current matrix, model authorities, and launcher plan obey target schemas
  ---
  duration_ms: 75.837666
  type: 'test'
  ...
# Subtest: installation event variants reject cross-operation fields
ok 54 - installation event variants reject cross-operation fields
  ---
  duration_ms: 19.0485
  type: 'test'
  ...
# Subtest: Build Input path policy accepts the exact current Chinese source path set
ok 55 - Build Input path policy accepts the exact current Chinese source path set
  ---
  duration_ms: 15.815167
  type: 'test'
  ...
# Subtest: Build Input path policy rejects aliases, unsafe syntax, and collisions
ok 56 - Build Input path policy rejects aliases, unsafe syntax, and collisions
  ---
  duration_ms: 0.559333
  type: 'test'
  ...
# Subtest: aggregate verifier accepts the exact retained API-REV-016 Chinese manifest
ok 57 - aggregate verifier accepts the exact retained API-REV-016 Chinese manifest
  ---
  duration_ms: 17.225833
  type: 'test'
  ...
# Subtest: aggregate verifier retains canonical unsafe-path and record rejection
ok 58 - aggregate verifier retains canonical unsafe-path and record rejection
  ---
  duration_ms: 0.358708
  type: 'test'
  ...
# Subtest: package verification rejects an unsafe Build Input manifest record
ok 59 - package verification rejects an unsafe Build Input manifest record
  ---
  duration_ms: 3.646166
  type: 'test'
  ...
# Subtest: materialized current Chinese routing paths pass the package verifier unchanged
ok 60 - materialized current Chinese routing paths pass the package verifier unchanged
  ---
  duration_ms: 1233.282292
  type: 'test'
  ...
# Subtest: Catalog 4 binds exact admitted host/model compatibility pairs
ok 61 - Catalog 4 binds exact admitted host/model compatibility pairs
  ---
  duration_ms: 357.510583
  type: 'test'
  ...
# Subtest: the captured healthy pmset thermal state is normal
ok 62 - the captured healthy pmset thermal state is normal
  ---
  duration_ms: 3.992166
  type: 'test'
  ...
# Subtest: an affirmative thermal or performance warning is rejected
ok 63 - an affirmative thermal or performance warning is rejected
  ---
  duration_ms: 0.914459
  type: 'test'
  ...
# Subtest: unrecognized or malformed thermal state is rejected
ok 64 - unrecognized or malformed thermal state is rejected
  ---
  duration_ms: 0.101209
  type: 'test'
  ...
# Subtest: host construction truthfully retains first-profile and pre-build failures
ok 65 - host construction truthfully retains first-profile and pre-build failures
  ---
  duration_ms: 315.886708
  type: 'test'
  ...
# Subtest: the release contract contains exactly two hosts, two locators, four metadata assets, and checksums
ok 66 - the release contract contains exactly two hosts, two locators, four metadata assets, and checksums
  ---
  duration_ms: 0.909042
  type: 'test'
  ...
# Subtest: one standard-hosted job builds hosts without model or product execution
ok 67 - one standard-hosted job builds hosts without model or product execution
  ---
  duration_ms: 7.311708
  type: 'test'
  ...
# Subtest: managed recovery and combined-package entrypoints are absent
ok 68 - managed recovery and combined-package entrypoints are absent
  ---
  duration_ms: 1.675083
  type: 'test'
  ...
# Subtest: maintained-main proof rejects descendants and accepts equality or integration
ok 69 - maintained-main proof rejects descendants and accepts equality or integration
  ---
  duration_ms: 817.015209
  type: 'test'
  ...
# Subtest: the prepublication seal closes exactly eight prior assets plus checksums
ok 70 - the prepublication seal closes exactly eight prior assets plus checksums
  ---
  duration_ms: 108.760542
  type: 'test'
  ...
# Subtest: release admission reopens and cross-binds every focused authority
ok 71 - release admission reopens and cross-binds every focused authority
  ---
  duration_ms: 508.810792
  type: 'test'
  ...
# Subtest: Relevant Source Closure 2 classifies every governed path at its strictest impact
ok 72 - Relevant Source Closure 2 classifies every governed path at its strictest impact
  ---
  duration_ms: 4.570833
  type: 'test'
  ...
# Subtest: complete A/M/D/R inventory classifies both rename subjects and only safe release transitions reuse
ok 73 - complete A/M/D/R inventory classifies both rename subjects and only safe release transitions reuse
  ---
  duration_ms: 393.651916
  type: 'test'
  ...
# Subtest: the non-root preflight identifies execute-only sudo without reading it
ok 74 - the non-root preflight identifies execute-only sudo without reading it
  ---
  duration_ms: 42.966834
  type: 'test'
  ...
# Subtest: repository-owned baseline rejects wrong digest and semantic identities
ok 75 - repository-owned baseline rejects wrong digest and semantic identities
  ---
  duration_ms: 32.569291
  type: 'test'
  ...
# Subtest: English v2 authority replaces invalid final v1 files without changing the trust boundary
ok 76 - English v2 authority replaces invalid final v1 files without changing the trust boundary
  ---
  duration_ms: 14.0175
  type: 'test'
  ...
# Subtest: Chinese v2 trust is scoring-bound and active v1 cannot participate
ok 77 - Chinese v2 trust is scoring-bound and active v1 cannot participate
  ---
  duration_ms: 29.656125
  type: 'test'
  ...
# Subtest: checked-in corpus and baseline require 49 unique one-to-one identities
ok 78 - checked-in corpus and baseline require 49 unique one-to-one identities
  ---
  duration_ms: 2.012875
  type: 'test'
  ...
# Subtest: production corpus validator covers the English-v2 manifest shape and rejects duplicate identities
ok 79 - production corpus validator covers the English-v2 manifest shape and rejects duplicate identities
  ---
  duration_ms: 145.828833
  type: 'test'
  ...
# Subtest: English v2 authority rejects changed immutable source bytes
ok 80 - English v2 authority rejects changed immutable source bytes
  ---
  duration_ms: 9.961542
  type: 'test'
  ...
# Subtest: English v2 reproduction rejects changed generated authority when five other outputs match
ok 81 - English v2 reproduction rejects changed generated authority when five other outputs match
  ---
  duration_ms: 27.964667
  type: 'test'
  ...
# Subtest: frozen Chinese scorer reproduces all 200 rows and 343/6580
ok 82 - frozen Chinese scorer reproduces all 200 rows and 343/6580
  ---
  duration_ms: 22.738667
  type: 'test'
  ...
# Subtest: Chinese scoring authority binds exact contract/map and excludes product punctuation
ok 83 - Chinese scoring authority binds exact contract/map and excludes product punctuation
  ---
  duration_ms: 8.5285
  type: 'test'
  ...
# Subtest: retained API-REV-014 raw text re-scores to exact 342/6580
ok 84 - retained API-REV-014 raw text re-scores to exact 342/6580
  ---
  duration_ms: 13.390292
  type: 'test'
  ...
# Subtest: normalization fixtures are exact
ok 85 - normalization fixtures are exact
  ---
  duration_ms: 6.309292
  type: 'test'
  ...
# Subtest: Chinese qualification CER is separate and symmetric
ok 86 - Chinese qualification CER is separate and symmetric
  ---
  duration_ms: 0.551208
  type: 'test'
  ...
# Subtest: canonical dictionary pipeline matches pinned OpenCC twp-to-cn
ok 87 - canonical dictionary pipeline matches pinned OpenCC twp-to-cn
  ---
  duration_ms: 8.71075
  type: 'test'
  ...
1..87
# tests 94
# suites 0
# pass 94
# fail 0
# cancelled 0
# skipped 0
# todo 0
# duration_ms 9161.017792

real	0m16.144s
user	0m27.871s
sys	0m14.855s
